Component: ARM Compiler 5.06 update 7 (build 960) Tool: armlink [4d3601]

==============================================================================

Section Cross References

    startup_stm32f429xx.o(RESET) refers to startup_stm32f429xx.o(STACK) for __initial_sp
    startup_stm32f429xx.o(RESET) refers to startup_stm32f429xx.o(.text) for Reset_Handler
    startup_stm32f429xx.o(RESET) refers to stm32f4xx_it.o(i.NMI_Handler) for NMI_Handler
    startup_stm32f429xx.o(RESET) refers to stm32f4xx_it.o(i.HardFault_Handler) for HardFault_Handler
    startup_stm32f429xx.o(RESET) refers to stm32f4xx_it.o(i.MemManage_Handler) for MemManage_Handler
    startup_stm32f429xx.o(RESET) refers to stm32f4xx_it.o(i.BusFault_Handler) for BusFault_Handler
    startup_stm32f429xx.o(RESET) refers to stm32f4xx_it.o(i.UsageFault_Handler) for UsageFault_Handler
    startup_stm32f429xx.o(RESET) refers to port.o(.emb_text) for SVC_Handler
    startup_stm32f429xx.o(RESET) refers to stm32f4xx_it.o(i.DebugMon_Handler) for DebugMon_Handler
    startup_stm32f429xx.o(RESET) refers to cmsis_os2.o(i.SysTick_Handler) for SysTick_Handler
    startup_stm32f429xx.o(RESET) refers to stm32f4xx_it.o(i.SDIO_IRQHandler) for SDIO_IRQHandler
    startup_stm32f429xx.o(RESET) refers to stm32f4xx_it.o(i.TIM6_DAC_IRQHandler) for TIM6_DAC_IRQHandler
    startup_stm32f429xx.o(RESET) refers to stm32f4xx_it.o(i.DMA2_Stream3_IRQHandler) for DMA2_Stream3_IRQHandler
    startup_stm32f429xx.o(RESET) refers to stm32f4xx_it.o(i.DMA2_Stream6_IRQHandler) for DMA2_Stream6_IRQHandler
    startup_stm32f429xx.o(.text) refers to system_stm32f4xx.o(i.SystemInit) for SystemInit
    startup_stm32f429xx.o(.text) refers to entry.o(.ARM.Collect$$$$00000000) for __main
    main.o(i.HAL_TIM_PeriodElapsedCallback) refers to stm32f4xx_hal.o(i.HAL_IncTick) for HAL_IncTick
    main.o(i.SystemClock_Config) refers to memseta.o(.text) for __aeabi_memclr4
    main.o(i.SystemClock_Config) refers to stm32f4xx_hal_rcc.o(i.HAL_RCC_OscConfig) for HAL_RCC_OscConfig
    main.o(i.SystemClock_Config) refers to main.o(i.Error_Handler) for Error_Handler
    main.o(i.SystemClock_Config) refers to stm32f4xx_hal_pwr_ex.o(i.HAL_PWREx_EnableOverDrive) for HAL_PWREx_EnableOverDrive
    main.o(i.SystemClock_Config) refers to stm32f4xx_hal_rcc.o(i.HAL_RCC_ClockConfig) for HAL_RCC_ClockConfig
    main.o(i.main) refers to stm32f4xx_hal.o(i.HAL_Init) for HAL_Init
    main.o(i.main) refers to main.o(i.SystemClock_Config) for SystemClock_Config
    main.o(i.main) refers to gpio.o(i.MX_GPIO_Init) for MX_GPIO_Init
    main.o(i.main) refers to dma.o(i.MX_DMA_Init) for MX_DMA_Init
    main.o(i.main) refers to usart.o(i.MX_USART1_UART_Init) for MX_USART1_UART_Init
    main.o(i.main) refers to fmc.o(i.MX_FMC_Init) for MX_FMC_Init
    main.o(i.main) refers to sdio.o(i.MX_SDIO_SD_Init) for MX_SDIO_SD_Init
    main.o(i.main) refers to fatfs.o(i.MX_FATFS_Init) for MX_FATFS_Init
    main.o(i.main) refers to ltdc.o(i.MX_LTDC_Init) for MX_LTDC_Init
    main.o(i.main) refers to dma2d.o(i.MX_DMA2D_Init) for MX_DMA2D_Init
    main.o(i.main) refers to int_lcd.o(i.LCD_Test_Color) for LCD_Test_Color
    main.o(i.main) refers to cmsis_os2.o(i.osKernelInitialize) for osKernelInitialize
    main.o(i.main) refers to freertos.o(i.MX_FREERTOS_Init) for MX_FREERTOS_Init
    main.o(i.main) refers to cmsis_os2.o(i.osKernelStart) for osKernelStart
    gpio.o(i.MX_GPIO_Init) refers to memseta.o(.text) for __aeabi_memclr4
    gpio.o(i.MX_GPIO_Init) refers to stm32f4xx_hal_gpio.o(i.HAL_GPIO_WritePin) for HAL_GPIO_WritePin
    gpio.o(i.MX_GPIO_Init) refers to stm32f4xx_hal_gpio.o(i.HAL_GPIO_Init) for HAL_GPIO_Init
    freertos.o(i.MX_FREERTOS_Init) refers to cmsis_os2.o(i.osThreadNew) for osThreadNew
    freertos.o(i.MX_FREERTOS_Init) refers to freertos.o(.constdata) for defaultTask_attributes
    freertos.o(i.MX_FREERTOS_Init) refers to freertos.o(i.StartDefaultTask) for StartDefaultTask
    freertos.o(i.MX_FREERTOS_Init) refers to freertos.o(.data) for defaultTaskHandle
    freertos.o(i.MX_FREERTOS_Init) refers to task_heartbeat_led.o(i.Task_Heartbeat_Led) for Task_Heartbeat_Led
    freertos.o(i.MX_FREERTOS_Init) refers to task_peripheral_init.o(i.Task_Peripheral_Init) for Task_Peripheral_Init
    freertos.o(i.StartDefaultTask) refers to strrchr.o(.text) for strrchr
    freertos.o(i.StartDefaultTask) refers to printf4.o(i.__0printf$4) for __2printf
    freertos.o(i.StartDefaultTask) refers to cmsis_os2.o(i.osDelay) for osDelay
    freertos.o(i.Task_Heartbeat_Led) refers to cmsis_os2.o(i.osDelay) for osDelay
    freertos.o(i.Task_Peripheral_Init) refers to cmsis_os2.o(i.osDelay) for osDelay
    freertos.o(.constdata) refers to freertos.o(.conststring) for .conststring
    dma.o(i.MX_DMA_Init) refers to stm32f4xx_hal_cortex.o(i.HAL_NVIC_SetPriority) for HAL_NVIC_SetPriority
    dma.o(i.MX_DMA_Init) refers to stm32f4xx_hal_cortex.o(i.HAL_NVIC_EnableIRQ) for HAL_NVIC_EnableIRQ
[...]
    _printf_charcount                        0x00000000   Number         0  stubs.o ABSOLUTE
    _printf_d                                0x00000000   Number         0  stubs.o ABSOLUTE
    _printf_e                                0x00000000   Number         0  stubs.o ABSOLUTE
    _printf_f                                0x00000000   Number         0  stubs.o ABSOLUTE
    _printf_flags                            0x00000000   Number         0  stubs.o ABSOLUTE
    _printf_fp_dec                           0x00000000   Number         0  stubs.o ABSOLUTE
    _printf_fp_hex                           0x00000000   Number         0  stubs.o ABSOLUTE
    _printf_g                                0x00000000   Number         0  stubs.o ABSOLUTE
    _printf_i                                0x00000000   Number         0  stubs.o ABSOLUTE
    _printf_int_dec                          0x00000000   Number         0  stubs.o ABSOLUTE
    _printf_l                                0x00000000   Number         0  stubs.o ABSOLUTE
    _printf_lc                               0x00000000   Number         0  stubs.o ABSOLUTE
    _printf_ll                               0x00000000   Number         0  stubs.o ABSOLUTE
    _printf_lld                              0x00000000   Number         0  stubs.o ABSOLUTE
    _printf_lli                              0x00000000   Number         0  stubs.o ABSOLUTE
    _printf_llo                              0x00000000   Number         0  stubs.o ABSOLUTE
    _printf_llu                              0x00000000   Number         0  stubs.o ABSOLUTE
    _printf_llx                              0x00000000   Number         0  stubs.o ABSOLUTE
    _printf_longlong_dec                     0x00000000   Number         0  stubs.o ABSOLUTE
    _printf_longlong_hex                     0x00000000   Number         0  stubs.o ABSOLUTE
    _printf_longlong_oct                     0x00000000   Number         0  stubs.o ABSOLUTE
    _printf_ls                               0x00000000   Number         0  stubs.o ABSOLUTE
    _printf_mbtowc                           0x00000000   Number         0  stubs.o ABSOLUTE
    _printf_n                                0x00000000   Number         0  stubs.o ABSOLUTE
    _printf_o                                0x00000000   Number         0  stubs.o ABSOLUTE
    _printf_p                                0x00000000   Number         0  stubs.o ABSOLUTE
    _printf_percent                          0x00000000   Number         0  stubs.o ABSOLUTE
    _printf_pre_padding                      0x00000000   Number         0  stubs.o ABSOLUTE
    _printf_return_value                     0x00000000   Number         0  stubs.o ABSOLUTE
    _printf_s                                0x00000000   Number         0  stubs.o ABSOLUTE
    _printf_sizespec                         0x00000000   Number         0  stubs.o ABSOLUTE
    _printf_str                              0x00000000   Number         0  stubs.o ABSOLUTE
    _printf_truncate_signed                  0x00000000   Number         0  stubs.o ABSOLUTE
    _printf_truncate_unsigned                0x00000000   Number         0  stubs.o ABSOLUTE
    _printf_u                                0x00000000   Number         0  stubs.o ABSOLUTE
    _printf_wc                               0x00000000   Number         0  stubs.o ABSOLUTE
    _printf_wctomb                           0x00000000   Number         0  stubs.o ABSOLUTE
    _printf_widthprec                        0x00000000   Number         0  stubs.o ABSOLUTE
    _printf_x                                0x00000000   Number         0  stubs.o ABSOLUTE
    __arm_fini_                               - Undefined Weak Reference
    __cpp_initialize__aeabi_                  - Undefined Weak Reference
    __cxa_finalize                            - Undefined Weak Reference
    __decompress                              - Undefined Weak Reference
    _clock_init                               - Undefined Weak Reference
    _microlib_exit                            - Undefined Weak Reference
    __Vectors_Size                           0x000001ac   Number         0  startup_stm32f429xx.o ABSOLUTE
    __Vectors                                0x08000000   Data           4  startup_stm32f429xx.o(RESET)
    __Vectors_End                            0x080001ac   Data           0  startup_stm32f429xx.o(RESET)
    __main                                   0x080001ad   Thumb Code     0  entry.o(.ARM.Collect$$$$00000000)
    _main_stk                                0x080001ad   Thumb Code     0  entry2.o(.ARM.Collect$$$$00000001)
    _main_scatterload                        0x080001b1   Thumb Code     0  entry5.o(.ARM.Collect$$$$00000004)
    __main_after_scatterload                 0x080001b5   Thumb Code     0  entry5.o(.ARM.Collect$$$$00000004)
    _main_clock                              0x080001b5   Thumb Code     0  entry7b.o(.ARM.Collect$$$$00000008)
    _main_cpp_init                           0x080001b5   Thumb Code     0  entry8b.o(.ARM.Collect$$$$0000000A)
    _main_init                               0x080001b5   Thumb Code     0  entry9a.o(.ARM.Collect$$$$0000000B)
    __rt_lib_shutdown_fini                   0x080001bd   Thumb Code     0  entry12b.o(.ARM.Collect$$$$0000000E)
    __rt_final_cpp                           0x080001c1   Thumb Code     0  entry10a.o(.ARM.Collect$$$$0000000F)
    __rt_final_exit                          0x080001c1   Thumb Code     0  entry11a.o(.ARM.Collect$$$$00000011)
    SVC_Handler                              0x080001c5   Thumb Code    28  port.o(.emb_text)
    __asm___6_port_c_39a90d8d__prvStartFirstTask 0x080001e5   Thumb Code    36  port.o(.emb_text)
    __asm___6_port_c_39a90d8d__prvEnableVFP  0x0800020d   Thumb Code    16  port.o(.emb_text)
    PendSV_Handler                           0x08000221   Thumb Code    88  port.o(.emb_text)
    vPortGetIPSR                             0x0800027d   Thumb Code     6  port.o(.emb_text)
    Reset_Handler                            0x08000285   Thumb Code     8  startup_stm32f429xx.o(.text)
    ADC_IRQHandler                           0x0800029f   Thumb Code     0  startup_stm32f429xx.o(.text)
    CAN1_RX0_IRQHandler                      0x0800029f   Thumb Code     0  startup_stm32f429xx.o(.text)
    CAN1_RX1_IRQHandler                      0x0800029f   Thumb Code     0  startup_stm32f429xx.o(.text)
    CAN1_SCE_IRQHandler                      0x0800029f   Thumb Code     0  startup_stm32f429xx.o(.text)
    CAN1_TX_IRQHandler                       0x0800029f   Thumb Code     0  startup_stm32f429xx.o(.text)
    CAN2_RX0_IRQHandler                      0x0800029f   Thumb Code     0  startup_stm32f429xx.o(.text)
    CAN2_RX1_IRQHandler                      0x0800029f   Thumb Code     0  startup_stm32f429xx.o(.text)
    CAN2_SCE_IRQHandler                      0x0800029f   Thumb Code     0  startup_stm32f429xx.o(.text)
    CAN2_TX_IRQHandler                       0x0800029f   Thumb Code     0  startup_stm32f429xx.o(.text)
    DCMI_IRQHandler                          0x0800029f   Thumb Code     0  startup_stm32f429xx.o(.text)
    DMA1_Stream0_IRQHandler                  0x0800029f   Thumb Code     0  startup_stm32f429xx.o(.text)
    DMA1_Stream1_IRQHandler                  0x0800029f   Thumb Code     0  startup_stm32f429xx.o(.text)
    DMA1_Stream2_IRQHandler                  0x0800029f   Thumb Code     0  startup_stm32f429xx.o(.text)
    DMA1_Stream3_IRQHandler                  0x0800029f   Thumb Code     0  startup_stm32f429xx.o(.text)
    DMA1_Stream4_IRQHandler                  0x0800029f   Thumb Code     0  startup_stm32f429xx.o(.text)
    DMA1_Stream5_IRQHandler                  0x0800029f   Thumb Code     0  startup_stm32f429xx.o(.text)
    DMA1_Stream6_IRQHandler                  0x0800029f   Thumb Code     0  startup_stm32f429xx.o(.text)
    DMA1_Stream7_IRQHandler                  0x0800029f   Thumb Code     0  startup_stm32f429xx.o(.text)
    DMA2D_IRQHandler                         0x0800029f   Thumb Code     0  startup_stm32f429xx.o(.text)
    DMA2_Stream0_IRQHandler                  0x0800029f   Thumb Code     0  startup_stm32f429xx.o(.text)
    DMA2_Stream1_IRQHandler                  0x0800029f   Thumb Code     0  startup_stm32f429xx.o(.text)
    DMA2_Stream2_IRQHandler                  0x0800029f   Thumb Code     0  startup_stm32f429xx.o(.text)
    DMA2_Stream4_IRQHandler                  0x0800029f   Thumb Code     0  startup_stm32f429xx.o(.text)
    DMA2_Stream5_IRQHandler                  0x0800029f   Thumb Code     0  startup_stm32f429xx.o(.text)
    DMA2_Stream7_IRQHandler                  0x0800029f   Thumb Code     0  startup_stm32f429xx.o(.text)
    ETH_IRQHandler                           0x0800029f   Thumb Code     0  startup_stm32f429xx.o(.text)
    ETH_WKUP_IRQHandler                      0x0800029f   Thumb Code     0  startup_stm32f429xx.o(.text)
    EXTI0_IRQHandler                         0x0800029f   Thumb Code     0  startup_stm32f429xx.o(.text)
    EXTI15_10_IRQHandler                     0x0800029f   Thumb Code     0  startup_stm32f429xx.o(.text)
    EXTI1_IRQHandler                         0x0800029f   Thumb Code     0  startup_stm32f429xx.o(.text)
    EXTI2_IRQHandler                         0x0800029f   Thumb Code     0  startup_stm32f429xx.o(.text)
    EXTI3_IRQHandler                         0x0800029f   Thumb Code     0  startup_stm32f429xx.o(.text)
    EXTI4_IRQHandler                         0x0800029f   Thumb Code     0  startup_stm32f429xx.o(.text)
    EXTI9_5_IRQHandler                       0x0800029f   Thumb Code     0  startup_stm32f429xx.o(.text)
    FLASH_IRQHandler                         0x0800029f   Thumb Code     0  startup_stm32f429xx.o(.text)
    FMC_IRQHandler                           0x0800029f   Thumb Code     0  startup_stm32f429xx.o(.text)
    FPU_IRQHandler                           0x0800029f   Thumb Code     0  startup_stm32f429xx.o(.text)
    HASH_RNG_IRQHandler                      0x0800029f   Thumb Code     0  startup_stm32f429xx.o(.text)
    I2C1_ER_IRQHandler                       0x0800029f   Thumb Code     0  startup_stm32f429xx.o(.text)
    I2C1_EV_IRQHandler                       0x0800029f   Thumb Code     0  startup_stm32f429xx.o(.text)
    I2C2_ER_IRQHandler                       0x0800029f   Thumb Code     0  startup_stm32f429xx.o(.text)
    I2C2_EV_IRQHandler                       0x0800029f   Thumb Code     0  startup_stm32f429xx.o(.text)
    I2C3_ER_IRQHandler                       0x0800029f   Thumb Code     0  startup_stm32f429xx.o(.text)
    I2C3_EV_IRQHandler                       0x0800029f   Thumb Code     0  startup_stm32f429xx.o(.text)
    LTDC_ER_IRQHandler                       0x0800029f   Thumb Code     0  startup_stm32f429xx.o(.text)
    LTDC_IRQHandler                          0x0800029f   Thumb Code     0  startup_stm32f429xx.o(.text)
    OTG_FS_IRQHandler                        0x0800029f   Thumb Code     0  startup_stm32f429xx.o(.text)
    OTG_FS_WKUP_IRQHandler                   0x0800029f   Thumb Code     0  startup_stm32f429xx.o(.text)
    OTG_HS_EP1_IN_IRQHandler                 0x0800029f   Thumb Code     0  startup_stm32f429xx.o(.text)
    OTG_HS_EP1_OUT_IRQHandler                0x0800029f   Thumb Code     0  startup_stm32f429xx.o(.text)
    OTG_HS_IRQHandler                        0x0800029f   Thumb Code     0  startup_stm32f429xx.o(.text)
    OTG_HS_WKUP_IRQHandler                   0x0800029f   Thumb Code     0  startup_stm32f429xx.o(.text)
    PVD_IRQHandler                           0x0800029f   Thumb Code     0  startup_stm32f429xx.o(.text)
    RCC_IRQHandler                           0x0800029f   Thumb Code     0  startup_stm32f429xx.o(.text)
    RTC_Alarm_IRQHandler                     0x0800029f   Thumb Code     0  startup_stm32f429xx.o(.text)
    RTC_WKUP_IRQHandler                      0x0800029f   Thumb Code     0  startup_stm32f429xx.o(.text)
    SAI1_IRQHandler                          0x0800029f   Thumb Code     0  startup_stm32f429xx.o(.text)
    SPI1_IRQHandler                          0x0800029f   Thumb Code     0  startup_stm32f429xx.o(.text)
    SPI2_IRQHandler                          0x0800029f   Thumb Code     0  startup_stm32f429xx.o(.text)
    SPI3_IRQHandler                          0x0800029f   Thumb Code     0  startup_stm32f429xx.o(.text)
    SPI4_IRQHandler                          0x0800029f   Thumb Code     0  startup_stm32f429xx.o(.text)
    SPI5_IRQHandler                          0x0800029f   Thumb Code     0  startup_stm32f429xx.o(.text)
    SPI6_IRQHandler                          0x0800029f   Thumb Code     0  startup_stm32f429xx.o(.text)
    TAMP_STAMP_IRQHandler                    0x0800029f   Thumb Code     0  startup_stm32f429xx.o(.text)
    TIM1_BRK_TIM9_IRQHandler                 0x0800029f   Thumb Code     0  startup_stm32f429xx.o(.text)
    TIM1_CC_IRQHandler                       0x0800029f   Thumb Code     0  startup_stm32f429xx.o(.text)
    TIM1_TRG_COM_TIM11_IRQHandler            0x0800029f   Thumb Code     0  startup_stm32f429xx.o(.text)
    TIM1_UP_TIM10_IRQHandler                 0x0800029f   Thumb Code     0  startup_stm32f429xx.o(.text)
    TIM2_IRQHandler                          0x0800029f   Thumb Code     0  startup_stm32f429xx.o(.text)
    TIM3_IRQHandler                          0x0800029f   Thumb Code     0  startup_stm32f429xx.o(.text)
    TIM4_IRQHandler                          0x0800029f   Thumb Code     0  startup_stm32f429xx.o(.text)
    TIM5_IRQHandler                          0x0800029f   Thumb Code     0  startup_stm32f429xx.o(.text)
    TIM7_IRQHandler                          0x0800029f   Thumb Code     0  startup_stm32f429xx.o(.text)
    TIM8_BRK_TIM12_IRQHandler                0x0800029f   Thumb Code     0  startup_stm32f429xx.o(.text)
    TIM8_CC_IRQHandler                       0x0800029f   Thumb Code     0  startup_stm32f429xx.o(.text)
    TIM8_TRG_COM_TIM14_IRQHandler            0x0800029f   Thumb Code     0  startup_stm32f429xx.o(.text)
    TIM8_UP_TIM13_IRQHandler                 0x0800029f   Thumb Code     0  startup_stm32f429xx.o(.text)
    UART4_IRQHandler                         0x0800029f   Thumb Code     0  startup_stm32f429xx.o(.text)
    UART5_IRQHandler                         0x0800029f   Thumb Code     0  startup_stm32f429xx.o(.text)
    UART7_IRQHandler                         0x0800029f   Thumb Code     0  startup_stm32f429xx.o(.text)
    UART8_IRQHandler                         0x0800029f   Thumb Code     0  startup_stm32f429xx.o(.text)
    USART1_IRQHandler                        0x0800029f   Thumb Code     0  startup_stm32f429xx.o(.text)
    USART2_IRQHandler                        0x0800029f   Thumb Code     0  startup_stm32f429xx.o(.text)
    USART3_IRQHandler                        0x0800029f   Thumb Code     0  startup_stm32f429xx.o(.text)
    USART6_IRQHandler                        0x0800029f   Thumb Code     0  startup_stm32f429xx.o(.text)
    WWDG_IRQHandler                          0x0800029f   Thumb Code     0  startup_stm32f429xx.o(.text)
    __aeabi_uldivmod                         0x080002a9   Thumb Code    98  uldiv.o(.text)
    __aeabi_memcpy                           0x0800030b   Thumb Code    36  memcpya.o(.text)
    __aeabi_memcpy4                          0x0800030b   Thumb Code     0  memcpya.o(.text)
    __aeabi_memcpy8                          0x0800030b   Thumb Code     0  memcpya.o(.text)
    __aeabi_memset                           0x0800032f   Thumb Code    14  memseta.o(.text)
    __aeabi_memset4                          0x0800032f   Thumb Code     0  memseta.o(.text)
    __aeabi_memset8                          0x0800032f   Thumb Code     0  memseta.o(.text)
    __aeabi_memclr                           0x0800033d   Thumb Code     4  memseta.o(.text)
    __aeabi_memclr4                          0x0800033d   Thumb Code     0  memseta.o(.text)
    __aeabi_memclr8                          0x0800033d   Thumb Code     0  memseta.o(.text)
    memset                                   0x08000341   Thumb Code    18  memseta.o(.text)
    strrchr                                  0x08000353   Thumb Code    22  strrchr.o(.text)
    __aeabi_llsl                             0x08000369   Thumb Code    30  llshl.o(.text)
    _ll_shift_l                              0x08000369   Thumb Code     0  llshl.o(.text)
    __aeabi_llsr                             0x08000387   Thumb Code    32  llushr.o(.text)
    _ll_ushift_r                             0x08000387   Thumb Code     0  llushr.o(.text)
    __scatterload                            0x080003a9   Thumb Code    28  init.o(.text)
    __scatterload_rt2                        0x080003a9   Thumb Code     0  init.o(.text)
    BSP_SD_AbortCallback                     0x080003cd   Thumb Code     2  bsp_driver_sd.o(i.BSP_SD_AbortCallback)
    BSP_SD_GetCardInfo                       0x080003d1   Thumb Code    14  bsp_driver_sd.o(i.BSP_SD_GetCardInfo)
    BSP_SD_GetCardState                      0x080003e5   Thumb Code    20  bsp_driver_sd.o(i.BSP_SD_GetCardState)
    BSP_SD_Init                              0x080003fd   Thumb Code    44  bsp_driver_sd.o(i.BSP_SD_Init)
    BSP_SD_IsDetected                        0x0800042d   Thumb Code    12  bsp_driver_sd.o(i.BSP_SD_IsDetected)
    BSP_SD_ReadBlocks_DMA                    0x08000439   Thumb Code    34  bsp_driver_sd.o(i.BSP_SD_ReadBlocks_DMA)
    BSP_SD_ReadCpltCallback                  0x08000461   Thumb Code    22  sd_diskio.o(i.BSP_SD_ReadCpltCallback)
    BSP_SD_WriteBlocks_DMA                   0x0800047d   Thumb Code    34  bsp_driver_sd.o(i.BSP_SD_WriteBlocks_DMA)
    BSP_SD_WriteCpltCallback                 0x080004a5   Thumb Code    22  sd_diskio.o(i.BSP_SD_WriteCpltCallback)
    BusFault_Handler                         0x080004c1   Thumb Code     4  stm32f4xx_it.o(i.BusFault_Handler)
    DMA2_Stream3_IRQHandler                  0x080004c5   Thumb Code    10  stm32f4xx_it.o(i.DMA2_Stream3_IRQHandler)
    DMA2_Stream6_IRQHandler                  0x080004d5   Thumb Code    10  stm32f4xx_it.o(i.DMA2_Stream6_IRQHandler)
    DebugMon_Handler                         0x080005ef   Thumb Code     2  stm32f4xx_it.o(i.DebugMon_Handler)
    Error_Handler                            0x080005f1   Thumb Code     6  main.o(i.Error_Handler)
    FATFS_LinkDriver                         0x080005f7   Thumb Code    18  ff_gen_drv.o(i.FATFS_LinkDriver)
    FATFS_LinkDriverEx                       0x08000609   Thumb Code    78  ff_gen_drv.o(i.FATFS_LinkDriverEx)
    FMC_SDRAM_Init                           0x0800065d   Thumb Code   108  stm32f4xx_ll_fmc.o(i.FMC_SDRAM_Init)
    FMC_SDRAM_ProgramRefreshRate             0x080006c9   Thumb Code    20  stm32f4xx_ll_fmc.o(i.FMC_SDRAM_ProgramRefreshRate)
    FMC_SDRAM_SendCommand                    0x080006dd   Thumb Code    86  stm32f4xx_ll_fmc.o(i.FMC_SDRAM_SendCommand)
    FMC_SDRAM_Timing_Init                    0x08000735   Thumb Code   144  stm32f4xx_ll_fmc.o(i.FMC_SDRAM_Timing_Init)
    HAL_DMA2D_ConfigLayer                    0x080007c9   Thumb Code   198  stm32f4xx_hal_dma2d.o(i.HAL_DMA2D_ConfigLayer)
    HAL_DMA2D_Init                           0x08000895   Thumb Code    96  stm32f4xx_hal_dma2d.o(i.HAL_DMA2D_Init)
    HAL_DMA2D_MspInit                        0x080008f5   Thumb Code    44  dma2d.o(i.HAL_DMA2D_MspInit)
    HAL_DMA_Abort_IT                         0x08000929   Thumb Code    40  stm32f4xx_hal_dma.o(i.HAL_DMA_Abort_IT)
    HAL_DMA_GetError                         0x08000951   Thumb Code     6  stm32f4xx_hal_dma.o(i.HAL_DMA_GetError)
    HAL_DMA_IRQHandler                       0x08000959   Thumb Code   570  stm32f4xx_hal_dma.o(i.HAL_DMA_IRQHandler)
    HAL_DMA_Init                             0x08000b99   Thumb Code   232  stm32f4xx_hal_dma.o(i.HAL_DMA_Init)
    HAL_DMA_Start_IT                         0x08000c85   Thumb Code   146  stm32f4xx_hal_dma.o(i.HAL_DMA_Start_IT)
    HAL_Delay                                0x08000d19   Thumb Code    36  stm32f4xx_hal.o(i.HAL_Delay)
    HAL_GPIO_Init                            0x08000e51   Thumb Code   474  stm32f4xx_hal_gpio.o(i.HAL_GPIO_Init)
    HAL_GPIO_TogglePin                       0x08001061   Thumb Code    20  stm32f4xx_hal_gpio.o(i.HAL_GPIO_TogglePin)
    HAL_GPIO_WritePin                        0x08001075   Thumb Code    12  stm32f4xx_hal_gpio.o(i.HAL_GPIO_WritePin)
    HAL_GetTick                              0x08001081   Thumb Code     6  stm32f4xx_hal.o(i.HAL_GetTick)
    HAL_IncTick                              0x0800108d   Thumb Code    16  stm32f4xx_hal.o(i.HAL_IncTick)
    HAL_Init                                 0x080010a5   Thumb Code    54  stm32f4xx_hal.o(i.HAL_Init)
    HAL_InitTick                             0x080010e1   Thumb Code   160  stm32f4xx_hal_timebase_tim.o(i.HAL_InitTick)
    HAL_LTDC_ConfigLayer                     0x08001195   Thumb Code    94  stm32f4xx_hal_ltdc.o(i.HAL_LTDC_ConfigLayer)
    HAL_LTDC_Init                            0x080011f3   Thumb Code   202  stm32f4xx_hal_ltdc.o(i.HAL_LTDC_Init)
    HAL_LTDC_MspInit                         0x080012bd   Thumb Code   400  ltdc.o(i.HAL_LTDC_MspInit)
    HAL_MspInit                              0x08001469   Thumb Code    78  stm32f4xx_hal_msp.o(i.HAL_MspInit)
    HAL_NVIC_EnableIRQ                       0x080014bd   Thumb Code    40  stm32f4xx_hal_cortex.o(i.HAL_NVIC_EnableIRQ)
    HAL_NVIC_SetPriority                     0x080014e5   Thumb Code   124  stm32f4xx_hal_cortex.o(i.HAL_NVIC_SetPriority)
    HAL_NVIC_SetPriorityGrouping             0x08001561   Thumb Code    32  stm32f4xx_hal_cortex.o(i.HAL_NVIC_SetPriorityGrouping)
    HAL_PWREx_EnableOverDrive                0x08001589   Thumb Code   128  stm32f4xx_hal_pwr_ex.o(i.HAL_PWREx_EnableOverDrive)
    HAL_RCCEx_PeriphCLKConfig                0x08001615   Thumb Code   746  stm32f4xx_hal_rcc_ex.o(i.HAL_RCCEx_PeriphCLKConfig)
    HAL_RCC_ClockConfig                      0x08001919   Thumb Code   368  stm32f4xx_hal_rcc.o(i.HAL_RCC_ClockConfig)
    HAL_RCC_GetClockConfig                   0x08001a9d   Thumb Code    58  stm32f4xx_hal_rcc.o(i.HAL_RCC_GetClockConfig)
    HAL_RCC_GetHCLKFreq                      0x08001ae1   Thumb Code     6  stm32f4xx_hal_rcc.o(i.HAL_RCC_GetHCLKFreq)
    HAL_RCC_GetPCLK1Freq                     0x08001aed   Thumb Code    22  stm32f4xx_hal_rcc.o(i.HAL_RCC_GetPCLK1Freq)
    HAL_RCC_GetPCLK2Freq                     0x08001b0d   Thumb Code    22  stm32f4xx_hal_rcc.o(i.HAL_RCC_GetPCLK2Freq)
    HAL_RCC_GetSysClockFreq                  0x08001b2d   Thumb Code   162  stm32f4xx_hal_rcc.o(i.HAL_RCC_GetSysClockFreq)
    HAL_RCC_OscConfig                        0x08001bdd   Thumb Code  1172  stm32f4xx_hal_rcc.o(i.HAL_RCC_OscConfig)
    HAL_SDRAM_Init                           0x08002079   Thumb Code    64  stm32f4xx_hal_sdram.o(i.HAL_SDRAM_Init)
    HAL_SDRAM_MspInit                        0x080020b9   Thumb Code    10  fmc.o(i.HAL_SDRAM_MspInit)
    HAL_SDRAM_ProgramRefreshRate             0x080020c3   Thumb Code    54  stm32f4xx_hal_sdram.o(i.HAL_SDRAM_ProgramRefreshRate)
    HAL_SDRAM_SendCommand                    0x080020f9   Thumb Code    78  stm32f4xx_hal_sdram.o(i.HAL_SDRAM_SendCommand)
    HAL_SD_AbortCallback                     0x08002147   Thumb Code    10  bsp_driver_sd.o(i.HAL_SD_AbortCallback)
    HAL_SD_ConfigWideBusOperation            0x08002151   Thumb Code   196  stm32f4xx_hal_sd.o(i.HAL_SD_ConfigWideBusOperation)
    HAL_SD_ErrorCallback                     0x08002219   Thumb Code     2  stm32f4xx_hal_sd.o(i.HAL_SD_ErrorCallback)
    HAL_SD_GetCardCSD                        0x0800221d   Thumb Code   450  stm32f4xx_hal_sd.o(i.HAL_SD_GetCardCSD)
    HAL_SD_GetCardInfo                       0x080023e5   Thumb Code    38  stm32f4xx_hal_sd.o(i.HAL_SD_GetCardInfo)
    HAL_SD_GetCardState                      0x0800240b   Thumb Code    36  stm32f4xx_hal_sd.o(i.HAL_SD_GetCardState)
    HAL_SD_IRQHandler                        0x08002431   Thumb Code   530  stm32f4xx_hal_sd.o(i.HAL_SD_IRQHandler)
    HAL_SD_Init                              0x0800264d   Thumb Code    60  stm32f4xx_hal_sd.o(i.HAL_SD_Init)
    HAL_SD_InitCard                          0x08002689   Thumb Code   160  stm32f4xx_hal_sd.o(i.HAL_SD_InitCard)
    HAL_SD_MspInit                           0x08002731   Thumb Code   366  sdio.o(i.HAL_SD_MspInit)
    HAL_SD_ReadBlocks_DMA                    0x080028bd   Thumb Code   318  stm32f4xx_hal_sd.o(i.HAL_SD_ReadBlocks_DMA)
    HAL_SD_RxCpltCallback                    0x08002a0d   Thumb Code    10  bsp_driver_sd.o(i.HAL_SD_RxCpltCallback)
    HAL_SD_TxCpltCallback                    0x08002a17   Thumb Code    10  bsp_driver_sd.o(i.HAL_SD_TxCpltCallback)
    HAL_SD_WriteBlocks_DMA                   0x08002a21   Thumb Code   322  stm32f4xx_hal_sd.o(i.HAL_SD_WriteBlocks_DMA)
    HAL_TIMEx_BreakCallback                  0x08002b75   Thumb Code     2  stm32f4xx_hal_tim_ex.o(i.HAL_TIMEx_BreakCallback)
    HAL_TIMEx_CommutCallback                 0x08002b77   Thumb Code     2  stm32f4xx_hal_tim_ex.o(i.HAL_TIMEx_CommutCallback)
    HAL_TIM_Base_Init                        0x08002b79   Thumb Code   102  stm32f4xx_hal_tim.o(i.HAL_TIM_Base_Init)
    HAL_TIM_Base_MspInit                     0x08002bdf   Thumb Code     2  stm32f4xx_hal_tim.o(i.HAL_TIM_Base_MspInit)
    HAL_TIM_Base_Start_IT                    0x08002be1   Thumb Code   138  stm32f4xx_hal_tim.o(i.HAL_TIM_Base_Start_IT)
    HAL_TIM_IC_CaptureCallback               0x08002c89   Thumb Code     2  stm32f4xx_hal_tim.o(i.HAL_TIM_IC_CaptureCallback)
    HAL_TIM_IRQHandler                       0x08002c8b   Thumb Code   364  stm32f4xx_hal_tim.o(i.HAL_TIM_IRQHandler)
    HAL_TIM_OC_DelayElapsedCallback          0x08002df7   Thumb Code     2  stm32f4xx_hal_tim.o(i.HAL_TIM_OC_DelayElapsedCallback)
    HAL_TIM_PWM_PulseFinishedCallback        0x08002df9   Thumb Code     2  stm32f4xx_hal_tim.o(i.HAL_TIM_PWM_PulseFinishedCallback)
    HAL_TIM_PeriodElapsedCallback            0x08002dfd   Thumb Code    18  main.o(i.HAL_TIM_PeriodElapsedCallback)
    HAL_TIM_TriggerCallback                  0x08002e15   Thumb Code     2  stm32f4xx_hal_tim.o(i.HAL_TIM_TriggerCallback)
    HAL_UART_Init                            0x08002e17   Thumb Code   118  stm32f4xx_hal_uart.o(i.HAL_UART_Init)
    HAL_UART_MspInit                         0x08002e8d   Thumb Code   124  usart.o(i.HAL_UART_MspInit)
    HAL_UART_Transmit                        0x08002f15   Thumb Code   190  stm32f4xx_hal_uart.o(i.HAL_UART_Transmit)
    HardFault_Handler                        0x08002fd3   Thumb Code     4  stm32f4xx_it.o(i.HardFault_Handler)
    LCD_FillRect                             0x08002fd9   Thumb Code   152  int_lcd.o(i.LCD_FillRect)
    LCD_Init_Application                     0x08003079   Thumb Code    38  int_lcd.o(i.LCD_Init_Application)
    LCD_SetBackColor                         0x080030a9   Thumb Code   146  int_lcd.o(i.LCD_SetBackColor)
    LCD_SetColor                             0x08003141   Thumb Code   146  int_lcd.o(i.LCD_SetColor)
    LCD_Test_Color                           0x080031d9   Thumb Code    62  int_lcd.o(i.LCD_Test_Color)
    LED_Toggle                               0x0800321d   Thumb Code    32  int_led.o(i.LED_Toggle)
    MX_DMA2D_Init                            0x08003425   Thumb Code    60  dma2d.o(i.MX_DMA2D_Init)
    MX_DMA_Init                              0x08003469   Thumb Code    68  dma.o(i.MX_DMA_Init)
    MX_FATFS_Init                            0x080034b1   Thumb Code    16  fatfs.o(i.MX_FATFS_Init)
    MX_FMC_Init                              0x080034cd   Thumb Code   116  fmc.o(i.MX_FMC_Init)
    MX_FREERTOS_Init                         0x08003549   Thumb Code    46  freertos.o(i.MX_FREERTOS_Init)
    MX_GPIO_Init                             0x0800359d   Thumb Code   388  gpio.o(i.MX_GPIO_Init)
    MX_LTDC_Init                             0x0800372d   Thumb Code   192  ltdc.o(i.MX_LTDC_Init)
    MX_SDIO_SD_Init                          0x080037f5   Thumb Code    34  sdio.o(i.MX_SDIO_SD_Init)
    MX_USART1_UART_Init                      0x08003821   Thumb Code    46  usart.o(i.MX_USART1_UART_Init)
    MemManage_Handler                        0x08003859   Thumb Code     4  stm32f4xx_it.o(i.MemManage_Handler)
    NMI_Handler                              0x0800385d   Thumb Code     4  stm32f4xx_it.o(i.NMI_Handler)
    SDIO_ConfigData                          0x08003861   Thumb Code    44  stm32f4xx_ll_sdmmc.o(i.SDIO_ConfigData)
    SDIO_GetCommandResponse                  0x0800388d   Thumb Code     8  stm32f4xx_ll_sdmmc.o(i.SDIO_GetCommandResponse)
    SDIO_GetPowerState                       0x08003895   Thumb Code    10  stm32f4xx_ll_sdmmc.o(i.SDIO_GetPowerState)
    SDIO_GetResponse                         0x0800389f   Thumb Code    12  stm32f4xx_ll_sdmmc.o(i.SDIO_GetResponse)
    SDIO_IRQHandler                          0x080038ad   Thumb Code    10  stm32f4xx_it.o(i.SDIO_IRQHandler)
    SDIO_Init                                0x080038bd   Thumb Code    52  stm32f4xx_ll_sdmmc.o(i.SDIO_Init)
    SDIO_PowerState_ON                       0x080038f1   Thumb Code    10  stm32f4xx_ll_sdmmc.o(i.SDIO_PowerState_ON)
    SDIO_ReadFIFO                            0x080038fb   Thumb Code     8  stm32f4xx_ll_sdmmc.o(i.SDIO_ReadFIFO)
    SDIO_SendCommand                         0x08003903   Thumb Code    40  stm32f4xx_ll_sdmmc.o(i.SDIO_SendCommand)
    SDIO_WriteFIFO                           0x0800392b   Thumb Code    12  stm32f4xx_ll_sdmmc.o(i.SDIO_WriteFIFO)
    SDMMC_CmdAppCommand                      0x08003937   Thumb Code    56  stm32f4xx_ll_sdmmc.o(i.SDMMC_CmdAppCommand)
    SDMMC_CmdAppOperCommand                  0x08003971   Thumb Code    54  stm32f4xx_ll_sdmmc.o(i.SDMMC_CmdAppOperCommand)
    SDMMC_CmdBlockLength                     0x080039ad   Thumb Code    56  stm32f4xx_ll_sdmmc.o(i.SDMMC_CmdBlockLength)
    SDMMC_CmdBusWidth                        0x080039e5   Thumb Code    56  stm32f4xx_ll_sdmmc.o(i.SDMMC_CmdBusWidth)
    SDMMC_CmdGoIdleState                     0x08003a1d   Thumb Code    44  stm32f4xx_ll_sdmmc.o(i.SDMMC_CmdGoIdleState)
    SDMMC_CmdOperCond                        0x08003a49   Thumb Code    52  stm32f4xx_ll_sdmmc.o(i.SDMMC_CmdOperCond)
    SDMMC_CmdReadMultiBlock                  0x08003a7d   Thumb Code    56  stm32f4xx_ll_sdmmc.o(i.SDMMC_CmdReadMultiBlock)
    SDMMC_CmdReadSingleBlock                 0x08003ab5   Thumb Code    56  stm32f4xx_ll_sdmmc.o(i.SDMMC_CmdReadSingleBlock)
    SDMMC_CmdSelDesel                        0x08003aed   Thumb Code    58  stm32f4xx_ll_sdmmc.o(i.SDMMC_CmdSelDesel)
    SDMMC_CmdSendCID                         0x08003b27   Thumb Code    50  stm32f4xx_ll_sdmmc.o(i.SDMMC_CmdSendCID)
    SDMMC_CmdSendCSD                         0x08003b59   Thumb Code    50  stm32f4xx_ll_sdmmc.o(i.SDMMC_CmdSendCSD)
    SDMMC_CmdSendSCR                         0x08003b8b   Thumb Code    56  stm32f4xx_ll_sdmmc.o(i.SDMMC_CmdSendSCR)
    SDMMC_CmdSendStatus                      0x08003bc3   Thumb Code    56  stm32f4xx_ll_sdmmc.o(i.SDMMC_CmdSendStatus)
    SDMMC_CmdSetRelAdd                       0x08003bfb   Thumb Code    56  stm32f4xx_ll_sdmmc.o(i.SDMMC_CmdSetRelAdd)
    SDMMC_CmdStopTransfer                    0x08003c35   Thumb Code    54  stm32f4xx_ll_sdmmc.o(i.SDMMC_CmdStopTransfer)
    SDMMC_CmdWriteMultiBlock                 0x08003c71   Thumb Code    56  stm32f4xx_ll_sdmmc.o(i.SDMMC_CmdWriteMultiBlock)
    SDMMC_CmdWriteSingleBlock                0x08003ca9   Thumb Code    56  stm32f4xx_ll_sdmmc.o(i.SDMMC_CmdWriteSingleBlock)
    SDMMC_GetCmdResp1                        0x08003d21   Thumb Code   418  stm32f4xx_ll_sdmmc.o(i.SDMMC_GetCmdResp1)
    SDMMC_GetCmdResp2                        0x08003ecd   Thumb Code    96  stm32f4xx_ll_sdmmc.o(i.SDMMC_GetCmdResp2)
    SDMMC_GetCmdResp3                        0x08003f31   Thumb Code    82  stm32f4xx_ll_sdmmc.o(i.SDMMC_GetCmdResp3)
    SDMMC_GetCmdResp6                        0x08003f89   Thumb Code   180  stm32f4xx_ll_sdmmc.o(i.SDMMC_GetCmdResp6)
    SDMMC_GetCmdResp7                        0x08004041   Thumb Code   104  stm32f4xx_ll_sdmmc.o(i.SDMMC_GetCmdResp7)
    SDRAM_Initialization_Sequence            0x080040ad   Thumb Code   144  app_sdram.o(i.SDRAM_Initialization_Sequence)
    SD_initialize                            0x080047a5   Thumb Code    86  sd_diskio.o(i.SD_initialize)
    SD_ioctl                                 0x08004805   Thumb Code   102  sd_diskio.o(i.SD_ioctl)
    SD_read                                  0x08004871   Thumb Code   116  sd_diskio.o(i.SD_read)
    SD_status                                0x080048e9   Thumb Code    12  sd_diskio.o(i.SD_status)
    SD_write                                 0x080048f5   Thumb Code   114  sd_diskio.o(i.SD_write)
    StartDefaultTask                         0x0800496d   Thumb Code   118  freertos.o(i.StartDefaultTask)
    SysTick_Handler                          0x08004a09   Thumb Code    22  cmsis_os2.o(i.SysTick_Handler)
    SystemClock_Config                       0x08004a21   Thumb Code   180  main.o(i.SystemClock_Config)
    SystemInit                               0x08004add   Thumb Code    14  system_stm32f4xx.o(i.SystemInit)
    TIM6_DAC_IRQHandler                      0x08004af1   Thumb Code    10  stm32f4xx_it.o(i.TIM6_DAC_IRQHandler)
    TIM_Base_SetConfig                       0x08004b01   Thumb Code   178  stm32f4xx_hal_tim.o(i.TIM_Base_SetConfig)
    Task_Heartbeat_Led                       0x08004be1   Thumb Code    18  task_heartbeat_led.o(i.Task_Heartbeat_Led)
    Task_Peripheral_Init                     0x08004bf5   Thumb Code   392  task_peripheral_init.o(i.Task_Peripheral_Init)
    UsageFault_Handler                       0x080052b5   Thumb Code     4  stm32f4xx_it.o(i.UsageFault_Handler)
    __0printf$4                              0x080052b9   Thumb Code    22  printf4.o(i.__0printf$4)
    __1printf$4                              0x080052b9   Thumb Code     0  printf4.o(i.__0printf$4)
    __2printf                                0x080052b9   Thumb Code     0  printf4.o(i.__0printf$4)
    __scatterload_copy                       0x08005317   Thumb Code    14  handlers.o(i.__scatterload_copy)
    __scatterload_null                       0x08005325   Thumb Code     2  handlers.o(i.__scatterload_null)
    __scatterload_zeroinit                   0x08005327   Thumb Code    14  handlers.o(i.__scatterload_zeroinit)
    disk_initialize                          0x08005605   Thumb Code    42  diskio.o(i.disk_initialize)
    disk_ioctl                               0x08005635   Thumb Code    36  diskio.o(i.disk_ioctl)
    disk_read                                0x0800565d   Thumb Code    42  diskio.o(i.disk_read)
    disk_status                              0x0800568d   Thumb Code    24  diskio.o(i.disk_status)
    disk_write                               0x080056a9   Thumb Code    42  diskio.o(i.disk_write)
    f_getfree                                0x080056d9   Thumb Code   260  ff.o(i.f_getfree)
    f_mkfs                                   0x080057dd   Thumb Code  1654  ff.o(i.f_mkfs)
    f_mount                                  0x08005e61   Thumb Code   128  ff.o(i.f_mount)
    ff_cre_syncobj                           0x08005ee5   Thumb Code    34  syscall.o(i.ff_cre_syncobj)
    ff_del_syncobj                           0x08005f07   Thumb Code    14  syscall.o(i.ff_del_syncobj)
    ff_rel_grant                             0x08005f15   Thumb Code    12  syscall.o(i.ff_rel_grant)
    ff_req_grant                             0x08005f21   Thumb Code    24  syscall.o(i.ff_req_grant)
    fputc                                    0x08006245   Thumb Code    22  com_debug.o(i.fputc)
    get_fattime                              0x08006341   Thumb Code     4  fatfs.o(i.get_fattime)
    main                                     0x080063c7   Thumb Code    60  main.o(i.main)
    osDelay                                  0x08006463   Thumb Code    30  cmsis_os2.o(i.osDelay)
    osKernelGetState                         0x08006481   Thumb Code    48  cmsis_os2.o(i.osKernelGetState)
    osKernelGetTickCount                     0x080064b5   Thumb Code    26  cmsis_os2.o(i.osKernelGetTickCount)
    osKernelInitialize                       0x080064d1   Thumb Code    38  cmsis_os2.o(i.osKernelInitialize)
    osKernelStart                            0x080064fd   Thumb Code    82  cmsis_os2.o(i.osKernelStart)
    osMessageQueueGet                        0x0800655d   Thumb Code   124  cmsis_os2.o(i.osMessageQueueGet)
    osMessageQueueNew                        0x080065dd   Thumb Code   154  cmsis_os2.o(i.osMessageQueueNew)
    osMessageQueuePut                        0x08006679   Thumb Code   128  cmsis_os2.o(i.osMessageQueuePut)
    osSemaphoreAcquire                       0x080066fd   Thumb Code   104  cmsis_os2.o(i.osSemaphoreAcquire)
    osSemaphoreDelete                        0x08006769   Thumb Code    44  cmsis_os2.o(i.osSemaphoreDelete)
    osSemaphoreNew                           0x08006795   Thumb Code   204  cmsis_os2.o(i.osSemaphoreNew)
    osSemaphoreRelease                       0x08006861   Thumb Code    88  cmsis_os2.o(i.osSemaphoreRelease)
    osThreadNew                              0x080068bd   Thumb Code   184  cmsis_os2.o(i.osThreadNew)
    pvPortMalloc                             0x080073ad   Thumb Code   306  heap_4.o(i.pvPortMalloc)
    pvTaskIncrementMutexHeldCount            0x080074f9   Thumb Code    26  tasks.o(i.pvTaskIncrementMutexHeldCount)
    pxPortInitialiseStack                    0x08007519   Thumb Code    38  port.o(i.pxPortInitialiseStack)
    uxListRemove                             0x080075d7   Thumb Code    40  list.o(i.uxListRemove)
    vApplicationGetIdleTaskMemory            0x08007601   Thumb Code    14  cmsis_os2.o(i.vApplicationGetIdleTaskMemory)
    vApplicationGetTimerTaskMemory           0x08007619   Thumb Code    16  cmsis_os2.o(i.vApplicationGetTimerTaskMemory)
    vListInitialise                          0x08007631   Thumb Code    26  list.o(i.vListInitialise)
    vListInitialiseItem                      0x0800764b   Thumb Code     6  list.o(i.vListInitialiseItem)
    vListInsert                              0x08007651   Thumb Code    52  list.o(i.vListInsert)
    vListInsertEnd                           0x08007685   Thumb Code    24  list.o(i.vListInsertEnd)
    vPortEnterCritical                       0x0800769d   Thumb Code    76  port.o(i.vPortEnterCritical)
    vPortExitCritical                        0x080076f1   Thumb Code    56  port.o(i.vPortExitCritical)
    vPortFree                                0x0800772d   Thumb Code   150  heap_4.o(i.vPortFree)
    vPortSetupTimerInterrupt                 0x080077d1   Thumb Code    36  port.o(i.vPortSetupTimerInterrupt)
    vPortValidateInterruptPriority           0x080077f9   Thumb Code   106  port.o(i.vPortValidateInterruptPriority)
    vQueueAddToRegistry                      0x08007871   Thumb Code    38  queue.o(i.vQueueAddToRegistry)
    vQueueDelete                             0x0800789d   Thumb Code    50  queue.o(i.vQueueDelete)
    vQueueUnregisterQueue                    0x080078d1   Thumb Code    44  queue.o(i.vQueueUnregisterQueue)
    vQueueWaitForMessageRestricted           0x08007901   Thumb Code    74  queue.o(i.vQueueWaitForMessageRestricted)
    vTaskDelay                               0x0800794d   Thumb Code    82  tasks.o(i.vTaskDelay)
    vTaskDelete                              0x080079a9   Thumb Code   168  tasks.o(i.vTaskDelete)
    vTaskInternalSetTimeOutState             0x08007a71   Thumb Code    14  tasks.o(i.vTaskInternalSetTimeOutState)
    vTaskMissedYield                         0x08007a89   Thumb Code     8  tasks.o(i.vTaskMissedYield)
    vTaskPlaceOnEventList                    0x08007a95   Thumb Code    52  tasks.o(i.vTaskPlaceOnEventList)
    vTaskPlaceOnEventListRestricted          0x08007acd   Thumb Code    60  tasks.o(i.vTaskPlaceOnEventListRestricted)
    vTaskPriorityDisinheritAfterTimeout      0x08007b0d   Thumb Code   194  tasks.o(i.vTaskPriorityDisinheritAfterTimeout)
    vTaskStartScheduler                      0x08007bdd   Thumb Code   156  tasks.o(i.vTaskStartScheduler)
    vTaskSuspendAll                          0x08007c95   Thumb Code    12  tasks.o(i.vTaskSuspendAll)
    vTaskSwitchContext                       0x08007ca5   Thumb Code   122  tasks.o(i.vTaskSwitchContext)
    xPortStartScheduler                      0x08007d35   Thumb Code   330  port.o(i.xPortStartScheduler)
    xPortSysTickHandler                      0x08007e9d   Thumb Code    46  port.o(i.xPortSysTickHandler)
    xQueueCreateCountingSemaphore            0x08007ed1   Thumb Code    92  queue.o(i.xQueueCreateCountingSemaphore)
    xQueueCreateCountingSemaphoreStatic      0x08007f2d   Thumb Code   100  queue.o(i.xQueueCreateCountingSemaphoreStatic)
    xQueueGenericCreate                      0x08007f91   Thumb Code    90  queue.o(i.xQueueGenericCreate)
    xQueueGenericCreateStatic                0x08007feb   Thumb Code   224  queue.o(i.xQueueGenericCreateStatic)
    xQueueGenericReset                       0x080080cd   Thumb Code   146  queue.o(i.xQueueGenericReset)
    xQueueGenericSend                        0x08008165   Thumb Code   420  queue.o(i.xQueueGenericSend)
    xQueueGenericSendFromISR                 0x0800830d   Thumb Code   252  queue.o(i.xQueueGenericSendFromISR)
    xQueueGiveFromISR                        0x08008409   Thumb Code   224  queue.o(i.xQueueGiveFromISR)
    xQueueReceive                            0x080084e9   Thumb Code   356  queue.o(i.xQueueReceive)
    xQueueReceiveFromISR                     0x08008651   Thumb Code   202  queue.o(i.xQueueReceiveFromISR)
    xQueueSemaphoreTake                      0x0800871d   Thumb Code   434  queue.o(i.xQueueSemaphoreTake)
    xTaskCheckForTimeOut                     0x080088d5   Thumb Code   132  tasks.o(i.xTaskCheckForTimeOut)
    xTaskCreate                              0x08008961   Thumb Code   100  tasks.o(i.xTaskCreate)
    xTaskCreateStatic                        0x080089c5   Thumb Code   186  tasks.o(i.xTaskCreateStatic)
    xTaskGetSchedulerState                   0x08008a81   Thumb Code    24  tasks.o(i.xTaskGetSchedulerState)
    xTaskGetTickCount                        0x08008aa1   Thumb Code     6  tasks.o(i.xTaskGetTickCount)
    xTaskGetTickCountFromISR                 0x08008aad   Thumb Code    16  tasks.o(i.xTaskGetTickCountFromISR)
    xTaskIncrementTick                       0x08008ac1   Thumb Code   280  tasks.o(i.xTaskIncrementTick)
    xTaskPriorityDisinherit                  0x08008c05   Thumb Code   152  tasks.o(i.xTaskPriorityDisinherit)
    xTaskPriorityInherit                     0x08008ca9   Thumb Code   150  tasks.o(i.xTaskPriorityInherit)
    xTaskRemoveFromEventList                 0x08008d4d   Thumb Code   126  tasks.o(i.xTaskRemoveFromEventList)
    xTaskResumeAll                           0x08008de5   Thumb Code   222  tasks.o(i.xTaskResumeAll)
    xTimerCreateTimerTask                    0x08008ee9   Thumb Code   100  timers.o(i.xTimerCreateTimerTask)
    xTimerGenericCommand                     0x08008f61   Thumb Code   128  timers.o(i.xTimerGenericCommand)
    defaultTask_attributes                   0x08008fe4   Data          36  freertos.o(.constdata)
    Heartbeat_Led_attributes                 0x08009008   Data          36  freertos.o(.constdata)
    Peripheral_Init_attributes               0x0800902c   Data          36  freertos.o(.constdata)
    AHBPrescTable                            0x08009078   Data          16  system_stm32f4xx.o(.constdata)
    APBPrescTable                            0x08009088   Data           8  system_stm32f4xx.o(.constdata)
    SD_Driver                                0x08009090   Data          20  sd_diskio.o(.constdata)
    Region$$Table$$Base                      0x0800910c   Number         0  anon$$obj.o(Region$$Table)
    Region$$Table$$Limit                     0x0800912c   Number         0  anon$$obj.o(Region$$Table)
    defaultTaskHandle                        0x20000000   Data           4  freertos.o(.data)
    Heartbeat_LedHandle                      0x20000004   Data           4  freertos.o(.data)
    Peripheral_InitHandle                    0x20000008   Data           4  freertos.o(.data)
    uwTick                                   0x20000014   Data           4  stm32f4xx_hal.o(.data)
    uwTickPrio                               0x20000018   Data           4  stm32f4xx_hal.o(.data)
    uwTickFreq                               0x2000001c   Data           1  stm32f4xx_hal.o(.data)
    SystemCoreClock                          0x20000020   Data           4  system_stm32f4xx.o(.data)
    pxCurrentTCB                             0x20000024   Data           4  tasks.o(.data)
    retSD                                    0x200000ac   Data           1  fatfs.o(.data)
    SDPath                                   0x200000ad   Data           4  fatfs.o(.data)
    __stdout                                 0x200000bc   Data           4  stdout.o(.data)
    hdma2d                                   0x200000c0   Data          64  dma2d.o(.bss)
    hsdram2                                  0x20000100   Data          52  fmc.o(.bss)
    hltdc                                    0x20000134   Data         168  ltdc.o(.bss)
    hsd                                      0x200001dc   Data         132  sdio.o(.bss)
    hdma_sdio_rx                             0x20000260   Data          96  sdio.o(.bss)
    hdma_sdio_tx                             0x200002c0   Data          96  sdio.o(.bss)
    huart1                                   0x20000320   Data          72  usart.o(.bss)
    htim6                                    0x20000368   Data          72  stm32f4xx_hal_timebase_tim.o(.bss)
    LCD                                      0x200003b0   Data          20  int_lcd.o(.bss)
    xQueueRegistry                           0x200003c4   Data          64  queue.o(.bss)
    SDFatFS                                  0x20004c98   Data         568  fatfs.o(.bss)
    SDFile                                   0x20004ed0   Data         560  fatfs.o(.bss)
    disk                                     0x20005120   Data          12  ff_gen_drv.o(.bss)
    __initial_sp                             0x20011130   Data           0  startup_stm32f429xx.o(STACK)



==============================================================================

Memory Map of the image

  Image Entry point : 0x080001ad

  Load Region LR_IROM1 (Base: 0x08000000, Size: 0x000091ec, Max: 0x00100000, ABSOLUTE)

    Execution Region ER_IROM1 (Exec base: 0x08000000, Load base: 0x08000000, Size: 0x0000912c, Max: 0x00100000, ABSOLUTE)

    Exec Addr    Load Addr    Size         Type   Attr      Idx    E Section Name        Object

    0x08000000   0x08000000   0x000001ac   Data   RO            3    RESET               startup_stm32f429xx.o
    0x080001ac   0x080001ac   0x00000000   Code   RO         7746  * .ARM.Collect$$$$00000000  mc_w.l(entry.o)
    0x080001ac   0x080001ac   0x00000004   Code   RO         8022    .ARM.Collect$$$$00000001  mc_w.l(entry2.o)
    0x080001b0   0x080001b0   0x00000004   Code   RO         8025    .ARM.Collect$$$$00000004  mc_w.l(entry5.o)
    0x080001b4   0x080001b4   0x00000000   Code   RO         8027    .ARM.Collect$$$$00000008  mc_w.l(entry7b.o)
    0x080001b4   0x080001b4   0x00000000   Code   RO         8029    .ARM.Collect$$$$0000000A  mc_w.l(entry8b.o)
    0x080001b4   0x080001b4   0x00000008   Code   RO         8030    .ARM.Collect$$$$0000000B  mc_w.l(entry9a.o)
    0x080001bc   0x080001bc   0x00000004   Code   RO         8037    .ARM.Collect$$$$0000000E  mc_w.l(entry12b.o)
    0x080001c0   0x080001c0   0x00000000   Code   RO         8032    .ARM.Collect$$$$0000000F  mc_w.l(entry10a.o)
    0x080001c0   0x080001c0   0x00000000   Code   RO         8034    .ARM.Collect$$$$00000011  mc_w.l(entry11a.o)
    0x080001c0   0x080001c0   0x00000004   Code   RO         8023    .ARM.Collect$$$$00002712  mc_w.l(entry2.o)
    0x080001c4   0x080001c4   0x000000be   Code   RO         6844    .emb_text           port.o
    0x08000282   0x08000282   0x00000002   PAD
    0x08000284   0x08000284   0x00000024   Code   RO            4    .text               startup_stm32f429xx.o
    0x080002a8   0x080002a8   0x00000062   Code   RO         7749    .text               mc_w.l(uldiv.o)
    0x0800030a   0x0800030a   0x00000024   Code   RO         7751    .text               mc_w.l(memcpya.o)
    0x0800032e   0x0800032e   0x00000024   Code   RO         7755    .text               mc_w.l(memseta.o)
    0x08000352   0x08000352   0x00000016   Code   RO         7757    .text               mc_w.l(strrchr.o)
    0x08000368   0x08000368   0x0000001e   Code   RO         8041    .text               mc_w.l(llshl.o)
    0x08000386   0x08000386   0x00000020   Code   RO         8043    .text               mc_w.l(llushr.o)
    0x080003a6   0x080003a6   0x00000002   PAD
    0x080003a8   0x080003a8   0x00000024   Code   RO         8056    .text               mc_w.l(init.o)
    0x080003cc   0x080003cc   0x00000002   Code   RO         6924    i.BSP_SD_AbortCallback  bsp_driver_sd.o
    0x080003ce   0x080003ce   0x00000002   PAD
    0x080003d0   0x080003d0   0x00000014   Code   RO         6927    i.BSP_SD_GetCardInfo  bsp_driver_sd.o
    0x080003e4   0x080003e4   0x00000018   Code   RO         6928    i.BSP_SD_GetCardState  bsp_driver_sd.o
    0x080003fc   0x080003fc   0x00000030   Code   RO         6930    i.BSP_SD_Init       bsp_driver_sd.o
    0x0800042c   0x0800042c   0x0000000c   Code   RO         6931    i.BSP_SD_IsDetected  bsp_driver_sd.o
    0x08000438   0x08000438   0x00000028   Code   RO         6933    i.BSP_SD_ReadBlocks_DMA  bsp_driver_sd.o
    0x08000460   0x08000460   0x0000001c   Code   RO         7045    i.BSP_SD_ReadCpltCallback  sd_diskio.o
    0x0800047c   0x0800047c   0x00000028   Code   RO         6936    i.BSP_SD_WriteBlocks_DMA  bsp_driver_sd.o
    0x080004a4   0x080004a4   0x0000001c   Code   RO         7046    i.BSP_SD_WriteCpltCallback  sd_diskio.o
    0x080004c0   0x080004c0   0x00000004   Code   RO          601    i.BusFault_Handler  stm32f4xx_it.o
    0x080004c4   0x080004c4   0x00000010   Code   RO          602    i.DMA2_Stream3_IRQHandler  stm32f4xx_it.o
    0x080004d4   0x080004d4   0x00000010   Code   RO          603    i.DMA2_Stream6_IRQHandler  stm32f4xx_it.o
    0x080004e4   0x080004e4   0x00000034   Code   RO         1742    i.DMA_CalcBaseAndBitshift  stm32f4xx_hal_dma.o
    0x08000518   0x08000518   0x000000aa   Code   RO         1743    i.DMA_CheckFifoParam  stm32f4xx_hal_dma.o
    0x080005c2   0x080005c2   0x0000002c   Code   RO         1744    i.DMA_SetConfig     stm32f4xx_hal_dma.o
    0x080005ee   0x080005ee   0x00000002   Code   RO          604    i.DebugMon_Handler  stm32f4xx_it.o
    0x080005f0   0x080005f0   0x00000006   Code   RO           13    i.Error_Handler     main.o
    0x080005f6   0x080005f6   0x00000012   Code   RO         7619    i.FATFS_LinkDriver  ff_gen_drv.o
    0x08000608   0x08000608   0x00000054   Code   RO         7620    i.FATFS_LinkDriverEx  ff_gen_drv.o
    0x0800065c   0x0800065c   0x0000006c   Code   RO         2488    i.FMC_SDRAM_Init    stm32f4xx_ll_fmc.o
    0x080006c8   0x080006c8   0x00000014   Code   RO         2489    i.FMC_SDRAM_ProgramRefreshRate  stm32f4xx_ll_fmc.o
    0x080006dc   0x080006dc   0x00000056   Code   RO         2490    i.FMC_SDRAM_SendCommand  stm32f4xx_ll_fmc.o
    0x08000732   0x08000732   0x00000002   PAD
    0x08000734   0x08000734   0x00000094   Code   RO         2492    i.FMC_SDRAM_Timing_Init  stm32f4xx_ll_fmc.o
    0x080007c8   0x080007c8   0x000000cc   Code   RO          986    i.HAL_DMA2D_ConfigLayer  stm32f4xx_hal_dma2d.o
    0x08000894   0x08000894   0x00000060   Code   RO          994    i.HAL_DMA2D_Init    stm32f4xx_hal_dma2d.o
    0x080008f4   0x080008f4   0x00000034   Code   RO          381    i.HAL_DMA2D_MspInit  dma2d.o
    0x08000928   0x08000928   0x00000028   Code   RO         1746    i.HAL_DMA_Abort_IT  stm32f4xx_hal_dma.o
    0x08000950   0x08000950   0x00000006   Code   RO         1748    i.HAL_DMA_GetError  stm32f4xx_hal_dma.o
    0x08000956   0x08000956   0x00000002   PAD
    0x08000958   0x08000958   0x00000240   Code   RO         1750    i.HAL_DMA_IRQHandler  stm32f4xx_hal_dma.o
    0x08000b98   0x08000b98   0x000000ec   Code   RO         1751    i.HAL_DMA_Init      stm32f4xx_hal_dma.o
    0x08000c84   0x08000c84   0x00000092   Code   RO         1755    i.HAL_DMA_Start_IT  stm32f4xx_hal_dma.o
    0x08000d16   0x08000d16   0x00000002   PAD
    0x08000d18   0x08000d18   0x00000028   Code   RO         2205    i.HAL_Delay         stm32f4xx_hal.o
    0x08000d40   0x08000d40   0x00000110   Code   RO          423    i.HAL_FMC_MspInit   fmc.o
    0x08000e50   0x08000e50   0x00000210   Code   RO         1638    i.HAL_GPIO_Init     stm32f4xx_hal_gpio.o
    0x08001060   0x08001060   0x00000014   Code   RO         1641    i.HAL_GPIO_TogglePin  stm32f4xx_hal_gpio.o
    0x08001074   0x08001074   0x0000000c   Code   RO         1642    i.HAL_GPIO_WritePin  stm32f4xx_hal_gpio.o
    0x08001080   0x08001080   0x0000000c   Code   RO         2213    i.HAL_GetTick       stm32f4xx_hal.o
    0x0800108c   0x0800108c   0x00000018   Code   RO         2219    i.HAL_IncTick       stm32f4xx_hal.o
    0x080010a4   0x080010a4   0x0000003c   Code   RO         2220    i.HAL_Init          stm32f4xx_hal.o
    0x080010e0   0x080010e0   0x000000b4   Code   RO          707    i.HAL_InitTick      stm32f4xx_hal_timebase_tim.o
    0x08001194   0x08001194   0x0000005e   Code   RO         2822    i.HAL_LTDC_ConfigLayer  stm32f4xx_hal_ltdc.o
    0x080011f2   0x080011f2   0x000000ca   Code   RO         2839    i.HAL_LTDC_Init     stm32f4xx_hal_ltdc.o
    0x080012bc   0x080012bc   0x000001ac   Code   RO          476    i.HAL_LTDC_MspInit  ltdc.o
    0x08001468   0x08001468   0x00000054   Code   RO          683    i.HAL_MspInit       stm32f4xx_hal_msp.o
    0x080014bc   0x080014bc   0x00000028   Code   RO         2048    i.HAL_NVIC_EnableIRQ  stm32f4xx_hal_cortex.o
    0x080014e4   0x080014e4   0x0000007c   Code   RO         2054    i.HAL_NVIC_SetPriority  stm32f4xx_hal_cortex.o
    0x08001560   0x08001560   0x00000028   Code   RO         2055    i.HAL_NVIC_SetPriorityGrouping  stm32f4xx_hal_cortex.o
    0x08001588   0x08001588   0x0000008c   Code   RO         1974    i.HAL_PWREx_EnableOverDrive  stm32f4xx_hal_pwr_ex.o
    0x08001614   0x08001614   0x00000304   Code   RO         1289    i.HAL_RCCEx_PeriphCLKConfig  stm32f4xx_hal_rcc_ex.o
    0x08001918   0x08001918   0x00000184   Code   RO         1182    i.HAL_RCC_ClockConfig  stm32f4xx_hal_rcc.o
    0x08001a9c   0x08001a9c   0x00000044   Code   RO         1186    i.HAL_RCC_GetClockConfig  stm32f4xx_hal_rcc.o
    0x08001ae0   0x08001ae0   0x0000000c   Code   RO         1187    i.HAL_RCC_GetHCLKFreq  stm32f4xx_hal_rcc.o
    0x08001aec   0x08001aec   0x00000020   Code   RO         1189    i.HAL_RCC_GetPCLK1Freq  stm32f4xx_hal_rcc.o
    0x08001b0c   0x08001b0c   0x00000020   Code   RO         1190    i.HAL_RCC_GetPCLK2Freq  stm32f4xx_hal_rcc.o
    0x08001b2c   0x08001b2c   0x000000b0   Code   RO         1191    i.HAL_RCC_GetSysClockFreq  stm32f4xx_hal_rcc.o
    0x08001bdc   0x08001bdc   0x0000049c   Code   RO         1194    i.HAL_RCC_OscConfig  stm32f4xx_hal_rcc.o
    0x08002078   0x08002078   0x00000040   Code   RO         2654    i.HAL_SDRAM_Init    stm32f4xx_hal_sdram.o
    0x080020b8   0x080020b8   0x0000000a   Code   RO          425    i.HAL_SDRAM_MspInit  fmc.o
    0x080020c2   0x080020c2   0x00000036   Code   RO         2657    i.HAL_SDRAM_ProgramRefreshRate  stm32f4xx_hal_sdram.o
    0x080020f8   0x080020f8   0x0000004e   Code   RO         2663    i.HAL_SDRAM_SendCommand  stm32f4xx_hal_sdram.o
    0x08002146   0x08002146   0x0000000a   Code   RO         6938    i.HAL_SD_AbortCallback  bsp_driver_sd.o
    0x08002150   0x08002150   0x000000c8   Code   RO         3408    i.HAL_SD_ConfigWideBusOperation  stm32f4xx_hal_sd.o
    0x08002218   0x08002218   0x00000002   Code   RO         3411    i.HAL_SD_ErrorCallback  stm32f4xx_hal_sd.o
    0x0800221a   0x0800221a   0x00000002   PAD
    0x0800221c   0x0800221c   0x000001c8   Code   RO         3413    i.HAL_SD_GetCardCSD  stm32f4xx_hal_sd.o
    0x080023e4   0x080023e4   0x00000026   Code   RO         3414    i.HAL_SD_GetCardInfo  stm32f4xx_hal_sd.o
    0x0800240a   0x0800240a   0x00000024   Code   RO         3415    i.HAL_SD_GetCardState  stm32f4xx_hal_sd.o
    0x0800242e   0x0800242e   0x00000002   PAD
    0x08002430   0x08002430   0x0000021c   Code   RO         3419    i.HAL_SD_IRQHandler  stm32f4xx_hal_sd.o
    0x0800264c   0x0800264c   0x0000003c   Code   RO         3420    i.HAL_SD_Init       stm32f4xx_hal_sd.o
    0x08002688   0x08002688   0x000000a8   Code   RO         3421    i.HAL_SD_InitCard   stm32f4xx_hal_sd.o
    0x08002730   0x08002730   0x0000018c   Code   RO          518    i.HAL_SD_MspInit    sdio.o
    0x080028bc   0x080028bc   0x00000150   Code   RO         3425    i.HAL_SD_ReadBlocks_DMA  stm32f4xx_hal_sd.o
    0x08002a0c   0x08002a0c   0x0000000a   Code   RO         6939    i.HAL_SD_RxCpltCallback  bsp_driver_sd.o
    0x08002a16   0x08002a16   0x0000000a   Code   RO         6940    i.HAL_SD_TxCpltCallback  bsp_driver_sd.o
    0x08002a20   0x08002a20   0x00000154   Code   RO         3430    i.HAL_SD_WriteBlocks_DMA  stm32f4xx_hal_sd.o
    0x08002b74   0x08002b74   0x00000002   Code   RO         4377    i.HAL_TIMEx_BreakCallback  stm32f4xx_hal_tim_ex.o
    0x08002b76   0x08002b76   0x00000002   Code   RO         4378    i.HAL_TIMEx_CommutCallback  stm32f4xx_hal_tim_ex.o
    0x08002b78   0x08002b78   0x00000066   Code   RO         3662    i.HAL_TIM_Base_Init  stm32f4xx_hal_tim.o
    0x08002bde   0x08002bde   0x00000002   Code   RO         3664    i.HAL_TIM_Base_MspInit  stm32f4xx_hal_tim.o
    0x08002be0   0x08002be0   0x000000a8   Code   RO         3667    i.HAL_TIM_Base_Start_IT  stm32f4xx_hal_tim.o
    0x08002c88   0x08002c88   0x00000002   Code   RO         3696    i.HAL_TIM_IC_CaptureCallback  stm32f4xx_hal_tim.o
    0x08002c8a   0x08002c8a   0x0000016c   Code   RO         3710    i.HAL_TIM_IRQHandler  stm32f4xx_hal_tim.o
    0x08002df6   0x08002df6   0x00000002   Code   RO         3713    i.HAL_TIM_OC_DelayElapsedCallback  stm32f4xx_hal_tim.o
    0x08002df8   0x08002df8   0x00000002   Code   RO         3740    i.HAL_TIM_PWM_PulseFinishedCallback  stm32f4xx_hal_tim.o
    0x08002dfa   0x08002dfa   0x00000002   PAD
    0x08002dfc   0x08002dfc   0x00000018   Code   RO           14    i.HAL_TIM_PeriodElapsedCallback  main.o
    0x08002e14   0x08002e14   0x00000002   Code   RO         3753    i.HAL_TIM_TriggerCallback  stm32f4xx_hal_tim.o
    0x08002e16   0x08002e16   0x00000076   Code   RO         4674    i.HAL_UART_Init     stm32f4xx_hal_uart.o
    0x08002e8c   0x08002e8c   0x00000088   Code   RO          560    i.HAL_UART_MspInit  usart.o
    0x08002f14   0x08002f14   0x000000be   Code   RO         4682    i.HAL_UART_Transmit  stm32f4xx_hal_uart.o
    0x08002fd2   0x08002fd2   0x00000004   Code   RO          605    i.HardFault_Handler  stm32f4xx_it.o
    0x08002fd6   0x08002fd6   0x00000002   PAD
    0x08002fd8   0x08002fd8   0x000000a0   Code   RO          822    i.LCD_FillRect      int_lcd.o
    0x08003078   0x08003078   0x00000030   Code   RO          823    i.LCD_Init_Application  int_lcd.o
    0x080030a8   0x080030a8   0x00000098   Code   RO          825    i.LCD_SetBackColor  int_lcd.o
    0x08003140   0x08003140   0x00000098   Code   RO          826    i.LCD_SetColor      int_lcd.o
    0x080031d8   0x080031d8   0x00000044   Code   RO          828    i.LCD_Test_Color    int_lcd.o
    0x0800321c   0x0800321c   0x00000028   Code   RO          775    i.LED_Toggle        int_led.o
    0x08003244   0x08003244   0x000001e0   Code   RO         2858    i.LTDC_SetConfig    stm32f4xx_hal_ltdc.o
    0x08003424   0x08003424   0x00000044   Code   RO          382    i.MX_DMA2D_Init     dma2d.o
    0x08003468   0x08003468   0x00000048   Code   RO          356    i.MX_DMA_Init       dma.o
    0x080034b0   0x080034b0   0x0000001c   Code   RO         7126    i.MX_FATFS_Init     fatfs.o
    0x080034cc   0x080034cc   0x0000007c   Code   RO          426    i.MX_FMC_Init       fmc.o
    0x08003548   0x08003548   0x00000054   Code   RO          301    i.MX_FREERTOS_Init  freertos.o
    0x0800359c   0x0800359c   0x00000190   Code   RO          277    i.MX_GPIO_Init      gpio.o
    0x0800372c   0x0800372c   0x000000c8   Code   RO          477    i.MX_LTDC_Init      ltdc.o
    0x080037f4   0x080037f4   0x0000002c   Code   RO          519    i.MX_SDIO_SD_Init   sdio.o
    0x08003820   0x08003820   0x00000038   Code   RO          561    i.MX_USART1_UART_Init  usart.o
    0x08003858   0x08003858   0x00000004   Code   RO          606    i.MemManage_Handler  stm32f4xx_it.o
    0x0800385c   0x0800385c   0x00000004   Code   RO          607    i.NMI_Handler       stm32f4xx_it.o
    0x08003860   0x08003860   0x0000002c   Code   RO         3112    i.SDIO_ConfigData   stm32f4xx_ll_sdmmc.o
    0x0800388c   0x0800388c   0x00000008   Code   RO         3113    i.SDIO_GetCommandResponse  stm32f4xx_ll_sdmmc.o
    0x08003894   0x08003894   0x0000000a   Code   RO         3116    i.SDIO_GetPowerState  stm32f4xx_ll_sdmmc.o
    0x0800389e   0x0800389e   0x0000000c   Code   RO         3117    i.SDIO_GetResponse  stm32f4xx_ll_sdmmc.o
    0x080038aa   0x080038aa   0x00000002   PAD
    0x080038ac   0x080038ac   0x00000010   Code   RO          608    i.SDIO_IRQHandler   stm32f4xx_it.o
    0x080038bc   0x080038bc   0x00000034   Code   RO         3118    i.SDIO_Init         stm32f4xx_ll_sdmmc.o
    0x080038f0   0x080038f0   0x0000000a   Code   RO         3120    i.SDIO_PowerState_ON  stm32f4xx_ll_sdmmc.o
    0x080038fa   0x080038fa   0x00000008   Code   RO         3121    i.SDIO_ReadFIFO     stm32f4xx_ll_sdmmc.o
    0x08003902   0x08003902   0x00000028   Code   RO         3122    i.SDIO_SendCommand  stm32f4xx_ll_sdmmc.o
    0x0800392a   0x0800392a   0x0000000c   Code   RO         3124    i.SDIO_WriteFIFO    stm32f4xx_ll_sdmmc.o
    0x08003936   0x08003936   0x00000038   Code   RO         3125    i.SDMMC_CmdAppCommand  stm32f4xx_ll_sdmmc.o
    0x0800396e   0x0800396e   0x00000002   PAD
    0x08003970   0x08003970   0x0000003c   Code   RO         3126    i.SDMMC_CmdAppOperCommand  stm32f4xx_ll_sdmmc.o
    0x080039ac   0x080039ac   0x00000038   Code   RO         3127    i.SDMMC_CmdBlockLength  stm32f4xx_ll_sdmmc.o
    0x080039e4   0x080039e4   0x00000038   Code   RO         3128    i.SDMMC_CmdBusWidth  stm32f4xx_ll_sdmmc.o
    0x08003a1c   0x08003a1c   0x0000002c   Code   RO         3132    i.SDMMC_CmdGoIdleState  stm32f4xx_ll_sdmmc.o
    0x08003a48   0x08003a48   0x00000034   Code   RO         3134    i.SDMMC_CmdOperCond  stm32f4xx_ll_sdmmc.o
    0x08003a7c   0x08003a7c   0x00000038   Code   RO         3135    i.SDMMC_CmdReadMultiBlock  stm32f4xx_ll_sdmmc.o
    0x08003ab4   0x08003ab4   0x00000038   Code   RO         3136    i.SDMMC_CmdReadSingleBlock  stm32f4xx_ll_sdmmc.o
    0x08003aec   0x08003aec   0x0000003a   Code   RO         3139    i.SDMMC_CmdSelDesel  stm32f4xx_ll_sdmmc.o
    0x08003b26   0x08003b26   0x00000032   Code   RO         3140    i.SDMMC_CmdSendCID  stm32f4xx_ll_sdmmc.o
    0x08003b58   0x08003b58   0x00000032   Code   RO         3141    i.SDMMC_CmdSendCSD  stm32f4xx_ll_sdmmc.o
    0x08003b8a   0x08003b8a   0x00000038   Code   RO         3143    i.SDMMC_CmdSendSCR  stm32f4xx_ll_sdmmc.o
    0x08003bc2   0x08003bc2   0x00000038   Code   RO         3144    i.SDMMC_CmdSendStatus  stm32f4xx_ll_sdmmc.o
    0x08003bfa   0x08003bfa   0x00000038   Code   RO         3145    i.SDMMC_CmdSetRelAdd  stm32f4xx_ll_sdmmc.o
    0x08003c32   0x08003c32   0x00000002   PAD
    0x08003c34   0x08003c34   0x0000003c   Code   RO         3148    i.SDMMC_CmdStopTransfer  stm32f4xx_ll_sdmmc.o
    0x08003c70   0x08003c70   0x00000038   Code   RO         3150    i.SDMMC_CmdWriteMultiBlock  stm32f4xx_ll_sdmmc.o
    0x08003ca8   0x08003ca8   0x00000038   Code   RO         3151    i.SDMMC_CmdWriteSingleBlock  stm32f4xx_ll_sdmmc.o
    0x08003ce0   0x08003ce0   0x00000040   Code   RO         3152    i.SDMMC_GetCmdError  stm32f4xx_ll_sdmmc.o
    0x08003d20   0x08003d20   0x000001ac   Code   RO         3153    i.SDMMC_GetCmdResp1  stm32f4xx_ll_sdmmc.o
    0x08003ecc   0x08003ecc   0x00000064   Code   RO         3154    i.SDMMC_GetCmdResp2  stm32f4xx_ll_sdmmc.o
    0x08003f30   0x08003f30   0x00000058   Code   RO         3155    i.SDMMC_GetCmdResp3  stm32f4xx_ll_sdmmc.o
    0x08003f88   0x08003f88   0x000000b8   Code   RO         3156    i.SDMMC_GetCmdResp6  stm32f4xx_ll_sdmmc.o
    0x08004040   0x08004040   0x0000006c   Code   RO         3157    i.SDMMC_GetCmdResp7  stm32f4xx_ll_sdmmc.o
    0x080040ac   0x080040ac   0x00000090   Code   RO          939    i.SDRAM_Initialization_Sequence  app_sdram.o
    0x0800413c   0x0800413c   0x00000028   Code   RO         7047    i.SD_CheckStatus    sd_diskio.o
    0x08004164   0x08004164   0x00000026   Code   RO         7048    i.SD_CheckStatusWithTimeout  sd_diskio.o
    0x0800418a   0x0800418a   0x00000002   PAD
    0x0800418c   0x0800418c   0x00000074   Code   RO         3432    i.SD_DMAError       stm32f4xx_hal_sd.o
    0x08004200   0x08004200   0x00000048   Code   RO         3433    i.SD_DMAReceiveCplt  stm32f4xx_hal_sd.o
    0x08004248   0x08004248   0x00000048   Code   RO         3434    i.SD_DMARxAbort     stm32f4xx_hal_sd.o
    0x08004290   0x08004290   0x00000012   Code   RO         3435    i.SD_DMATransmitCplt  stm32f4xx_hal_sd.o
    0x080042a2   0x080042a2   0x00000048   Code   RO         3436    i.SD_DMATxAbort     stm32f4xx_hal_sd.o
    0x080042ea   0x080042ea   0x0000014c   Code   RO         3437    i.SD_FindSCR        stm32f4xx_hal_sd.o
    0x08004436   0x08004436   0x00000102   Code   RO         3438    i.SD_InitCard       stm32f4xx_hal_sd.o
    0x08004538   0x08004538   0x000000cc   Code   RO         3440    i.SD_PowerON        stm32f4xx_hal_sd.o
    0x08004604   0x08004604   0x0000004a   Code   RO         3441    i.SD_Read_IT        stm32f4xx_hal_sd.o
    0x0800464e   0x0800464e   0x00000030   Code   RO         3443    i.SD_SendStatus     stm32f4xx_hal_sd.o
    0x0800467e   0x0800467e   0x00000068   Code   RO         3444    i.SD_WideBus_Disable  stm32f4xx_hal_sd.o
    0x080046e6   0x080046e6   0x00000068   Code   RO         3445    i.SD_WideBus_Enable  stm32f4xx_hal_sd.o
    0x0800474e   0x0800474e   0x00000054   Code   RO         3446    i.SD_Write_IT       stm32f4xx_hal_sd.o
    0x080047a2   0x080047a2   0x00000002   PAD
    0x080047a4   0x080047a4   0x00000060   Code   RO         7049    i.SD_initialize     sd_diskio.o
    0x08004804   0x08004804   0x0000006c   Code   RO         7050    i.SD_ioctl          sd_diskio.o
    0x08004870   0x08004870   0x00000078   Code   RO         7051    i.SD_read           sd_diskio.o
    0x080048e8   0x080048e8   0x0000000c   Code   RO         7052    i.SD_status         sd_diskio.o
    0x080048f4   0x080048f4   0x00000078   Code   RO         7053    i.SD_write          sd_diskio.o
    0x0800496c   0x0800496c   0x0000009c   Code   RO          302    i.StartDefaultTask  freertos.o
    0x08004a08   0x08004a08   0x00000016   Code   RO         6259    i.SysTick_Handler   cmsis_os2.o
    0x08004a1e   0x08004a1e   0x00000002   PAD
    0x08004a20   0x08004a20   0x000000bc   Code   RO           15    i.SystemClock_Config  main.o
    0x08004adc   0x08004adc   0x00000014   Code   RO         5018    i.SystemInit        system_stm32f4xx.o
    0x08004af0   0x08004af0   0x00000010   Code   RO          609    i.TIM6_DAC_IRQHandler  stm32f4xx_it.o
    0x08004b00   0x08004b00   0x000000e0   Code   RO         3755    i.TIM_Base_SetConfig  stm32f4xx_hal_tim.o
    0x08004be0   0x08004be0   0x00000012   Code   RO         5054    i.Task_Heartbeat_Led  task_heartbeat_led.o
    0x08004bf2   0x08004bf2   0x00000002   PAD
    0x08004bf4   0x08004bf4   0x0000039c   Code   RO         5084    i.Task_Peripheral_Init  task_peripheral_init.o
    0x08004f90   0x08004f90   0x0000006c   Code   RO         4697    i.UART_EndRxTransfer  stm32f4xx_hal_uart.o
    0x08004ffc   0x08004ffc   0x0000022c   Code   RO         4701    i.UART_SetConfig    stm32f4xx_hal_uart.o
    0x08005228   0x08005228   0x0000008c   Code   RO         4705    i.UART_WaitOnFlagUntilTimeout  stm32f4xx_hal_uart.o
    0x080052b4   0x080052b4   0x00000004   Code   RO          610    i.UsageFault_Handler  stm32f4xx_it.o
    0x080052b8   0x080052b8   0x00000020   Code   RO         7872    i.__0printf$4       mc_w.l(printf4.o)
    0x080052d8   0x080052d8   0x00000010   Code   RO         2061    i.__NVIC_GetPriorityGrouping  stm32f4xx_hal_cortex.o
    0x080052e8   0x080052e8   0x00000028   Code   RO         2062    i.__NVIC_SetPriority  stm32f4xx_hal_cortex.o
    0x08005310   0x08005310   0x00000006   Code   RO         6261    i.__get_IPSR        cmsis_os2.o
    0x08005316   0x08005316   0x0000000e   Code   RO         8064    i.__scatterload_copy  mc_w.l(handlers.o)
    0x08005324   0x08005324   0x00000002   Code   RO         8065    i.__scatterload_null  mc_w.l(handlers.o)
    0x08005326   0x08005326   0x0000000e   Code   RO         8066    i.__scatterload_zeroinit  mc_w.l(handlers.o)
    0x08005334   0x08005334   0x0000022c   Code   RO         7879    i._printf_core      mc_w.l(printf4.o)
    0x08005560   0x08005560   0x0000007c   Code   RO         7218    i.check_fs          ff.o
    0x080055dc   0x080055dc   0x00000028   Code   RO         7221    i.clear_lock        ff.o
    0x08005604   0x08005604   0x00000030   Code   RO         7163    i.disk_initialize   diskio.o
    0x08005634   0x08005634   0x00000028   Code   RO         7164    i.disk_ioctl        diskio.o
    0x0800565c   0x0800565c   0x00000030   Code   RO         7165    i.disk_read         diskio.o
    0x0800568c   0x0800568c   0x0000001c   Code   RO         7166    i.disk_status       diskio.o
    0x080056a8   0x080056a8   0x00000030   Code   RO         7167    i.disk_write        diskio.o
    0x080056d8   0x080056d8   0x00000104   Code   RO         7238    i.f_getfree         ff.o
    0x080057dc   0x080057dc   0x00000684   Code   RO         7243    i.f_mkfs            ff.o
    0x08005e60   0x08005e60   0x00000084   Code   RO         7244    i.f_mount           ff.o
    0x08005ee4   0x08005ee4   0x00000022   Code   RO         7669    i.ff_cre_syncobj    syscall.o
    0x08005f06   0x08005f06   0x0000000e   Code   RO         7670    i.ff_del_syncobj    syscall.o
    0x08005f14   0x08005f14   0x0000000c   Code   RO         7671    i.ff_rel_grant      syscall.o
    0x08005f20   0x08005f20   0x00000018   Code   RO         7672    i.ff_req_grant      syscall.o
    0x08005f38   0x08005f38   0x0000030c   Code   RO         7259    i.find_volume       ff.o
    0x08006244   0x08006244   0x0000001c   Code   RO          746    i.fputc             com_debug.o
    0x08006260   0x08006260   0x000000e0   Code   RO         7262    i.get_fat           ff.o
    0x08006340   0x08006340   0x00000004   Code   RO         7127    i.get_fattime       fatfs.o
    0x08006344   0x08006344   0x00000048   Code   RO         7264    i.get_ldnumber      ff.o
    0x0800638c   0x0800638c   0x00000018   Code   RO         7267    i.ld_dword          ff.o
    0x080063a4   0x080063a4   0x0000000c   Code   RO         7268    i.ld_word           ff.o
    0x080063b0   0x080063b0   0x00000016   Code   RO         7269    i.lock_fs           ff.o
    0x080063c6   0x080063c6   0x0000003c   Code   RO           16    i.main              main.o
    0x08006402   0x08006402   0x0000001a   Code   RO         7271    i.mem_cpy           ff.o
    0x0800641c   0x0800641c   0x00000012   Code   RO         7272    i.mem_set           ff.o
    0x0800642e   0x0800642e   0x00000034   Code   RO         7273    i.move_window       ff.o
    0x08006462   0x08006462   0x0000001e   Code   RO         6262    i.osDelay           cmsis_os2.o
    0x08006480   0x08006480   0x00000034   Code   RO         6271    i.osKernelGetState  cmsis_os2.o
    0x080064b4   0x080064b4   0x0000001a   Code   RO         6274    i.osKernelGetTickCount  cmsis_os2.o
    0x080064ce   0x080064ce   0x00000002   PAD
    0x080064d0   0x080064d0   0x0000002c   Code   RO         6276    i.osKernelInitialize  cmsis_os2.o
    0x080064fc   0x080064fc   0x00000060   Code   RO         6279    i.osKernelStart     cmsis_os2.o
    0x0800655c   0x0800655c   0x00000080   Code   RO         6291    i.osMessageQueueGet  cmsis_os2.o
    0x080065dc   0x080065dc   0x0000009a   Code   RO         6296    i.osMessageQueueNew  cmsis_os2.o
    0x08006676   0x08006676   0x00000002   PAD
    0x08006678   0x08006678   0x00000084   Code   RO         6297    i.osMessageQueuePut  cmsis_os2.o
    0x080066fc   0x080066fc   0x0000006c   Code   RO         6304    i.osSemaphoreAcquire  cmsis_os2.o
    0x08006768   0x08006768   0x0000002c   Code   RO         6305    i.osSemaphoreDelete  cmsis_os2.o
    0x08006794   0x08006794   0x000000cc   Code   RO         6307    i.osSemaphoreNew    cmsis_os2.o
    0x08006860   0x08006860   0x0000005c   Code   RO         6308    i.osSemaphoreRelease  cmsis_os2.o
    0x080068bc   0x080068bc   0x000000b8   Code   RO         6321    i.osThreadNew       cmsis_os2.o
    0x08006974   0x08006974   0x0000007c   Code   RO         5696    i.prvAddCurrentTaskToDelayedList  tasks.o
    0x080069f0   0x080069f0   0x000000b8   Code   RO         5697    i.prvAddNewTaskToReadyList  tasks.o
    0x08006aa8   0x08006aa8   0x00000074   Code   RO         6072    i.prvCheckForValidListAndQueue  timers.o
    0x08006b1c   0x08006b1c   0x00000048   Code   RO         5698    i.prvCheckTasksWaitingTermination  tasks.o
    0x08006b64   0x08006b64   0x0000002a   Code   RO         5283    i.prvCopyDataFromQueue  queue.o
    0x08006b8e   0x08006b8e   0x0000007e   Code   RO         5284    i.prvCopyDataToQueue  queue.o
    0x08006c0c   0x08006c0c   0x00000050   Code   RO         5699    i.prvDeleteTCB      tasks.o
    0x08006c5c   0x08006c5c   0x00000014   Code   RO         5285    i.prvGetDisinheritPriorityAfterTimeout  queue.o
    0x08006c70   0x08006c70   0x00000028   Code   RO         6073    i.prvGetNextExpireTime  timers.o
    0x08006c98   0x08006c98   0x0000007c   Code   RO         6789    i.prvHeapInit       heap_4.o
    0x08006d14   0x08006d14   0x00000028   Code   RO         5700    i.prvIdleTask       tasks.o
    0x08006d3c   0x08006d3c   0x0000002a   Code   RO         5287    i.prvInitialiseNewQueue  queue.o
    0x08006d66   0x08006d66   0x000000be   Code   RO         5701    i.prvInitialiseNewTask  tasks.o
    0x08006e24   0x08006e24   0x00000068   Code   RO         5702    i.prvInitialiseTaskLists  tasks.o
    0x08006e8c   0x08006e8c   0x00000068   Code   RO         6790    i.prvInsertBlockIntoFreeList  heap_4.o
    0x08006ef4   0x08006ef4   0x00000058   Code   RO         6075    i.prvInsertTimerInActiveList  timers.o
    0x08006f4c   0x08006f4c   0x0000001a   Code   RO         5288    i.prvIsQueueEmpty   queue.o
    0x08006f66   0x08006f66   0x0000001e   Code   RO         5289    i.prvIsQueueFull    queue.o
    0x08006f84   0x08006f84   0x00000074   Code   RO         6076    i.prvProcessExpiredTimer  timers.o
    0x08006ff8   0x08006ff8   0x00000164   Code   RO         6077    i.prvProcessReceivedCommands  timers.o
    0x0800715c   0x0800715c   0x00000074   Code   RO         6078    i.prvProcessTimerOrBlockTask  timers.o
    0x080071d0   0x080071d0   0x00000034   Code   RO         5704    i.prvResetNextTaskUnblockTime  tasks.o
    0x08007204   0x08007204   0x0000002c   Code   RO         6079    i.prvSampleTimeNow  timers.o
    0x08007230   0x08007230   0x000000a4   Code   RO         6080    i.prvSwitchTimerLists  timers.o
    0x080072d4   0x080072d4   0x00000040   Code   RO         6845    i.prvTaskExitError  port.o
    0x08007314   0x08007314   0x0000001a   Code   RO         6081    i.prvTimerTask      timers.o
    0x0800732e   0x0800732e   0x0000007e   Code   RO         5290    i.prvUnlockQueue    queue.o
    0x080073ac   0x080073ac   0x0000014c   Code   RO         6791    i.pvPortMalloc      heap_4.o
    0x080074f8   0x080074f8   0x00000020   Code   RO         5707    i.pvTaskIncrementMutexHeldCount  tasks.o
    0x08007518   0x08007518   0x0000002c   Code   RO         6846    i.pxPortInitialiseStack  port.o
    0x08007544   0x08007544   0x00000018   Code   RO         7282    i.st_dword          ff.o
    0x0800755c   0x0800755c   0x0000000c   Code   RO         7283    i.st_word           ff.o
    0x08007568   0x08007568   0x00000052   Code   RO         7286    i.sync_window       ff.o
    0x080075ba   0x080075ba   0x0000001c   Code   RO         7287    i.unlock_fs         ff.o
    0x080075d6   0x080075d6   0x00000028   Code   RO         5243    i.uxListRemove      list.o
    0x080075fe   0x080075fe   0x00000002   PAD
    0x08007600   0x08007600   0x00000018   Code   RO         6333    i.vApplicationGetIdleTaskMemory  cmsis_os2.o
    0x08007618   0x08007618   0x00000018   Code   RO         6334    i.vApplicationGetTimerTaskMemory  cmsis_os2.o
    0x08007630   0x08007630   0x0000001a   Code   RO         5244    i.vListInitialise   list.o
    0x0800764a   0x0800764a   0x00000006   Code   RO         5245    i.vListInitialiseItem  list.o
    0x08007650   0x08007650   0x00000034   Code   RO         5246    i.vListInsert       list.o
    0x08007684   0x08007684   0x00000018   Code   RO         5247    i.vListInsertEnd    list.o
    0x0800769c   0x0800769c   0x00000054   Code   RO         6848    i.vPortEnterCritical  port.o
    0x080076f0   0x080076f0   0x0000003c   Code   RO         6849    i.vPortExitCritical  port.o
    0x0800772c   0x0800772c   0x000000a4   Code   RO         6792    i.vPortFree         heap_4.o
    0x080077d0   0x080077d0   0x00000028   Code   RO         6850    i.vPortSetupTimerInterrupt  port.o
    0x080077f8   0x080077f8   0x00000078   Code   RO         6851    i.vPortValidateInterruptPriority  port.o
    0x08007870   0x08007870   0x0000002c   Code   RO         5296    i.vQueueAddToRegistry  queue.o
    0x0800789c   0x0800789c   0x00000032   Code   RO         5297    i.vQueueDelete      queue.o
    0x080078ce   0x080078ce   0x00000002   PAD
    0x080078d0   0x080078d0   0x00000030   Code   RO         5299    i.vQueueUnregisterQueue  queue.o
    0x08007900   0x08007900   0x0000004a   Code   RO         5300    i.vQueueWaitForMessageRestricted  queue.o
    0x0800794a   0x0800794a   0x00000002   PAD
    0x0800794c   0x0800794c   0x0000005c   Code   RO         5717    i.vTaskDelay        tasks.o
    0x080079a8   0x080079a8   0x000000c8   Code   RO         5719    i.vTaskDelete       tasks.o
    0x08007a70   0x08007a70   0x00000018   Code   RO         5722    i.vTaskInternalSetTimeOutState  tasks.o
    0x08007a88   0x08007a88   0x0000000c   Code   RO         5723    i.vTaskMissedYield  tasks.o
    0x08007a94   0x08007a94   0x00000038   Code   RO         5725    i.vTaskPlaceOnEventList  tasks.o
    0x08007acc   0x08007acc   0x00000040   Code   RO         5726    i.vTaskPlaceOnEventListRestricted  tasks.o
    0x08007b0c   0x08007b0c   0x000000d0   Code   RO         5728    i.vTaskPriorityDisinheritAfterTimeout  tasks.o
    0x08007bdc   0x08007bdc   0x000000b8   Code   RO         5734    i.vTaskStartScheduler  tasks.o
    0x08007c94   0x08007c94   0x00000010   Code   RO         5736    i.vTaskSuspendAll   tasks.o
    0x08007ca4   0x08007ca4   0x00000090   Code   RO         5737    i.vTaskSwitchContext  tasks.o
    0x08007d34   0x08007d34   0x00000168   Code   RO         6852    i.xPortStartScheduler  port.o
    0x08007e9c   0x08007e9c   0x00000034   Code   RO         6853    i.xPortSysTickHandler  port.o
    0x08007ed0   0x08007ed0   0x0000005c   Code   RO         5301    i.xQueueCreateCountingSemaphore  queue.o
    0x08007f2c   0x08007f2c   0x00000064   Code   RO         5302    i.xQueueCreateCountingSemaphoreStatic  queue.o
    0x08007f90   0x08007f90   0x0000005a   Code   RO         5305    i.xQueueGenericCreate  queue.o
    0x08007fea   0x08007fea   0x000000e0   Code   RO         5306    i.xQueueGenericCreateStatic  queue.o
    0x080080ca   0x080080ca   0x00000002   PAD
    0x080080cc   0x080080cc   0x00000098   Code   RO         5307    i.xQueueGenericReset  queue.o
    0x08008164   0x08008164   0x000001a8   Code   RO         5308    i.xQueueGenericSend  queue.o
    0x0800830c   0x0800830c   0x000000fc   Code   RO         5309    i.xQueueGenericSendFromISR  queue.o
    0x08008408   0x08008408   0x000000e0   Code   RO         5312    i.xQueueGiveFromISR  queue.o
    0x080084e8   0x080084e8   0x00000168   Code   RO         5318    i.xQueueReceive     queue.o
    0x08008650   0x08008650   0x000000ca   Code   RO         5319    i.xQueueReceiveFromISR  queue.o
    0x0800871a   0x0800871a   0x00000002   PAD
    0x0800871c   0x0800871c   0x000001b8   Code   RO         5320    i.xQueueSemaphoreTake  queue.o
    0x080088d4   0x080088d4   0x0000008c   Code   RO         5739    i.xTaskCheckForTimeOut  tasks.o
    0x08008960   0x08008960   0x00000064   Code   RO         5740    i.xTaskCreate       tasks.o
    0x080089c4   0x080089c4   0x000000ba   Code   RO         5741    i.xTaskCreateStatic  tasks.o
    0x08008a7e   0x08008a7e   0x00000002   PAD
    0x08008a80   0x08008a80   0x00000020   Code   RO         5745    i.xTaskGetSchedulerState  tasks.o
    0x08008aa0   0x08008aa0   0x0000000c   Code   RO         5746    i.xTaskGetTickCount  tasks.o
    0x08008aac   0x08008aac   0x00000014   Code   RO         5747    i.xTaskGetTickCountFromISR  tasks.o
    0x08008ac0   0x08008ac0   0x00000144   Code   RO         5748    i.xTaskIncrementTick  tasks.o
    0x08008c04   0x08008c04   0x000000a4   Code   RO         5751    i.xTaskPriorityDisinherit  tasks.o
    0x08008ca8   0x08008ca8   0x000000a4   Code   RO         5752    i.xTaskPriorityInherit  tasks.o
    0x08008d4c   0x08008d4c   0x00000098   Code   RO         5753    i.xTaskRemoveFromEventList  tasks.o
    0x08008de4   0x08008de4   0x00000104   Code   RO         5754    i.xTaskResumeAll    tasks.o
    0x08008ee8   0x08008ee8   0x00000078   Code   RO         6090    i.xTimerCreateTimerTask  timers.o
    0x08008f60   0x08008f60   0x00000084   Code   RO         6091    i.xTimerGenericCommand  timers.o
    0x08008fe4   0x08008fe4   0x0000006c   Data   RO          305    .constdata          freertos.o
    0x08009050   0x08009050   0x00000020   Data   RO          830    .constdata          int_lcd.o
    0x08009070   0x08009070   0x00000008   Data   RO         1757    .constdata          stm32f4xx_hal_dma.o
    0x08009078   0x08009078   0x00000018   Data   RO         5019    .constdata          system_stm32f4xx.o
    0x08009090   0x08009090   0x00000014   Data   RO         7054    .constdata          sd_diskio.o
    0x080090a4   0x080090a4   0x0000003a   Data   RO         7290    .constdata          ff.o
    0x080090de   0x080090de   0x00000002   PAD
    0x080090e0   0x080090e0   0x0000002c   Data   RO          306    .conststring        freertos.o
    0x0800910c   0x0800910c   0x00000020   Data   RO         8062    Region$$Table       anon$$obj.o


    Execution Region RW_IRAM2 (Exec base: 0x10000000, Load base: 0x080091ec, Size: 0x00000000, Max: 0x00010000, ABSOLUTE)

    **** No section assigned to this execution region ****


    Execution Region RW_IRAM1 (Exec base: 0x20000000, Load base: 0x0800912c, Size: 0x00011130, Max: 0x00030000, ABSOLUTE)

    Exec Addr    Load Addr    Size         Type   Attr      Idx    E Section Name        Object

    0x20000000   0x0800912c   0x0000000c   Data   RW          307    .data               freertos.o
    0x2000000c   0x08009138   0x00000008   Data   RW          428    .data               fmc.o
    0x20000014   0x08009140   0x00000009   Data   RW         2227    .data               stm32f4xx_hal.o
    0x2000001d   0x08009149   0x00000003   PAD
    0x20000020   0x0800914c   0x00000004   Data   RW         5020    .data               system_stm32f4xx.o
    0x20000024   0x08009150   0x0000003c   Data   RW         5757    .data               tasks.o
    0x20000060   0x0800918c   0x00000014   Data   RW         6099    .data               timers.o
    0x20000074   0x080091a0   0x00000004   Data   RW         6336    .data               cmsis_os2.o
    0x20000078   0x080091a4   0x00000020   Data   RW         6798    .data               heap_4.o
    0x20000098   0x080091c4   0x0000000c   Data   RW         6854    .data               port.o
    0x200000a4   0x080091d0   0x00000008   Data   RW         7055    .data               sd_diskio.o
    0x200000ac   0x080091d8   0x00000005   Data   RW         7129    .data               fatfs.o
    0x200000b1   0x080091dd   0x00000003   PAD
    0x200000b4   0x080091e0   0x00000006   Data   RW         7291    .data               ff.o
    0x200000ba   0x080091e6   0x00000002   PAD
    0x200000bc   0x080091e8   0x00000004   Data   RW         8038    .data               mc_w.l(stdout.o)
    0x200000c0        -       0x00000040   Zero   RW          383    .bss                dma2d.o
    0x20000100        -       0x00000034   Zero   RW          427    .bss                fmc.o
    0x20000134        -       0x000000a8   Zero   RW          478    .bss                ltdc.o
    0x200001dc        -       0x00000144   Zero   RW          520    .bss                sdio.o
    0x20000320        -       0x00000048   Zero   RW          562    .bss                usart.o
    0x20000368        -       0x00000048   Zero   RW          710    .bss                stm32f4xx_hal_timebase_tim.o
    0x200003b0        -       0x00000014   Zero   RW          829    .bss                int_lcd.o
    0x200003c4        -       0x00000040   Zero   RW         5322    .bss                queue.o
    0x20000404        -       0x000004c4   Zero   RW         5756    .bss                tasks.o
    0x200008c8        -       0x00000118   Zero   RW         6098    .bss                timers.o
    0x200009e0        -       0x000006b8   Zero   RW         6335    .bss                cmsis_os2.o
    0x20001098        -       0x00003c00   Zero   RW         6797    .bss                heap_4.o
    0x20004c98        -       0x00000468   Zero   RW         7128    .bss                fatfs.o
    0x20005100        -       0x00000020   Zero   RW         7289    .bss                ff.o
    0x20005120        -       0x0000000c   Zero   RW         7623    .bss                ff_gen_drv.o
    0x2000512c   0x080091ec   0x00000004   PAD
    0x20005130        -       0x0000c000   Zero   RW            1    STACK               startup_stm32f429xx.o


==============================================================================

Image component sizes


      Code (inc. data)   RO Data    RW Data    ZI Data      Debug   Object Name

       144          0          0          0          0       1204   app_sdram.o
       216         26          0          0          0       6390   bsp_driver_sd.o
      1370         58          0          4       1720      72736   cmsis_os2.o
        28          6          0          0          0        568   com_debug.o
       212         26          0          0          0       4025   diskio.o
        72          4          0          0          0        894   dma.o
       120         16          0          0         64       1673   dma2d.o
         0          0          0          0          0      19404   event_groups.o
        32         12          0          5       1128       1644   fatfs.o
      3600        116         58          6         32      20800   ff.o
       102          6          0          0         12       1671   ff_gen_drv.o
       406         40          0          8         52       2564   fmc.o
       240         76        152         12          0       2123   freertos.o
       400         12          0          0          0       1339   gpio.o
       724         74          0         32      15360       4975   heap_4.o
       580         36         32          0         20       4299   int_lcd.o
        40          8          0          0          0        561   int_led.o
       148          0          0          0          0       3686   list.o
       628         36          0          0        168       2322   ltdc.o
       278         14          0          0          0     824536   main.o
      1014         92          0         12          0      11801   port.o
      3188         30          0          0         64      27140   queue.o
       590         44         20          8          0       7101   sd_diskio.o
       440         40          0          0        324       2047   sdio.o
        36          8        428          0      49152        836   startup_stm32f429xx.o
       136         24          0          9          0       8990   stm32f4xx_hal.o
       260         22          0          0          0      33554   stm32f4xx_hal_cortex.o
      1270         16          8          0          0       6921   stm32f4xx_hal_dma.o
       300          6          0          0          0       2265   stm32f4xx_hal_dma2d.o
       560         54          0          0          0       2897   stm32f4xx_hal_gpio.o
       776          0          0          0          0       2987   stm32f4xx_hal_ltdc.o
        84          6          0          0          0        982   stm32f4xx_hal_msp.o
       140         12          0          0          0       1400   stm32f4xx_hal_pwr_ex.o
      1888         94          0          0          0       6405   stm32f4xx_hal_rcc.o
       772         26          0          0          0       1720   stm32f4xx_hal_rcc_ex.o
      3734         74          0          0          0      19095   stm32f4xx_hal_sd.o
       196          0          0          0          0       2924   stm32f4xx_hal_sdram.o
       868         76          0          0          0       6710   stm32f4xx_hal_tim.o
         4          0          0          0          0       1717   stm32f4xx_hal_tim_ex.o
       180         20          0          0         72       1587   stm32f4xx_hal_timebase_tim.o
      1112         10          0          0          0       4704   stm32f4xx_hal_uart.o
        86         24          0          0          0       4809   stm32f4xx_it.o
       362          4          0          0          0       5004   stm32f4xx_ll_fmc.o
      2102         46          0          0          0      24639   stm32f4xx_ll_sdmmc.o
         0          0          0          0          0        392   stream_buffer.o
        84          0          0          0          0       3568   syscall.o
        20          6         24          4          0       1251   system_stm32f4xx.o
        18          0          0          0          0        521   task_heartbeat_led.o
       924        532          0          0          0       1243   task_peripheral_init.o
      3432        416          0         60       1220      31652   tasks.o
      1318        124          0         20        280      32951   timers.o
       192         22          0          0         72       1810   usart.o

    ----------------------------------------------------------------------
     35474       2394        756        188      69744    1239037   Object Totals
         0          0         32          0          0          0   (incl. Generated)
        48          0          2          8          4          0   (incl. Padding)

    ----------------------------------------------------------------------

      Code (inc. data)   RO Data    RW Data    ZI Data      Debug   Library Member Name

         0          0          0          0          0          0   entry.o
         0          0          0          0          0          0   entry10a.o
         0          0          0          0          0          0   entry11a.o
         4          0          0          0          0          0   entry12b.o
         8          4          0          0          0          0   entry2.o
         4          0          0          0          0          0   entry5.o
         0          0          0          0          0          0   entry7b.o
         0          0          0          0          0          0   entry8b.o
         8          4          0          0          0          0   entry9a.o
        30          0          0          0          0          0   handlers.o
        36          8          0          0          0         68   init.o
        30          0          0          0          0         68   llshl.o
        32          0          0          0          0         68   llushr.o
        36          0          0          0          0         68   memcpya.o
        36          0          0          0          0        108   memseta.o
       588         14          0          0          0        184   printf4.o
         0          0          0          4          0          0   stdout.o
        22          0          0          0          0         68   strrchr.o
        98          0          0          0          0         92   uldiv.o

    ----------------------------------------------------------------------
       934         30          0          4          0        724   Library Totals
         2          0          0          0          0          0   (incl. Padding)

    ----------------------------------------------------------------------

      Code (inc. data)   RO Data    RW Data    ZI Data      Debug   Library Name

       932         30          0          4          0        724   mc_w.l

    ----------------------------------------------------------------------
       934         30          0          4          0        724   Library Totals

    ----------------------------------------------------------------------

==============================================================================


      Code (inc. data)   RO Data    RW Data    ZI Data      Debug   

     36408       2424        756        192      69744    1210053   Grand Totals
     36408       2424        756        192      69744    1210053   ELF Image Totals
     36408       2424        756        192          0          0   ROM Totals

==============================================================================

    Total RO  Size (Code + RO Data)                37164 (  36.29kB)
    Total RW  Size (RW Data + ZI Data)             69936 (  68.30kB)
    Total ROM Size (Code + RO Data + RW Data)      37356 (  36.48kB)

==============================================================================

