Component: ARM Compiler 5.06 update 7 (build 960) Tool: armlink [4d3601]

==============================================================================

Section Cross References

    startup_stm32f429xx.o(RESET) refers to startup_stm32f429xx.o(STACK) for __initial_sp
    startup_stm32f429xx.o(RESET) refers to startup_stm32f429xx.o(.text) for Reset_Handler
    startup_stm32f429xx.o(RESET) refers to stm32f4xx_it.o(i.NMI_Handler) for NMI_Handler
    startup_stm32f429xx.o(RESET) refers to stm32f4xx_it.o(i.HardFault_Handler) for HardFault_Handler
    startup_stm32f429xx.o(RESET) refers to stm32f4xx_it.o(i.MemManage_Handler) for MemManage_Handler
    startup_stm32f429xx.o(RESET) refers to stm32f4xx_it.o(i.BusFault_Handler) for BusFault_Handler
    startup_stm32f429xx.o(RESET) refers to stm32f4xx_it.o(i.UsageFault_Handler) for UsageFault_Handler
    startup_stm32f429xx.o(RESET) refers to port.o(.emb_text) for SVC_Handler
    startup_stm32f429xx.o(RESET) refers to stm32f4xx_it.o(i.DebugMon_Handler) for DebugMon_Handler
    startup_stm32f429xx.o(RESET) refers to cmsis_os2.o(i.SysTick_Handler) for SysTick_Handler
    startup_stm32f429xx.o(RESET) refers to stm32f4xx_it.o(i.SDIO_IRQHandler) for SDIO_IRQHandler
    startup_stm32f429xx.o(RESET) refers to stm32f4xx_it.o(i.TIM6_DAC_IRQHandler) for TIM6_DAC_IRQHandler
    startup_stm32f429xx.o(RESET) refers to stm32f4xx_it.o(i.DMA2_Stream3_IRQHandler) for DMA2_Stream3_IRQHandler
    startup_stm32f429xx.o(RESET) refers to stm32f4xx_it.o(i.DMA2_Stream6_IRQHandler) for DMA2_Stream6_IRQHandler
    startup_stm32f429xx.o(.text) refers to system_stm32f4xx.o(i.SystemInit) for SystemInit
    startup_stm32f429xx.o(.text) refers to entry.o(.ARM.Collect$$$$00000000) for __main
    main.o(i.HAL_TIM_PeriodElapsedCallback) refers to stm32f4xx_hal.o(i.HAL_IncTick) for HAL_IncTick
    main.o(i.SystemClock_Config) refers to memseta.o(.text) for __aeabi_memclr4
    main.o(i.SystemClock_Config) refers to stm32f4xx_hal_rcc.o(i.HAL_RCC_OscConfig) for HAL_RCC_OscConfig
    main.o(i.SystemClock_Config) refers to main.o(i.Error_Handler) for Error_Handler
    main.o(i.SystemClock_Config) refers to stm32f4xx_hal_pwr_ex.o(i.HAL_PWREx_EnableOverDrive) for HAL_PWREx_EnableOverDrive
    main.o(i.SystemClock_Config) refers to stm32f4xx_hal_rcc.o(i.HAL_RCC_ClockConfig) for HAL_RCC_ClockConfig
    main.o(i.main) refers to stm32f4xx_hal.o(i.HAL_Init) for HAL_Init
    main.o(i.main) refers to main.o(i.SystemClock_Config) for SystemClock_Config
    main.o(i.main) refers to gpio.o(i.MX_GPIO_Init) for MX_GPIO_Init
    main.o(i.main) refers to dma.o(i.MX_DMA_Init) for MX_DMA_Init
    main.o(i.main) refers to usart.o(i.MX_USART1_UART_Init) for MX_USART1_UART_Init
    main.o(i.main) refers to fmc.o(i.MX_FMC_Init) for MX_FMC_Init
    main.o(i.main) refers to sdio.o(i.MX_SDIO_SD_Init) for MX_SDIO_SD_Init
    main.o(i.main) refers to fatfs.o(i.MX_FATFS_Init) for MX_FATFS_Init
    main.o(i.main) refers to ltdc.o(i.MX_LTDC_Init) for MX_LTDC_Init
    main.o(i.main) refers to dma2d.o(i.MX_DMA2D_Init) for MX_DMA2D_Init
    main.o(i.main) refers to i2c.o(i.MX_I2C2_Init) for MX_I2C2_Init
    main.o(i.main) refers to int_lcd.o(i.LCD_Test_Color) for LCD_Test_Color
    main.o(i.main) refers to int_touch.o(i.Touch_Init) for Touch_Init
    main.o(i.main) refers to printf8.o(i.__0printf$8) for __2printf
    main.o(i.main) refers to int_touch.o(i.Touch_Scan) for Touch_Scan
    main.o(i.main) refers to stm32f4xx_hal.o(i.HAL_Delay) for HAL_Delay
    main.o(i.main) refers to cmsis_os2.o(i.osKernelInitialize) for osKernelInitialize
    main.o(i.main) refers to freertos.o(i.MX_FREERTOS_Init) for MX_FREERTOS_Init
    main.o(i.main) refers to cmsis_os2.o(i.osKernelStart) for osKernelStart
    main.o(i.main) refers to int_touch.o(.bss) for touchInfo
    gpio.o(i.MX_GPIO_Init) refers to memseta.o(.text) for __aeabi_memclr4
    gpio.o(i.MX_GPIO_Init) refers to stm32f4xx_hal_gpio.o(i.HAL_GPIO_WritePin) for HAL_GPIO_WritePin
    gpio.o(i.MX_GPIO_Init) refers to stm32f4xx_hal_gpio.o(i.HAL_GPIO_Init) for HAL_GPIO_Init
    freertos.o(i.MX_FREERTOS_Init) refers to cmsis_os2.o(i.osThreadNew) for osThreadNew
    freertos.o(i.MX_FREERTOS_Init) refers to freertos.o(.constdata) for defaultTask_attributes
    freertos.o(i.MX_FREERTOS_Init) refers to freertos.o(i.StartDefaultTask) for StartDefaultTask
    freertos.o(i.MX_FREERTOS_Init) refers to freertos.o(.data) for defaultTaskHandle
    freertos.o(i.MX_FREERTOS_Init) refers to task_heartbeat_led.o(i.Task_Heartbeat_Led) for Task_Heartbeat_Led
    freertos.o(i.MX_FREERTOS_Init) refers to task_peripheral_init.o(i.Task_Peripheral_Init) for Task_Peripheral_Init
    freertos.o(i.StartDefaultTask) refers to strrchr.o(.text) for strrchr
    freertos.o(i.StartDefaultTask) refers to printf8.o(i.__0printf$8) for __2printf
    freertos.o(i.StartDefaultTask) refers to cmsis_os2.o(i.osDelay) for osDelay
    freertos.o(i.Task_Heartbeat_Led) refers to cmsis_os2.o(i.osDelay) for osDelay
[...]
    __Vectors                                0x08000000   Data           4  startup_stm32f429xx.o(RESET)
    __Vectors_End                            0x080001ac   Data           0  startup_stm32f429xx.o(RESET)
    __main                                   0x080001ad   Thumb Code     0  entry.o(.ARM.Collect$$$$00000000)
    _main_stk                                0x080001ad   Thumb Code     0  entry2.o(.ARM.Collect$$$$00000001)
    _main_scatterload                        0x080001b1   Thumb Code     0  entry5.o(.ARM.Collect$$$$00000004)
    __main_after_scatterload                 0x080001b5   Thumb Code     0  entry5.o(.ARM.Collect$$$$00000004)
    _main_clock                              0x080001b5   Thumb Code     0  entry7b.o(.ARM.Collect$$$$00000008)
    _main_cpp_init                           0x080001b5   Thumb Code     0  entry8b.o(.ARM.Collect$$$$0000000A)
    _main_init                               0x080001b5   Thumb Code     0  entry9a.o(.ARM.Collect$$$$0000000B)
    __rt_lib_shutdown_fini                   0x080001bd   Thumb Code     0  entry12b.o(.ARM.Collect$$$$0000000E)
    __rt_final_cpp                           0x080001c1   Thumb Code     0  entry10a.o(.ARM.Collect$$$$0000000F)
    __rt_final_exit                          0x080001c1   Thumb Code     0  entry11a.o(.ARM.Collect$$$$00000011)
    SVC_Handler                              0x080001c5   Thumb Code    28  port.o(.emb_text)
    __asm___6_port_c_39a90d8d__prvStartFirstTask 0x080001e5   Thumb Code    36  port.o(.emb_text)
    __asm___6_port_c_39a90d8d__prvEnableVFP  0x0800020d   Thumb Code    16  port.o(.emb_text)
    PendSV_Handler                           0x08000221   Thumb Code    88  port.o(.emb_text)
    vPortGetIPSR                             0x0800027d   Thumb Code     6  port.o(.emb_text)
    Reset_Handler                            0x08000285   Thumb Code     8  startup_stm32f429xx.o(.text)
    ADC_IRQHandler                           0x0800029f   Thumb Code     0  startup_stm32f429xx.o(.text)
    CAN1_RX0_IRQHandler                      0x0800029f   Thumb Code     0  startup_stm32f429xx.o(.text)
    CAN1_RX1_IRQHandler                      0x0800029f   Thumb Code     0  startup_stm32f429xx.o(.text)
    CAN1_SCE_IRQHandler                      0x0800029f   Thumb Code     0  startup_stm32f429xx.o(.text)
    CAN1_TX_IRQHandler                       0x0800029f   Thumb Code     0  startup_stm32f429xx.o(.text)
    CAN2_RX0_IRQHandler                      0x0800029f   Thumb Code     0  startup_stm32f429xx.o(.text)
    CAN2_RX1_IRQHandler                      0x0800029f   Thumb Code     0  startup_stm32f429xx.o(.text)
    CAN2_SCE_IRQHandler                      0x0800029f   Thumb Code     0  startup_stm32f429xx.o(.text)
    CAN2_TX_IRQHandler                       0x0800029f   Thumb Code     0  startup_stm32f429xx.o(.text)
    DCMI_IRQHandler                          0x0800029f   Thumb Code     0  startup_stm32f429xx.o(.text)
    DMA1_Stream0_IRQHandler                  0x0800029f   Thumb Code     0  startup_stm32f429xx.o(.text)
    DMA1_Stream1_IRQHandler                  0x0800029f   Thumb Code     0  startup_stm32f429xx.o(.text)
    DMA1_Stream2_IRQHandler                  0x0800029f   Thumb Code     0  startup_stm32f429xx.o(.text)
    DMA1_Stream3_IRQHandler                  0x0800029f   Thumb Code     0  startup_stm32f429xx.o(.text)
    DMA1_Stream4_IRQHandler                  0x0800029f   Thumb Code     0  startup_stm32f429xx.o(.text)
    DMA1_Stream5_IRQHandler                  0x0800029f   Thumb Code     0  startup_stm32f429xx.o(.text)
    DMA1_Stream6_IRQHandler                  0x0800029f   Thumb Code     0  startup_stm32f429xx.o(.text)
    DMA1_Stream7_IRQHandler                  0x0800029f   Thumb Code     0  startup_stm32f429xx.o(.text)
    DMA2D_IRQHandler                         0x0800029f   Thumb Code     0  startup_stm32f429xx.o(.text)
    DMA2_Stream0_IRQHandler                  0x0800029f   Thumb Code     0  startup_stm32f429xx.o(.text)
    DMA2_Stream1_IRQHandler                  0x0800029f   Thumb Code     0  startup_stm32f429xx.o(.text)
    DMA2_Stream2_IRQHandler                  0x0800029f   Thumb Code     0  startup_stm32f429xx.o(.text)
    DMA2_Stream4_IRQHandler                  0x0800029f   Thumb Code     0  startup_stm32f429xx.o(.text)
    DMA2_Stream5_IRQHandler                  0x0800029f   Thumb Code     0  startup_stm32f429xx.o(.text)
    DMA2_Stream7_IRQHandler                  0x0800029f   Thumb Code     0  startup_stm32f429xx.o(.text)
    ETH_IRQHandler                           0x0800029f   Thumb Code     0  startup_stm32f429xx.o(.text)
    ETH_WKUP_IRQHandler                      0x0800029f   Thumb Code     0  startup_stm32f429xx.o(.text)
    EXTI0_IRQHandler                         0x0800029f   Thumb Code     0  startup_stm32f429xx.o(.text)
    EXTI15_10_IRQHandler                     0x0800029f   Thumb Code     0  startup_stm32f429xx.o(.text)
    EXTI1_IRQHandler                         0x0800029f   Thumb Code     0  startup_stm32f429xx.o(.text)
    EXTI2_IRQHandler                         0x0800029f   Thumb Code     0  startup_stm32f429xx.o(.text)
    EXTI3_IRQHandler                         0x0800029f   Thumb Code     0  startup_stm32f429xx.o(.text)
    EXTI4_IRQHandler                         0x0800029f   Thumb Code     0  startup_stm32f429xx.o(.text)
    EXTI9_5_IRQHandler                       0x0800029f   Thumb Code     0  startup_stm32f429xx.o(.text)
    FLASH_IRQHandler                         0x0800029f   Thumb Code     0  startup_stm32f429xx.o(.text)
    FMC_IRQHandler                           0x0800029f   Thumb Code     0  startup_stm32f429xx.o(.text)
    FPU_IRQHandler                           0x0800029f   Thumb Code     0  startup_stm32f429xx.o(.text)
    HASH_RNG_IRQHandler                      0x0800029f   Thumb Code     0  startup_stm32f429xx.o(.text)
    I2C1_ER_IRQHandler                       0x0800029f   Thumb Code     0  startup_stm32f429xx.o(.text)
    I2C1_EV_IRQHandler                       0x0800029f   Thumb Code     0  startup_stm32f429xx.o(.text)
    I2C2_ER_IRQHandler                       0x0800029f   Thumb Code     0  startup_stm32f429xx.o(.text)
    I2C2_EV_IRQHandler                       0x0800029f   Thumb Code     0  startup_stm32f429xx.o(.text)
    I2C3_ER_IRQHandler                       0x0800029f   Thumb Code     0  startup_stm32f429xx.o(.text)
    I2C3_EV_IRQHandler                       0x0800029f   Thumb Code     0  startup_stm32f429xx.o(.text)
    LTDC_ER_IRQHandler                       0x0800029f   Thumb Code     0  startup_stm32f429xx.o(.text)
    LTDC_IRQHandler                          0x0800029f   Thumb Code     0  startup_stm32f429xx.o(.text)
    OTG_FS_IRQHandler                        0x0800029f   Thumb Code     0  startup_stm32f429xx.o(.text)
    OTG_FS_WKUP_IRQHandler                   0x0800029f   Thumb Code     0  startup_stm32f429xx.o(.text)
    OTG_HS_EP1_IN_IRQHandler                 0x0800029f   Thumb Code     0  startup_stm32f429xx.o(.text)
    OTG_HS_EP1_OUT_IRQHandler                0x0800029f   Thumb Code     0  startup_stm32f429xx.o(.text)
    OTG_HS_IRQHandler                        0x0800029f   Thumb Code     0  startup_stm32f429xx.o(.text)
    OTG_HS_WKUP_IRQHandler                   0x0800029f   Thumb Code     0  startup_stm32f429xx.o(.text)
    PVD_IRQHandler                           0x0800029f   Thumb Code     0  startup_stm32f429xx.o(.text)
    RCC_IRQHandler                           0x0800029f   Thumb Code     0  startup_stm32f429xx.o(.text)
    RTC_Alarm_IRQHandler                     0x0800029f   Thumb Code     0  startup_stm32f429xx.o(.text)
    RTC_WKUP_IRQHandler                      0x0800029f   Thumb Code     0  startup_stm32f429xx.o(.text)
    SAI1_IRQHandler                          0x0800029f   Thumb Code     0  startup_stm32f429xx.o(.text)
    SPI1_IRQHandler                          0x0800029f   Thumb Code     0  startup_stm32f429xx.o(.text)
    SPI2_IRQHandler                          0x0800029f   Thumb Code     0  startup_stm32f429xx.o(.text)
    SPI3_IRQHandler                          0x0800029f   Thumb Code     0  startup_stm32f429xx.o(.text)
    SPI4_IRQHandler                          0x0800029f   Thumb Code     0  startup_stm32f429xx.o(.text)
    SPI5_IRQHandler                          0x0800029f   Thumb Code     0  startup_stm32f429xx.o(.text)
    SPI6_IRQHandler                          0x0800029f   Thumb Code     0  startup_stm32f429xx.o(.text)
    TAMP_STAMP_IRQHandler                    0x0800029f   Thumb Code     0  startup_stm32f429xx.o(.text)
    TIM1_BRK_TIM9_IRQHandler                 0x0800029f   Thumb Code     0  startup_stm32f429xx.o(.text)
    TIM1_CC_IRQHandler                       0x0800029f   Thumb Code     0  startup_stm32f429xx.o(.text)
    TIM1_TRG_COM_TIM11_IRQHandler            0x0800029f   Thumb Code     0  startup_stm32f429xx.o(.text)
    TIM1_UP_TIM10_IRQHandler                 0x0800029f   Thumb Code     0  startup_stm32f429xx.o(.text)
    TIM2_IRQHandler                          0x0800029f   Thumb Code     0  startup_stm32f429xx.o(.text)
    TIM3_IRQHandler                          0x0800029f   Thumb Code     0  startup_stm32f429xx.o(.text)
    TIM4_IRQHandler                          0x0800029f   Thumb Code     0  startup_stm32f429xx.o(.text)
    TIM5_IRQHandler                          0x0800029f   Thumb Code     0  startup_stm32f429xx.o(.text)
    TIM7_IRQHandler                          0x0800029f   Thumb Code     0  startup_stm32f429xx.o(.text)
    TIM8_BRK_TIM12_IRQHandler                0x0800029f   Thumb Code     0  startup_stm32f429xx.o(.text)
    TIM8_CC_IRQHandler                       0x0800029f   Thumb Code     0  startup_stm32f429xx.o(.text)
    TIM8_TRG_COM_TIM14_IRQHandler            0x0800029f   Thumb Code     0  startup_stm32f429xx.o(.text)
    TIM8_UP_TIM13_IRQHandler                 0x0800029f   Thumb Code     0  startup_stm32f429xx.o(.text)
    UART4_IRQHandler                         0x0800029f   Thumb Code     0  startup_stm32f429xx.o(.text)
    UART5_IRQHandler                         0x0800029f   Thumb Code     0  startup_stm32f429xx.o(.text)
    UART7_IRQHandler                         0x0800029f   Thumb Code     0  startup_stm32f429xx.o(.text)
    UART8_IRQHandler                         0x0800029f   Thumb Code     0  startup_stm32f429xx.o(.text)
    USART1_IRQHandler                        0x0800029f   Thumb Code     0  startup_stm32f429xx.o(.text)
    USART2_IRQHandler                        0x0800029f   Thumb Code     0  startup_stm32f429xx.o(.text)
    USART3_IRQHandler                        0x0800029f   Thumb Code     0  startup_stm32f429xx.o(.text)
    USART6_IRQHandler                        0x0800029f   Thumb Code     0  startup_stm32f429xx.o(.text)
    WWDG_IRQHandler                          0x0800029f   Thumb Code     0  startup_stm32f429xx.o(.text)
    __aeabi_uldivmod                         0x080002a9   Thumb Code    98  uldiv.o(.text)
    __aeabi_memcpy                           0x0800030b   Thumb Code    36  memcpya.o(.text)
    __aeabi_memcpy4                          0x0800030b   Thumb Code     0  memcpya.o(.text)
    __aeabi_memcpy8                          0x0800030b   Thumb Code     0  memcpya.o(.text)
    __aeabi_memset                           0x0800032f   Thumb Code    14  memseta.o(.text)
    __aeabi_memset4                          0x0800032f   Thumb Code     0  memseta.o(.text)
    __aeabi_memset8                          0x0800032f   Thumb Code     0  memseta.o(.text)
    __aeabi_memclr                           0x0800033d   Thumb Code     4  memseta.o(.text)
    __aeabi_memclr4                          0x0800033d   Thumb Code     0  memseta.o(.text)
    __aeabi_memclr8                          0x0800033d   Thumb Code     0  memseta.o(.text)
    memset                                   0x08000341   Thumb Code    18  memseta.o(.text)
    strrchr                                  0x08000353   Thumb Code    22  strrchr.o(.text)
    __aeabi_llsl                             0x08000369   Thumb Code    30  llshl.o(.text)
    _ll_shift_l                              0x08000369   Thumb Code     0  llshl.o(.text)
    __aeabi_llsr                             0x08000387   Thumb Code    32  llushr.o(.text)
    _ll_ushift_r                             0x08000387   Thumb Code     0  llushr.o(.text)
    __scatterload                            0x080003a9   Thumb Code    28  init.o(.text)
    __scatterload_rt2                        0x080003a9   Thumb Code     0  init.o(.text)
    BSP_SD_AbortCallback                     0x080003cd   Thumb Code     2  bsp_driver_sd.o(i.BSP_SD_AbortCallback)
    BSP_SD_GetCardInfo                       0x080003d1   Thumb Code    14  bsp_driver_sd.o(i.BSP_SD_GetCardInfo)
    BSP_SD_GetCardState                      0x080003e5   Thumb Code    20  bsp_driver_sd.o(i.BSP_SD_GetCardState)
    BSP_SD_Init                              0x080003fd   Thumb Code    44  bsp_driver_sd.o(i.BSP_SD_Init)
    BSP_SD_IsDetected                        0x0800042d   Thumb Code    12  bsp_driver_sd.o(i.BSP_SD_IsDetected)
    BSP_SD_ReadBlocks_DMA                    0x08000439   Thumb Code    34  bsp_driver_sd.o(i.BSP_SD_ReadBlocks_DMA)
    BSP_SD_ReadCpltCallback                  0x08000461   Thumb Code    22  sd_diskio.o(i.BSP_SD_ReadCpltCallback)
    BSP_SD_WriteBlocks_DMA                   0x0800047d   Thumb Code    34  bsp_driver_sd.o(i.BSP_SD_WriteBlocks_DMA)
    BSP_SD_WriteCpltCallback                 0x080004a5   Thumb Code    22  sd_diskio.o(i.BSP_SD_WriteCpltCallback)
    BusFault_Handler                         0x080004c1   Thumb Code     4  stm32f4xx_it.o(i.BusFault_Handler)
    DMA2_Stream3_IRQHandler                  0x080004c5   Thumb Code    10  stm32f4xx_it.o(i.DMA2_Stream3_IRQHandler)
    DMA2_Stream6_IRQHandler                  0x080004d5   Thumb Code    10  stm32f4xx_it.o(i.DMA2_Stream6_IRQHandler)
    DebugMon_Handler                         0x080005ef   Thumb Code     2  stm32f4xx_it.o(i.DebugMon_Handler)
    Error_Handler                            0x080005f1   Thumb Code     6  main.o(i.Error_Handler)
    FATFS_LinkDriver                         0x080005f7   Thumb Code    18  ff_gen_drv.o(i.FATFS_LinkDriver)
    FATFS_LinkDriverEx                       0x08000609   Thumb Code    78  ff_gen_drv.o(i.FATFS_LinkDriverEx)
    FMC_SDRAM_Init                           0x0800065d   Thumb Code   108  stm32f4xx_ll_fmc.o(i.FMC_SDRAM_Init)
    FMC_SDRAM_ProgramRefreshRate             0x080006c9   Thumb Code    20  stm32f4xx_ll_fmc.o(i.FMC_SDRAM_ProgramRefreshRate)
    FMC_SDRAM_SendCommand                    0x080006dd   Thumb Code    86  stm32f4xx_ll_fmc.o(i.FMC_SDRAM_SendCommand)
    FMC_SDRAM_Timing_Init                    0x08000735   Thumb Code   144  stm32f4xx_ll_fmc.o(i.FMC_SDRAM_Timing_Init)
    GT9XX_Reset                              0x080007c9   Thumb Code   128  int_touch.o(i.GT9XX_Reset)
    HAL_DMA2D_ConfigLayer                    0x08000851   Thumb Code   198  stm32f4xx_hal_dma2d.o(i.HAL_DMA2D_ConfigLayer)
    HAL_DMA2D_Init                           0x0800091d   Thumb Code    96  stm32f4xx_hal_dma2d.o(i.HAL_DMA2D_Init)
    HAL_DMA2D_MspInit                        0x0800097d   Thumb Code    44  dma2d.o(i.HAL_DMA2D_MspInit)
    HAL_DMA_Abort_IT                         0x080009b1   Thumb Code    40  stm32f4xx_hal_dma.o(i.HAL_DMA_Abort_IT)
    HAL_DMA_GetError                         0x080009d9   Thumb Code     6  stm32f4xx_hal_dma.o(i.HAL_DMA_GetError)
    HAL_DMA_IRQHandler                       0x080009e1   Thumb Code   570  stm32f4xx_hal_dma.o(i.HAL_DMA_IRQHandler)
    HAL_DMA_Init                             0x08000c21   Thumb Code   232  stm32f4xx_hal_dma.o(i.HAL_DMA_Init)
    HAL_DMA_Start_IT                         0x08000d0d   Thumb Code   146  stm32f4xx_hal_dma.o(i.HAL_DMA_Start_IT)
    HAL_Delay                                0x08000da1   Thumb Code    36  stm32f4xx_hal.o(i.HAL_Delay)
    HAL_GPIO_Init                            0x08000ed9   Thumb Code   474  stm32f4xx_hal_gpio.o(i.HAL_GPIO_Init)
    HAL_GPIO_TogglePin                       0x080010e9   Thumb Code    20  stm32f4xx_hal_gpio.o(i.HAL_GPIO_TogglePin)
    HAL_GPIO_WritePin                        0x080010fd   Thumb Code    12  stm32f4xx_hal_gpio.o(i.HAL_GPIO_WritePin)
    HAL_GetTick                              0x08001109   Thumb Code     6  stm32f4xx_hal.o(i.HAL_GetTick)
    HAL_I2CEx_ConfigAnalogFilter             0x08001115   Thumb Code    76  stm32f4xx_hal_i2c_ex.o(i.HAL_I2CEx_ConfigAnalogFilter)
    HAL_I2CEx_ConfigDigitalFilter            0x08001161   Thumb Code    80  stm32f4xx_hal_i2c_ex.o(i.HAL_I2CEx_ConfigDigitalFilter)
    HAL_I2C_Init                             0x080011b1   Thumb Code   446  stm32f4xx_hal_i2c.o(i.HAL_I2C_Init)
    HAL_I2C_Mem_Read                         0x08001381   Thumb Code   762  stm32f4xx_hal_i2c.o(i.HAL_I2C_Mem_Read)
    HAL_I2C_Mem_Write                        0x08001689   Thumb Code   348  stm32f4xx_hal_i2c.o(i.HAL_I2C_Mem_Write)
    HAL_I2C_MspInit                          0x080017ed   Thumb Code   122  i2c.o(i.HAL_I2C_MspInit)
    HAL_IncTick                              0x08001875   Thumb Code    16  stm32f4xx_hal.o(i.HAL_IncTick)
    HAL_Init                                 0x0800188d   Thumb Code    54  stm32f4xx_hal.o(i.HAL_Init)
    HAL_InitTick                             0x080018c9   Thumb Code   160  stm32f4xx_hal_timebase_tim.o(i.HAL_InitTick)
    HAL_LTDC_ConfigLayer                     0x0800197d   Thumb Code    94  stm32f4xx_hal_ltdc.o(i.HAL_LTDC_ConfigLayer)
    HAL_LTDC_Init                            0x080019db   Thumb Code   202  stm32f4xx_hal_ltdc.o(i.HAL_LTDC_Init)
    HAL_LTDC_MspInit                         0x08001aa5   Thumb Code   400  ltdc.o(i.HAL_LTDC_MspInit)
    HAL_MspInit                              0x08001c51   Thumb Code    78  stm32f4xx_hal_msp.o(i.HAL_MspInit)
    HAL_NVIC_EnableIRQ                       0x08001ca5   Thumb Code    40  stm32f4xx_hal_cortex.o(i.HAL_NVIC_EnableIRQ)
    HAL_NVIC_SetPriority                     0x08001ccd   Thumb Code   124  stm32f4xx_hal_cortex.o(i.HAL_NVIC_SetPriority)
    HAL_NVIC_SetPriorityGrouping             0x08001d49   Thumb Code    32  stm32f4xx_hal_cortex.o(i.HAL_NVIC_SetPriorityGrouping)
    HAL_PWREx_EnableOverDrive                0x08001d71   Thumb Code   128  stm32f4xx_hal_pwr_ex.o(i.HAL_PWREx_EnableOverDrive)
    HAL_RCCEx_PeriphCLKConfig                0x08001dfd   Thumb Code   746  stm32f4xx_hal_rcc_ex.o(i.HAL_RCCEx_PeriphCLKConfig)
    HAL_RCC_ClockConfig                      0x08002101   Thumb Code   368  stm32f4xx_hal_rcc.o(i.HAL_RCC_ClockConfig)
    HAL_RCC_GetClockConfig                   0x08002285   Thumb Code    58  stm32f4xx_hal_rcc.o(i.HAL_RCC_GetClockConfig)
    HAL_RCC_GetHCLKFreq                      0x080022c9   Thumb Code     6  stm32f4xx_hal_rcc.o(i.HAL_RCC_GetHCLKFreq)
    HAL_RCC_GetPCLK1Freq                     0x080022d5   Thumb Code    22  stm32f4xx_hal_rcc.o(i.HAL_RCC_GetPCLK1Freq)
    HAL_RCC_GetPCLK2Freq                     0x080022f5   Thumb Code    22  stm32f4xx_hal_rcc.o(i.HAL_RCC_GetPCLK2Freq)
    HAL_RCC_GetSysClockFreq                  0x08002315   Thumb Code   162  stm32f4xx_hal_rcc.o(i.HAL_RCC_GetSysClockFreq)
    HAL_RCC_OscConfig                        0x080023c5   Thumb Code  1172  stm32f4xx_hal_rcc.o(i.HAL_RCC_OscConfig)
    HAL_SDRAM_Init                           0x08002861   Thumb Code    64  stm32f4xx_hal_sdram.o(i.HAL_SDRAM_Init)
    HAL_SDRAM_MspInit                        0x080028a1   Thumb Code    10  fmc.o(i.HAL_SDRAM_MspInit)
    HAL_SDRAM_ProgramRefreshRate             0x080028ab   Thumb Code    54  stm32f4xx_hal_sdram.o(i.HAL_SDRAM_ProgramRefreshRate)
    HAL_SDRAM_SendCommand                    0x080028e1   Thumb Code    78  stm32f4xx_hal_sdram.o(i.HAL_SDRAM_SendCommand)
    HAL_SD_AbortCallback                     0x0800292f   Thumb Code    10  bsp_driver_sd.o(i.HAL_SD_AbortCallback)
    HAL_SD_ConfigWideBusOperation            0x08002939   Thumb Code   196  stm32f4xx_hal_sd.o(i.HAL_SD_ConfigWideBusOperation)
    HAL_SD_ErrorCallback                     0x08002a01   Thumb Code     2  stm32f4xx_hal_sd.o(i.HAL_SD_ErrorCallback)
    HAL_SD_GetCardCSD                        0x08002a05   Thumb Code   450  stm32f4xx_hal_sd.o(i.HAL_SD_GetCardCSD)
    HAL_SD_GetCardInfo                       0x08002bcd   Thumb Code    38  stm32f4xx_hal_sd.o(i.HAL_SD_GetCardInfo)
    HAL_SD_GetCardState                      0x08002bf3   Thumb Code    36  stm32f4xx_hal_sd.o(i.HAL_SD_GetCardState)
    HAL_SD_IRQHandler                        0x08002c19   Thumb Code   530  stm32f4xx_hal_sd.o(i.HAL_SD_IRQHandler)
    HAL_SD_Init                              0x08002e35   Thumb Code    60  stm32f4xx_hal_sd.o(i.HAL_SD_Init)
    HAL_SD_InitCard                          0x08002e71   Thumb Code   160  stm32f4xx_hal_sd.o(i.HAL_SD_InitCard)
    HAL_SD_MspInit                           0x08002f19   Thumb Code   366  sdio.o(i.HAL_SD_MspInit)
    HAL_SD_ReadBlocks_DMA                    0x080030a5   Thumb Code   318  stm32f4xx_hal_sd.o(i.HAL_SD_ReadBlocks_DMA)
    HAL_SD_RxCpltCallback                    0x080031f5   Thumb Code    10  bsp_driver_sd.o(i.HAL_SD_RxCpltCallback)
    HAL_SD_TxCpltCallback                    0x080031ff   Thumb Code    10  bsp_driver_sd.o(i.HAL_SD_TxCpltCallback)
    HAL_SD_WriteBlocks_DMA                   0x08003209   Thumb Code   322  stm32f4xx_hal_sd.o(i.HAL_SD_WriteBlocks_DMA)
    HAL_TIMEx_BreakCallback                  0x0800335d   Thumb Code     2  stm32f4xx_hal_tim_ex.o(i.HAL_TIMEx_BreakCallback)
    HAL_TIMEx_CommutCallback                 0x0800335f   Thumb Code     2  stm32f4xx_hal_tim_ex.o(i.HAL_TIMEx_CommutCallback)
    HAL_TIM_Base_Init                        0x08003361   Thumb Code   102  stm32f4xx_hal_tim.o(i.HAL_TIM_Base_Init)
    HAL_TIM_Base_MspInit                     0x080033c7   Thumb Code     2  stm32f4xx_hal_tim.o(i.HAL_TIM_Base_MspInit)
    HAL_TIM_Base_Start_IT                    0x080033c9   Thumb Code   138  stm32f4xx_hal_tim.o(i.HAL_TIM_Base_Start_IT)
    HAL_TIM_IC_CaptureCallback               0x08003471   Thumb Code     2  stm32f4xx_hal_tim.o(i.HAL_TIM_IC_CaptureCallback)
    HAL_TIM_IRQHandler                       0x08003473   Thumb Code   364  stm32f4xx_hal_tim.o(i.HAL_TIM_IRQHandler)
    HAL_TIM_OC_DelayElapsedCallback          0x080035df   Thumb Code     2  stm32f4xx_hal_tim.o(i.HAL_TIM_OC_DelayElapsedCallback)
    HAL_TIM_PWM_PulseFinishedCallback        0x080035e1   Thumb Code     2  stm32f4xx_hal_tim.o(i.HAL_TIM_PWM_PulseFinishedCallback)
    HAL_TIM_PeriodElapsedCallback            0x080035e5   Thumb Code    18  main.o(i.HAL_TIM_PeriodElapsedCallback)
    HAL_TIM_TriggerCallback                  0x080035fd   Thumb Code     2  stm32f4xx_hal_tim.o(i.HAL_TIM_TriggerCallback)
    HAL_UART_Init                            0x080035ff   Thumb Code   118  stm32f4xx_hal_uart.o(i.HAL_UART_Init)
    HAL_UART_MspInit                         0x08003675   Thumb Code   124  usart.o(i.HAL_UART_MspInit)
    HAL_UART_Transmit                        0x080036fd   Thumb Code   190  stm32f4xx_hal_uart.o(i.HAL_UART_Transmit)
    HardFault_Handler                        0x080037bb   Thumb Code     4  stm32f4xx_it.o(i.HardFault_Handler)
    LCD_FillRect                             0x08003d4d   Thumb Code   152  int_lcd.o(i.LCD_FillRect)
    LCD_Init_Application                     0x08003ded   Thumb Code    38  int_lcd.o(i.LCD_Init_Application)
    LCD_SetBackColor                         0x08003e1d   Thumb Code   146  int_lcd.o(i.LCD_SetBackColor)
    LCD_SetColor                             0x08003eb5   Thumb Code   146  int_lcd.o(i.LCD_SetColor)
    LCD_Test_Color                           0x08003f4d   Thumb Code    62  int_lcd.o(i.LCD_Test_Color)
    LED_Toggle                               0x08003f91   Thumb Code    32  int_led.o(i.LED_Toggle)
    MX_DMA2D_Init                            0x08004199   Thumb Code    60  dma2d.o(i.MX_DMA2D_Init)
    MX_DMA_Init                              0x080041dd   Thumb Code    68  dma.o(i.MX_DMA_Init)
    MX_FATFS_Init                            0x08004225   Thumb Code    16  fatfs.o(i.MX_FATFS_Init)
    MX_FMC_Init                              0x08004241   Thumb Code   116  fmc.o(i.MX_FMC_Init)
    MX_FREERTOS_Init                         0x080042bd   Thumb Code    46  freertos.o(i.MX_FREERTOS_Init)
    MX_GPIO_Init                             0x08004311   Thumb Code   444  gpio.o(i.MX_GPIO_Init)
    MX_I2C2_Init                             0x080044dd   Thumb Code    76  i2c.o(i.MX_I2C2_Init)
    MX_LTDC_Init                             0x08004535   Thumb Code   192  ltdc.o(i.MX_LTDC_Init)
    MX_SDIO_SD_Init                          0x080045fd   Thumb Code    34  sdio.o(i.MX_SDIO_SD_Init)
    MX_USART1_UART_Init                      0x08004629   Thumb Code    46  usart.o(i.MX_USART1_UART_Init)
    MemManage_Handler                        0x08004661   Thumb Code     4  stm32f4xx_it.o(i.MemManage_Handler)
    NMI_Handler                              0x08004665   Thumb Code     4  stm32f4xx_it.o(i.NMI_Handler)
    SDIO_ConfigData                          0x08004669   Thumb Code    44  stm32f4xx_ll_sdmmc.o(i.SDIO_ConfigData)
    SDIO_GetCommandResponse                  0x08004695   Thumb Code     8  stm32f4xx_ll_sdmmc.o(i.SDIO_GetCommandResponse)
    SDIO_GetPowerState                       0x0800469d   Thumb Code    10  stm32f4xx_ll_sdmmc.o(i.SDIO_GetPowerState)
    SDIO_GetResponse                         0x080046a7   Thumb Code    12  stm32f4xx_ll_sdmmc.o(i.SDIO_GetResponse)
    SDIO_IRQHandler                          0x080046b5   Thumb Code    10  stm32f4xx_it.o(i.SDIO_IRQHandler)
    SDIO_Init                                0x080046c5   Thumb Code    52  stm32f4xx_ll_sdmmc.o(i.SDIO_Init)
    SDIO_PowerState_ON                       0x080046f9   Thumb Code    10  stm32f4xx_ll_sdmmc.o(i.SDIO_PowerState_ON)
    SDIO_ReadFIFO                            0x08004703   Thumb Code     8  stm32f4xx_ll_sdmmc.o(i.SDIO_ReadFIFO)
    SDIO_SendCommand                         0x0800470b   Thumb Code    40  stm32f4xx_ll_sdmmc.o(i.SDIO_SendCommand)
    SDIO_WriteFIFO                           0x08004733   Thumb Code    12  stm32f4xx_ll_sdmmc.o(i.SDIO_WriteFIFO)
    SDMMC_CmdAppCommand                      0x0800473f   Thumb Code    56  stm32f4xx_ll_sdmmc.o(i.SDMMC_CmdAppCommand)
    SDMMC_CmdAppOperCommand                  0x08004779   Thumb Code    54  stm32f4xx_ll_sdmmc.o(i.SDMMC_CmdAppOperCommand)
    SDMMC_CmdBlockLength                     0x080047b5   Thumb Code    56  stm32f4xx_ll_sdmmc.o(i.SDMMC_CmdBlockLength)
    SDMMC_CmdBusWidth                        0x080047ed   Thumb Code    56  stm32f4xx_ll_sdmmc.o(i.SDMMC_CmdBusWidth)
    SDMMC_CmdGoIdleState                     0x08004825   Thumb Code    44  stm32f4xx_ll_sdmmc.o(i.SDMMC_CmdGoIdleState)
    SDMMC_CmdOperCond                        0x08004851   Thumb Code    52  stm32f4xx_ll_sdmmc.o(i.SDMMC_CmdOperCond)
    SDMMC_CmdReadMultiBlock                  0x08004885   Thumb Code    56  stm32f4xx_ll_sdmmc.o(i.SDMMC_CmdReadMultiBlock)
    SDMMC_CmdReadSingleBlock                 0x080048bd   Thumb Code    56  stm32f4xx_ll_sdmmc.o(i.SDMMC_CmdReadSingleBlock)
    SDMMC_CmdSelDesel                        0x080048f5   Thumb Code    58  stm32f4xx_ll_sdmmc.o(i.SDMMC_CmdSelDesel)
    SDMMC_CmdSendCID                         0x0800492f   Thumb Code    50  stm32f4xx_ll_sdmmc.o(i.SDMMC_CmdSendCID)
    SDMMC_CmdSendCSD                         0x08004961   Thumb Code    50  stm32f4xx_ll_sdmmc.o(i.SDMMC_CmdSendCSD)
    SDMMC_CmdSendSCR                         0x08004993   Thumb Code    56  stm32f4xx_ll_sdmmc.o(i.SDMMC_CmdSendSCR)
    SDMMC_CmdSendStatus                      0x080049cb   Thumb Code    56  stm32f4xx_ll_sdmmc.o(i.SDMMC_CmdSendStatus)
    SDMMC_CmdSetRelAdd                       0x08004a03   Thumb Code    56  stm32f4xx_ll_sdmmc.o(i.SDMMC_CmdSetRelAdd)
    SDMMC_CmdStopTransfer                    0x08004a3d   Thumb Code    54  stm32f4xx_ll_sdmmc.o(i.SDMMC_CmdStopTransfer)
    SDMMC_CmdWriteMultiBlock                 0x08004a79   Thumb Code    56  stm32f4xx_ll_sdmmc.o(i.SDMMC_CmdWriteMultiBlock)
    SDMMC_CmdWriteSingleBlock                0x08004ab1   Thumb Code    56  stm32f4xx_ll_sdmmc.o(i.SDMMC_CmdWriteSingleBlock)
    SDMMC_GetCmdResp1                        0x08004b29   Thumb Code   418  stm32f4xx_ll_sdmmc.o(i.SDMMC_GetCmdResp1)
    SDMMC_GetCmdResp2                        0x08004cd5   Thumb Code    96  stm32f4xx_ll_sdmmc.o(i.SDMMC_GetCmdResp2)
    SDMMC_GetCmdResp3                        0x08004d39   Thumb Code    82  stm32f4xx_ll_sdmmc.o(i.SDMMC_GetCmdResp3)
    SDMMC_GetCmdResp6                        0x08004d91   Thumb Code   180  stm32f4xx_ll_sdmmc.o(i.SDMMC_GetCmdResp6)
    SDMMC_GetCmdResp7                        0x08004e49   Thumb Code   104  stm32f4xx_ll_sdmmc.o(i.SDMMC_GetCmdResp7)
    SDRAM_Initialization_Sequence            0x08004eb5   Thumb Code   144  app_sdram.o(i.SDRAM_Initialization_Sequence)
    SD_initialize                            0x080055ad   Thumb Code    86  sd_diskio.o(i.SD_initialize)
    SD_ioctl                                 0x0800560d   Thumb Code   102  sd_diskio.o(i.SD_ioctl)
    SD_read                                  0x08005679   Thumb Code   116  sd_diskio.o(i.SD_read)
    SD_status                                0x080056f1   Thumb Code    12  sd_diskio.o(i.SD_status)
    SD_write                                 0x080056fd   Thumb Code   114  sd_diskio.o(i.SD_write)
    StartDefaultTask                         0x08005775   Thumb Code   118  freertos.o(i.StartDefaultTask)
    SysTick_Handler                          0x08005811   Thumb Code    22  cmsis_os2.o(i.SysTick_Handler)
    SystemClock_Config                       0x08005829   Thumb Code   180  main.o(i.SystemClock_Config)
    SystemInit                               0x080058e5   Thumb Code    14  system_stm32f4xx.o(i.SystemInit)
    TIM6_DAC_IRQHandler                      0x080058f9   Thumb Code    10  stm32f4xx_it.o(i.TIM6_DAC_IRQHandler)
    TIM_Base_SetConfig                       0x08005909   Thumb Code   178  stm32f4xx_hal_tim.o(i.TIM_Base_SetConfig)
    Task_Heartbeat_Led                       0x080059e9   Thumb Code    18  task_heartbeat_led.o(i.Task_Heartbeat_Led)
    Task_Peripheral_Init                     0x080059fd   Thumb Code   392  task_peripheral_init.o(i.Task_Peripheral_Init)
    Touch_Init                               0x08005d99   Thumb Code   188  int_touch.o(i.Touch_Init)
    Touch_Scan                               0x08005f1d   Thumb Code   192  int_touch.o(i.Touch_Scan)
    UsageFault_Handler                       0x08006309   Thumb Code     4  stm32f4xx_it.o(i.UsageFault_Handler)
    __0printf$8                              0x0800630d   Thumb Code    22  printf8.o(i.__0printf$8)
    __1printf$8                              0x0800630d   Thumb Code     0  printf8.o(i.__0printf$8)
    __2printf                                0x0800630d   Thumb Code     0  printf8.o(i.__0printf$8)
    __scatterload_copy                       0x0800636b   Thumb Code    14  handlers.o(i.__scatterload_copy)
    __scatterload_null                       0x08006379   Thumb Code     2  handlers.o(i.__scatterload_null)
    __scatterload_zeroinit                   0x0800637b   Thumb Code    14  handlers.o(i.__scatterload_zeroinit)
    disk_initialize                          0x08006885   Thumb Code    42  diskio.o(i.disk_initialize)
    disk_ioctl                               0x080068b5   Thumb Code    36  diskio.o(i.disk_ioctl)
    disk_read                                0x080068dd   Thumb Code    42  diskio.o(i.disk_read)
    disk_status                              0x0800690d   Thumb Code    24  diskio.o(i.disk_status)
    disk_write                               0x08006929   Thumb Code    42  diskio.o(i.disk_write)
    f_getfree                                0x08006959   Thumb Code   260  ff.o(i.f_getfree)
    f_mkfs                                   0x08006a5d   Thumb Code  1654  ff.o(i.f_mkfs)
    f_mount                                  0x080070e1   Thumb Code   128  ff.o(i.f_mount)
    ff_cre_syncobj                           0x08007165   Thumb Code    34  syscall.o(i.ff_cre_syncobj)
    ff_del_syncobj                           0x08007187   Thumb Code    14  syscall.o(i.ff_del_syncobj)
    ff_rel_grant                             0x08007195   Thumb Code    12  syscall.o(i.ff_rel_grant)
    ff_req_grant                             0x080071a1   Thumb Code    24  syscall.o(i.ff_req_grant)
    fputc                                    0x080074c5   Thumb Code    22  com_debug.o(i.fputc)
    get_fattime                              0x080075c1   Thumb Code     4  fatfs.o(i.get_fattime)
    main                                     0x08007649   Thumb Code   152  main.o(i.main)
    osDelay                                  0x080077a1   Thumb Code    30  cmsis_os2.o(i.osDelay)
    osKernelGetState                         0x080077c1   Thumb Code    48  cmsis_os2.o(i.osKernelGetState)
    osKernelGetTickCount                     0x080077f5   Thumb Code    26  cmsis_os2.o(i.osKernelGetTickCount)
    osKernelInitialize                       0x08007811   Thumb Code    38  cmsis_os2.o(i.osKernelInitialize)
    osKernelStart                            0x0800783d   Thumb Code    82  cmsis_os2.o(i.osKernelStart)
    osMessageQueueGet                        0x0800789d   Thumb Code   124  cmsis_os2.o(i.osMessageQueueGet)
    osMessageQueueNew                        0x0800791d   Thumb Code   154  cmsis_os2.o(i.osMessageQueueNew)
    osMessageQueuePut                        0x080079b9   Thumb Code   128  cmsis_os2.o(i.osMessageQueuePut)
    osSemaphoreAcquire                       0x08007a3d   Thumb Code   104  cmsis_os2.o(i.osSemaphoreAcquire)
    osSemaphoreDelete                        0x08007aa9   Thumb Code    44  cmsis_os2.o(i.osSemaphoreDelete)
    osSemaphoreNew                           0x08007ad5   Thumb Code   204  cmsis_os2.o(i.osSemaphoreNew)
    osSemaphoreRelease                       0x08007ba1   Thumb Code    88  cmsis_os2.o(i.osSemaphoreRelease)
    osThreadNew                              0x08007bfd   Thumb Code   184  cmsis_os2.o(i.osThreadNew)
    pvPortMalloc                             0x080086ed   Thumb Code   306  heap_4.o(i.pvPortMalloc)
    pvTaskIncrementMutexHeldCount            0x08008839   Thumb Code    26  tasks.o(i.pvTaskIncrementMutexHeldCount)
    pxPortInitialiseStack                    0x08008859   Thumb Code    38  port.o(i.pxPortInitialiseStack)
    uxListRemove                             0x08008917   Thumb Code    40  list.o(i.uxListRemove)
    vApplicationGetIdleTaskMemory            0x08008941   Thumb Code    14  cmsis_os2.o(i.vApplicationGetIdleTaskMemory)
    vApplicationGetTimerTaskMemory           0x08008959   Thumb Code    16  cmsis_os2.o(i.vApplicationGetTimerTaskMemory)
    vListInitialise                          0x08008971   Thumb Code    26  list.o(i.vListInitialise)
    vListInitialiseItem                      0x0800898b   Thumb Code     6  list.o(i.vListInitialiseItem)
    vListInsert                              0x08008991   Thumb Code    52  list.o(i.vListInsert)
    vListInsertEnd                           0x080089c5   Thumb Code    24  list.o(i.vListInsertEnd)
    vPortEnterCritical                       0x080089dd   Thumb Code    76  port.o(i.vPortEnterCritical)
    vPortExitCritical                        0x08008a31   Thumb Code    56  port.o(i.vPortExitCritical)
    vPortFree                                0x08008a6d   Thumb Code   150  heap_4.o(i.vPortFree)
    vPortSetupTimerInterrupt                 0x08008b11   Thumb Code    36  port.o(i.vPortSetupTimerInterrupt)
    vPortValidateInterruptPriority           0x08008b39   Thumb Code   106  port.o(i.vPortValidateInterruptPriority)
    vQueueAddToRegistry                      0x08008bb1   Thumb Code    38  queue.o(i.vQueueAddToRegistry)
    vQueueDelete                             0x08008bdd   Thumb Code    50  queue.o(i.vQueueDelete)
    vQueueUnregisterQueue                    0x08008c11   Thumb Code    44  queue.o(i.vQueueUnregisterQueue)
    vQueueWaitForMessageRestricted           0x08008c41   Thumb Code    74  queue.o(i.vQueueWaitForMessageRestricted)
    vTaskDelay                               0x08008c8d   Thumb Code    82  tasks.o(i.vTaskDelay)
    vTaskDelete                              0x08008ce9   Thumb Code   168  tasks.o(i.vTaskDelete)
    vTaskInternalSetTimeOutState             0x08008db1   Thumb Code    14  tasks.o(i.vTaskInternalSetTimeOutState)
    vTaskMissedYield                         0x08008dc9   Thumb Code     8  tasks.o(i.vTaskMissedYield)
    vTaskPlaceOnEventList                    0x08008dd5   Thumb Code    52  tasks.o(i.vTaskPlaceOnEventList)
    vTaskPlaceOnEventListRestricted          0x08008e0d   Thumb Code    60  tasks.o(i.vTaskPlaceOnEventListRestricted)
    vTaskPriorityDisinheritAfterTimeout      0x08008e4d   Thumb Code   194  tasks.o(i.vTaskPriorityDisinheritAfterTimeout)
    vTaskStartScheduler                      0x08008f1d   Thumb Code   156  tasks.o(i.vTaskStartScheduler)
    vTaskSuspendAll                          0x08008fd5   Thumb Code    12  tasks.o(i.vTaskSuspendAll)
    vTaskSwitchContext                       0x08008fe5   Thumb Code   122  tasks.o(i.vTaskSwitchContext)
    xPortStartScheduler                      0x08009075   Thumb Code   330  port.o(i.xPortStartScheduler)
    xPortSysTickHandler                      0x080091dd   Thumb Code    46  port.o(i.xPortSysTickHandler)
    xQueueCreateCountingSemaphore            0x08009211   Thumb Code    92  queue.o(i.xQueueCreateCountingSemaphore)
    xQueueCreateCountingSemaphoreStatic      0x0800926d   Thumb Code   100  queue.o(i.xQueueCreateCountingSemaphoreStatic)
    xQueueGenericCreate                      0x080092d1   Thumb Code    90  queue.o(i.xQueueGenericCreate)
    xQueueGenericCreateStatic                0x0800932b   Thumb Code   224  queue.o(i.xQueueGenericCreateStatic)
    xQueueGenericReset                       0x0800940d   Thumb Code   146  queue.o(i.xQueueGenericReset)
    xQueueGenericSend                        0x080094a5   Thumb Code   420  queue.o(i.xQueueGenericSend)
    xQueueGenericSendFromISR                 0x0800964d   Thumb Code   252  queue.o(i.xQueueGenericSendFromISR)
    xQueueGiveFromISR                        0x08009749   Thumb Code   224  queue.o(i.xQueueGiveFromISR)
    xQueueReceive                            0x08009829   Thumb Code   356  queue.o(i.xQueueReceive)
    xQueueReceiveFromISR                     0x08009991   Thumb Code   202  queue.o(i.xQueueReceiveFromISR)
    xQueueSemaphoreTake                      0x08009a5d   Thumb Code   434  queue.o(i.xQueueSemaphoreTake)
    xTaskCheckForTimeOut                     0x08009c15   Thumb Code   132  tasks.o(i.xTaskCheckForTimeOut)
    xTaskCreate                              0x08009ca1   Thumb Code   100  tasks.o(i.xTaskCreate)
    xTaskCreateStatic                        0x08009d05   Thumb Code   186  tasks.o(i.xTaskCreateStatic)
    xTaskGetSchedulerState                   0x08009dc1   Thumb Code    24  tasks.o(i.xTaskGetSchedulerState)
    xTaskGetTickCount                        0x08009de1   Thumb Code     6  tasks.o(i.xTaskGetTickCount)
    xTaskGetTickCountFromISR                 0x08009ded   Thumb Code    16  tasks.o(i.xTaskGetTickCountFromISR)
    xTaskIncrementTick                       0x08009e01   Thumb Code   280  tasks.o(i.xTaskIncrementTick)
    xTaskPriorityDisinherit                  0x08009f45   Thumb Code   152  tasks.o(i.xTaskPriorityDisinherit)
    xTaskPriorityInherit                     0x08009fe9   Thumb Code   150  tasks.o(i.xTaskPriorityInherit)
    xTaskRemoveFromEventList                 0x0800a08d   Thumb Code   126  tasks.o(i.xTaskRemoveFromEventList)
    xTaskResumeAll                           0x0800a125   Thumb Code   222  tasks.o(i.xTaskResumeAll)
    xTimerCreateTimerTask                    0x0800a229   Thumb Code   100  timers.o(i.xTimerCreateTimerTask)
    xTimerGenericCommand                     0x0800a2a1   Thumb Code   128  timers.o(i.xTimerGenericCommand)
    defaultTask_attributes                   0x0800a324   Data          36  freertos.o(.constdata)
    Heartbeat_Led_attributes                 0x0800a348   Data          36  freertos.o(.constdata)
    Peripheral_Init_attributes               0x0800a36c   Data          36  freertos.o(.constdata)
    AHBPrescTable                            0x0800a3b8   Data          16  system_stm32f4xx.o(.constdata)
    APBPrescTable                            0x0800a3c8   Data           8  system_stm32f4xx.o(.constdata)
    SD_Driver                                0x0800a3d0   Data          20  sd_diskio.o(.constdata)
    Region$$Table$$Base                      0x0800a44c   Number         0  anon$$obj.o(Region$$Table)
    Region$$Table$$Limit                     0x0800a46c   Number         0  anon$$obj.o(Region$$Table)
    defaultTaskHandle                        0x20000000   Data           4  freertos.o(.data)
    Heartbeat_LedHandle                      0x20000004   Data           4  freertos.o(.data)
    Peripheral_InitHandle                    0x20000008   Data           4  freertos.o(.data)
    uwTick                                   0x20000014   Data           4  stm32f4xx_hal.o(.data)
    uwTickPrio                               0x20000018   Data           4  stm32f4xx_hal.o(.data)
    uwTickFreq                               0x2000001c   Data           1  stm32f4xx_hal.o(.data)
    SystemCoreClock                          0x20000020   Data           4  system_stm32f4xx.o(.data)
    pxCurrentTCB                             0x20000024   Data           4  tasks.o(.data)
    retSD                                    0x200000ac   Data           1  fatfs.o(.data)
    SDPath                                   0x200000ad   Data           4  fatfs.o(.data)
    __stdout                                 0x200000bc   Data           4  stdout.o(.data)
    hdma2d                                   0x200000c0   Data          64  dma2d.o(.bss)
    hsdram2                                  0x20000100   Data          52  fmc.o(.bss)
    hi2c2                                    0x20000134   Data          84  i2c.o(.bss)
    hltdc                                    0x20000188   Data         168  ltdc.o(.bss)
    hsd                                      0x20000230   Data         132  sdio.o(.bss)
    hdma_sdio_rx                             0x200002b4   Data          96  sdio.o(.bss)
    hdma_sdio_tx                             0x20000314   Data          96  sdio.o(.bss)
    huart1                                   0x20000374   Data          72  usart.o(.bss)
    htim6                                    0x200003bc   Data          72  stm32f4xx_hal_timebase_tim.o(.bss)
    LCD                                      0x20000404   Data          20  int_lcd.o(.bss)
    touchInfo                                0x20000418   Data          22  int_touch.o(.bss)
    xQueueRegistry                           0x20000430   Data          64  queue.o(.bss)
    SDFatFS                                  0x20004d04   Data         568  fatfs.o(.bss)
    SDFile                                   0x20004f3c   Data         560  fatfs.o(.bss)
    disk                                     0x2000518c   Data          12  ff_gen_drv.o(.bss)
    __initial_sp                             0x20011198   Data           0  startup_stm32f429xx.o(STACK)



==============================================================================

Memory Map of the image

  Image Entry point : 0x080001ad

  Load Region LR_IROM1 (Base: 0x08000000, Size: 0x0000a52c, Max: 0x00100000, ABSOLUTE)

    Execution Region ER_IROM1 (Exec base: 0x08000000, Load base: 0x08000000, Size: 0x0000a46c, Max: 0x00100000, ABSOLUTE)

    Exec Addr    Load Addr    Size         Type   Attr      Idx    E Section Name        Object

    0x08000000   0x08000000   0x000001ac   Data   RO            3    RESET               startup_stm32f429xx.o
    0x080001ac   0x080001ac   0x00000000   Code   RO         8351  * .ARM.Collect$$$$00000000  mc_w.l(entry.o)
    0x080001ac   0x080001ac   0x00000004   Code   RO         8627    .ARM.Collect$$$$00000001  mc_w.l(entry2.o)
    0x080001b0   0x080001b0   0x00000004   Code   RO         8630    .ARM.Collect$$$$00000004  mc_w.l(entry5.o)
    0x080001b4   0x080001b4   0x00000000   Code   RO         8632    .ARM.Collect$$$$00000008  mc_w.l(entry7b.o)
    0x080001b4   0x080001b4   0x00000000   Code   RO         8634    .ARM.Collect$$$$0000000A  mc_w.l(entry8b.o)
    0x080001b4   0x080001b4   0x00000008   Code   RO         8635    .ARM.Collect$$$$0000000B  mc_w.l(entry9a.o)
    0x080001bc   0x080001bc   0x00000004   Code   RO         8642    .ARM.Collect$$$$0000000E  mc_w.l(entry12b.o)
    0x080001c0   0x080001c0   0x00000000   Code   RO         8637    .ARM.Collect$$$$0000000F  mc_w.l(entry10a.o)
    0x080001c0   0x080001c0   0x00000000   Code   RO         8639    .ARM.Collect$$$$00000011  mc_w.l(entry11a.o)
    0x080001c0   0x080001c0   0x00000004   Code   RO         8628    .ARM.Collect$$$$00002712  mc_w.l(entry2.o)
    0x080001c4   0x080001c4   0x000000be   Code   RO         7449    .emb_text           port.o
    0x08000282   0x08000282   0x00000002   PAD
    0x08000284   0x08000284   0x00000024   Code   RO            4    .text               startup_stm32f429xx.o
    0x080002a8   0x080002a8   0x00000062   Code   RO         8354    .text               mc_w.l(uldiv.o)
    0x0800030a   0x0800030a   0x00000024   Code   RO         8356    .text               mc_w.l(memcpya.o)
    0x0800032e   0x0800032e   0x00000024   Code   RO         8360    .text               mc_w.l(memseta.o)
    0x08000352   0x08000352   0x00000016   Code   RO         8362    .text               mc_w.l(strrchr.o)
    0x08000368   0x08000368   0x0000001e   Code   RO         8646    .text               mc_w.l(llshl.o)
    0x08000386   0x08000386   0x00000020   Code   RO         8648    .text               mc_w.l(llushr.o)
    0x080003a6   0x080003a6   0x00000002   PAD
    0x080003a8   0x080003a8   0x00000024   Code   RO         8661    .text               mc_w.l(init.o)
    0x080003cc   0x080003cc   0x00000002   Code   RO         7529    i.BSP_SD_AbortCallback  bsp_driver_sd.o
    0x080003ce   0x080003ce   0x00000002   PAD
    0x080003d0   0x080003d0   0x00000014   Code   RO         7532    i.BSP_SD_GetCardInfo  bsp_driver_sd.o
    0x080003e4   0x080003e4   0x00000018   Code   RO         7533    i.BSP_SD_GetCardState  bsp_driver_sd.o
    0x080003fc   0x080003fc   0x00000030   Code   RO         7535    i.BSP_SD_Init       bsp_driver_sd.o
    0x0800042c   0x0800042c   0x0000000c   Code   RO         7536    i.BSP_SD_IsDetected  bsp_driver_sd.o
    0x08000438   0x08000438   0x00000028   Code   RO         7538    i.BSP_SD_ReadBlocks_DMA  bsp_driver_sd.o
    0x08000460   0x08000460   0x0000001c   Code   RO         7650    i.BSP_SD_ReadCpltCallback  sd_diskio.o
    0x0800047c   0x0800047c   0x00000028   Code   RO         7541    i.BSP_SD_WriteBlocks_DMA  bsp_driver_sd.o
    0x080004a4   0x080004a4   0x0000001c   Code   RO         7651    i.BSP_SD_WriteCpltCallback  sd_diskio.o
    0x080004c0   0x080004c0   0x00000004   Code   RO          657    i.BusFault_Handler  stm32f4xx_it.o
    0x080004c4   0x080004c4   0x00000010   Code   RO          658    i.DMA2_Stream3_IRQHandler  stm32f4xx_it.o
    0x080004d4   0x080004d4   0x00000010   Code   RO          659    i.DMA2_Stream6_IRQHandler  stm32f4xx_it.o
    0x080004e4   0x080004e4   0x00000034   Code   RO         1840    i.DMA_CalcBaseAndBitshift  stm32f4xx_hal_dma.o
    0x08000518   0x08000518   0x000000aa   Code   RO         1841    i.DMA_CheckFifoParam  stm32f4xx_hal_dma.o
    0x080005c2   0x080005c2   0x0000002c   Code   RO         1842    i.DMA_SetConfig     stm32f4xx_hal_dma.o
    0x080005ee   0x080005ee   0x00000002   Code   RO          660    i.DebugMon_Handler  stm32f4xx_it.o
    0x080005f0   0x080005f0   0x00000006   Code   RO           13    i.Error_Handler     main.o
    0x080005f6   0x080005f6   0x00000012   Code   RO         8224    i.FATFS_LinkDriver  ff_gen_drv.o
    0x08000608   0x08000608   0x00000054   Code   RO         8225    i.FATFS_LinkDriverEx  ff_gen_drv.o
    0x0800065c   0x0800065c   0x0000006c   Code   RO         2586    i.FMC_SDRAM_Init    stm32f4xx_ll_fmc.o
    0x080006c8   0x080006c8   0x00000014   Code   RO         2587    i.FMC_SDRAM_ProgramRefreshRate  stm32f4xx_ll_fmc.o
    0x080006dc   0x080006dc   0x00000056   Code   RO         2588    i.FMC_SDRAM_SendCommand  stm32f4xx_ll_fmc.o
    0x08000732   0x08000732   0x00000002   PAD
    0x08000734   0x08000734   0x00000094   Code   RO         2590    i.FMC_SDRAM_Timing_Init  stm32f4xx_ll_fmc.o
    0x080007c8   0x080007c8   0x00000088   Code   RO          995    i.GT9XX_Reset       int_touch.o
    0x08000850   0x08000850   0x000000cc   Code   RO         1084    i.HAL_DMA2D_ConfigLayer  stm32f4xx_hal_dma2d.o
    0x0800091c   0x0800091c   0x00000060   Code   RO         1092    i.HAL_DMA2D_Init    stm32f4xx_hal_dma2d.o
    0x0800097c   0x0800097c   0x00000034   Code   RO          395    i.HAL_DMA2D_MspInit  dma2d.o
    0x080009b0   0x080009b0   0x00000028   Code   RO         1844    i.HAL_DMA_Abort_IT  stm32f4xx_hal_dma.o
    0x080009d8   0x080009d8   0x00000006   Code   RO         1846    i.HAL_DMA_GetError  stm32f4xx_hal_dma.o
    0x080009de   0x080009de   0x00000002   PAD
    0x080009e0   0x080009e0   0x00000240   Code   RO         1848    i.HAL_DMA_IRQHandler  stm32f4xx_hal_dma.o
    0x08000c20   0x08000c20   0x000000ec   Code   RO         1849    i.HAL_DMA_Init      stm32f4xx_hal_dma.o
    0x08000d0c   0x08000d0c   0x00000092   Code   RO         1853    i.HAL_DMA_Start_IT  stm32f4xx_hal_dma.o
    0x08000d9e   0x08000d9e   0x00000002   PAD
    0x08000da0   0x08000da0   0x00000028   Code   RO         2303    i.HAL_Delay         stm32f4xx_hal.o
    0x08000dc8   0x08000dc8   0x00000110   Code   RO          437    i.HAL_FMC_MspInit   fmc.o
    0x08000ed8   0x08000ed8   0x00000210   Code   RO         1736    i.HAL_GPIO_Init     stm32f4xx_hal_gpio.o
    0x080010e8   0x080010e8   0x00000014   Code   RO         1739    i.HAL_GPIO_TogglePin  stm32f4xx_hal_gpio.o
    0x080010fc   0x080010fc   0x0000000c   Code   RO         1740    i.HAL_GPIO_WritePin  stm32f4xx_hal_gpio.o
    0x08001108   0x08001108   0x0000000c   Code   RO         2311    i.HAL_GetTick       stm32f4xx_hal.o
    0x08001114   0x08001114   0x0000004c   Code   RO         3394    i.HAL_I2CEx_ConfigAnalogFilter  stm32f4xx_hal_i2c_ex.o
    0x08001160   0x08001160   0x00000050   Code   RO         3395    i.HAL_I2CEx_ConfigDigitalFilter  stm32f4xx_hal_i2c_ex.o
    0x080011b0   0x080011b0   0x000001d0   Code   RO         2928    i.HAL_I2C_Init      stm32f4xx_hal_i2c.o
    0x08001380   0x08001380   0x00000308   Code   RO         2946    i.HAL_I2C_Mem_Read  stm32f4xx_hal_i2c.o
    0x08001688   0x08001688   0x00000164   Code   RO         2949    i.HAL_I2C_Mem_Write  stm32f4xx_hal_i2c.o
    0x080017ec   0x080017ec   0x00000088   Code   RO          490    i.HAL_I2C_MspInit   i2c.o
    0x08001874   0x08001874   0x00000018   Code   RO         2317    i.HAL_IncTick       stm32f4xx_hal.o
    0x0800188c   0x0800188c   0x0000003c   Code   RO         2318    i.HAL_Init          stm32f4xx_hal.o
    0x080018c8   0x080018c8   0x000000b4   Code   RO          763    i.HAL_InitTick      stm32f4xx_hal_timebase_tim.o
    0x0800197c   0x0800197c   0x0000005e   Code   RO         3427    i.HAL_LTDC_ConfigLayer  stm32f4xx_hal_ltdc.o
    0x080019da   0x080019da   0x000000ca   Code   RO         3444    i.HAL_LTDC_Init     stm32f4xx_hal_ltdc.o
    0x08001aa4   0x08001aa4   0x000001ac   Code   RO          532    i.HAL_LTDC_MspInit  ltdc.o
    0x08001c50   0x08001c50   0x00000054   Code   RO          739    i.HAL_MspInit       stm32f4xx_hal_msp.o
    0x08001ca4   0x08001ca4   0x00000028   Code   RO         2146    i.HAL_NVIC_EnableIRQ  stm32f4xx_hal_cortex.o
    0x08001ccc   0x08001ccc   0x0000007c   Code   RO         2152    i.HAL_NVIC_SetPriority  stm32f4xx_hal_cortex.o
    0x08001d48   0x08001d48   0x00000028   Code   RO         2153    i.HAL_NVIC_SetPriorityGrouping  stm32f4xx_hal_cortex.o
    0x08001d70   0x08001d70   0x0000008c   Code   RO         2072    i.HAL_PWREx_EnableOverDrive  stm32f4xx_hal_pwr_ex.o
    0x08001dfc   0x08001dfc   0x00000304   Code   RO         1387    i.HAL_RCCEx_PeriphCLKConfig  stm32f4xx_hal_rcc_ex.o
    0x08002100   0x08002100   0x00000184   Code   RO         1280    i.HAL_RCC_ClockConfig  stm32f4xx_hal_rcc.o
    0x08002284   0x08002284   0x00000044   Code   RO         1284    i.HAL_RCC_GetClockConfig  stm32f4xx_hal_rcc.o
    0x080022c8   0x080022c8   0x0000000c   Code   RO         1285    i.HAL_RCC_GetHCLKFreq  stm32f4xx_hal_rcc.o
    0x080022d4   0x080022d4   0x00000020   Code   RO         1287    i.HAL_RCC_GetPCLK1Freq  stm32f4xx_hal_rcc.o
    0x080022f4   0x080022f4   0x00000020   Code   RO         1288    i.HAL_RCC_GetPCLK2Freq  stm32f4xx_hal_rcc.o
    0x08002314   0x08002314   0x000000b0   Code   RO         1289    i.HAL_RCC_GetSysClockFreq  stm32f4xx_hal_rcc.o
    0x080023c4   0x080023c4   0x0000049c   Code   RO         1292    i.HAL_RCC_OscConfig  stm32f4xx_hal_rcc.o
    0x08002860   0x08002860   0x00000040   Code   RO         2752    i.HAL_SDRAM_Init    stm32f4xx_hal_sdram.o
    0x080028a0   0x080028a0   0x0000000a   Code   RO          439    i.HAL_SDRAM_MspInit  fmc.o
    0x080028aa   0x080028aa   0x00000036   Code   RO         2755    i.HAL_SDRAM_ProgramRefreshRate  stm32f4xx_hal_sdram.o
    0x080028e0   0x080028e0   0x0000004e   Code   RO         2761    i.HAL_SDRAM_SendCommand  stm32f4xx_hal_sdram.o
    0x0800292e   0x0800292e   0x0000000a   Code   RO         7543    i.HAL_SD_AbortCallback  bsp_driver_sd.o
    0x08002938   0x08002938   0x000000c8   Code   RO         4013    i.HAL_SD_ConfigWideBusOperation  stm32f4xx_hal_sd.o
    0x08002a00   0x08002a00   0x00000002   Code   RO         4016    i.HAL_SD_ErrorCallback  stm32f4xx_hal_sd.o
    0x08002a02   0x08002a02   0x00000002   PAD
    0x08002a04   0x08002a04   0x000001c8   Code   RO         4018    i.HAL_SD_GetCardCSD  stm32f4xx_hal_sd.o
    0x08002bcc   0x08002bcc   0x00000026   Code   RO         4019    i.HAL_SD_GetCardInfo  stm32f4xx_hal_sd.o
    0x08002bf2   0x08002bf2   0x00000024   Code   RO         4020    i.HAL_SD_GetCardState  stm32f4xx_hal_sd.o
    0x08002c16   0x08002c16   0x00000002   PAD
    0x08002c18   0x08002c18   0x0000021c   Code   RO         4024    i.HAL_SD_IRQHandler  stm32f4xx_hal_sd.o
    0x08002e34   0x08002e34   0x0000003c   Code   RO         4025    i.HAL_SD_Init       stm32f4xx_hal_sd.o
    0x08002e70   0x08002e70   0x000000a8   Code   RO         4026    i.HAL_SD_InitCard   stm32f4xx_hal_sd.o
    0x08002f18   0x08002f18   0x0000018c   Code   RO          574    i.HAL_SD_MspInit    sdio.o
    0x080030a4   0x080030a4   0x00000150   Code   RO         4030    i.HAL_SD_ReadBlocks_DMA  stm32f4xx_hal_sd.o
    0x080031f4   0x080031f4   0x0000000a   Code   RO         7544    i.HAL_SD_RxCpltCallback  bsp_driver_sd.o
    0x080031fe   0x080031fe   0x0000000a   Code   RO         7545    i.HAL_SD_TxCpltCallback  bsp_driver_sd.o
    0x08003208   0x08003208   0x00000154   Code   RO         4035    i.HAL_SD_WriteBlocks_DMA  stm32f4xx_hal_sd.o
    0x0800335c   0x0800335c   0x00000002   Code   RO         4982    i.HAL_TIMEx_BreakCallback  stm32f4xx_hal_tim_ex.o
    0x0800335e   0x0800335e   0x00000002   Code   RO         4983    i.HAL_TIMEx_CommutCallback  stm32f4xx_hal_tim_ex.o
    0x08003360   0x08003360   0x00000066   Code   RO         4267    i.HAL_TIM_Base_Init  stm32f4xx_hal_tim.o
    0x080033c6   0x080033c6   0x00000002   Code   RO         4269    i.HAL_TIM_Base_MspInit  stm32f4xx_hal_tim.o
    0x080033c8   0x080033c8   0x000000a8   Code   RO         4272    i.HAL_TIM_Base_Start_IT  stm32f4xx_hal_tim.o
    0x08003470   0x08003470   0x00000002   Code   RO         4301    i.HAL_TIM_IC_CaptureCallback  stm32f4xx_hal_tim.o
    0x08003472   0x08003472   0x0000016c   Code   RO         4315    i.HAL_TIM_IRQHandler  stm32f4xx_hal_tim.o
    0x080035de   0x080035de   0x00000002   Code   RO         4318    i.HAL_TIM_OC_DelayElapsedCallback  stm32f4xx_hal_tim.o
    0x080035e0   0x080035e0   0x00000002   Code   RO         4345    i.HAL_TIM_PWM_PulseFinishedCallback  stm32f4xx_hal_tim.o
    0x080035e2   0x080035e2   0x00000002   PAD
    0x080035e4   0x080035e4   0x00000018   Code   RO           14    i.HAL_TIM_PeriodElapsedCallback  main.o
    0x080035fc   0x080035fc   0x00000002   Code   RO         4358    i.HAL_TIM_TriggerCallback  stm32f4xx_hal_tim.o
    0x080035fe   0x080035fe   0x00000076   Code   RO         5279    i.HAL_UART_Init     stm32f4xx_hal_uart.o
    0x08003674   0x08003674   0x00000088   Code   RO          616    i.HAL_UART_MspInit  usart.o
    0x080036fc   0x080036fc   0x000000be   Code   RO         5287    i.HAL_UART_Transmit  stm32f4xx_hal_uart.o
    0x080037ba   0x080037ba   0x00000004   Code   RO          661    i.HardFault_Handler  stm32f4xx_it.o
    0x080037be   0x080037be   0x0000003e   Code   RO         2972    i.I2C_IsAcknowledgeFailed  stm32f4xx_hal_i2c.o
    0x080037fc   0x080037fc   0x00000160   Code   RO         2983    i.I2C_RequestMemoryRead  stm32f4xx_hal_i2c.o
    0x0800395c   0x0800395c   0x000000e0   Code   RO         2984    i.I2C_RequestMemoryWrite  stm32f4xx_hal_i2c.o
    0x08003a3c   0x08003a3c   0x00000066   Code   RO         2992    i.I2C_WaitOnBTFFlagUntilTimeout  stm32f4xx_hal_i2c.o
    0x08003aa2   0x08003aa2   0x000000be   Code   RO         2993    i.I2C_WaitOnFlagUntilTimeout  stm32f4xx_hal_i2c.o
    0x08003b60   0x08003b60   0x000000fa   Code   RO         2994    i.I2C_WaitOnMasterAddressFlagUntilTimeout  stm32f4xx_hal_i2c.o
    0x08003c5a   0x08003c5a   0x0000008a   Code   RO         2995    i.I2C_WaitOnRXNEFlagUntilTimeout  stm32f4xx_hal_i2c.o
    0x08003ce4   0x08003ce4   0x00000066   Code   RO         2998    i.I2C_WaitOnTXEFlagUntilTimeout  stm32f4xx_hal_i2c.o
    0x08003d4a   0x08003d4a   0x00000002   PAD
    0x08003d4c   0x08003d4c   0x000000a0   Code   RO          878    i.LCD_FillRect      int_lcd.o
    0x08003dec   0x08003dec   0x00000030   Code   RO          879    i.LCD_Init_Application  int_lcd.o
    0x08003e1c   0x08003e1c   0x00000098   Code   RO          881    i.LCD_SetBackColor  int_lcd.o
    0x08003eb4   0x08003eb4   0x00000098   Code   RO          882    i.LCD_SetColor      int_lcd.o
    0x08003f4c   0x08003f4c   0x00000044   Code   RO          884    i.LCD_Test_Color    int_lcd.o
    0x08003f90   0x08003f90   0x00000028   Code   RO          831    i.LED_Toggle        int_led.o
    0x08003fb8   0x08003fb8   0x000001e0   Code   RO         3463    i.LTDC_SetConfig    stm32f4xx_hal_ltdc.o
    0x08004198   0x08004198   0x00000044   Code   RO          396    i.MX_DMA2D_Init     dma2d.o
    0x080041dc   0x080041dc   0x00000048   Code   RO          370    i.MX_DMA_Init       dma.o
    0x08004224   0x08004224   0x0000001c   Code   RO         7731    i.MX_FATFS_Init     fatfs.o
    0x08004240   0x08004240   0x0000007c   Code   RO          440    i.MX_FMC_Init       fmc.o
    0x080042bc   0x080042bc   0x00000054   Code   RO          315    i.MX_FREERTOS_Init  freertos.o
    0x08004310   0x08004310   0x000001cc   Code   RO          291    i.MX_GPIO_Init      gpio.o
    0x080044dc   0x080044dc   0x00000058   Code   RO          491    i.MX_I2C2_Init      i2c.o
    0x08004534   0x08004534   0x000000c8   Code   RO          533    i.MX_LTDC_Init      ltdc.o
    0x080045fc   0x080045fc   0x0000002c   Code   RO          575    i.MX_SDIO_SD_Init   sdio.o
    0x08004628   0x08004628   0x00000038   Code   RO          617    i.MX_USART1_UART_Init  usart.o
    0x08004660   0x08004660   0x00000004   Code   RO          662    i.MemManage_Handler  stm32f4xx_it.o
    0x08004664   0x08004664   0x00000004   Code   RO          663    i.NMI_Handler       stm32f4xx_it.o
    0x08004668   0x08004668   0x0000002c   Code   RO         3717    i.SDIO_ConfigData   stm32f4xx_ll_sdmmc.o
    0x08004694   0x08004694   0x00000008   Code   RO         3718    i.SDIO_GetCommandResponse  stm32f4xx_ll_sdmmc.o
    0x0800469c   0x0800469c   0x0000000a   Code   RO         3721    i.SDIO_GetPowerState  stm32f4xx_ll_sdmmc.o
    0x080046a6   0x080046a6   0x0000000c   Code   RO         3722    i.SDIO_GetResponse  stm32f4xx_ll_sdmmc.o
    0x080046b2   0x080046b2   0x00000002   PAD
    0x080046b4   0x080046b4   0x00000010   Code   RO          664    i.SDIO_IRQHandler   stm32f4xx_it.o
    0x080046c4   0x080046c4   0x00000034   Code   RO         3723    i.SDIO_Init         stm32f4xx_ll_sdmmc.o
    0x080046f8   0x080046f8   0x0000000a   Code   RO         3725    i.SDIO_PowerState_ON  stm32f4xx_ll_sdmmc.o
    0x08004702   0x08004702   0x00000008   Code   RO         3726    i.SDIO_ReadFIFO     stm32f4xx_ll_sdmmc.o
    0x0800470a   0x0800470a   0x00000028   Code   RO         3727    i.SDIO_SendCommand  stm32f4xx_ll_sdmmc.o
    0x08004732   0x08004732   0x0000000c   Code   RO         3729    i.SDIO_WriteFIFO    stm32f4xx_ll_sdmmc.o
    0x0800473e   0x0800473e   0x00000038   Code   RO         3730    i.SDMMC_CmdAppCommand  stm32f4xx_ll_sdmmc.o
    0x08004776   0x08004776   0x00000002   PAD
    0x08004778   0x08004778   0x0000003c   Code   RO         3731    i.SDMMC_CmdAppOperCommand  stm32f4xx_ll_sdmmc.o
    0x080047b4   0x080047b4   0x00000038   Code   RO         3732    i.SDMMC_CmdBlockLength  stm32f4xx_ll_sdmmc.o
    0x080047ec   0x080047ec   0x00000038   Code   RO         3733    i.SDMMC_CmdBusWidth  stm32f4xx_ll_sdmmc.o
    0x08004824   0x08004824   0x0000002c   Code   RO         3737    i.SDMMC_CmdGoIdleState  stm32f4xx_ll_sdmmc.o
    0x08004850   0x08004850   0x00000034   Code   RO         3739    i.SDMMC_CmdOperCond  stm32f4xx_ll_sdmmc.o
    0x08004884   0x08004884   0x00000038   Code   RO         3740    i.SDMMC_CmdReadMultiBlock  stm32f4xx_ll_sdmmc.o
    0x080048bc   0x080048bc   0x00000038   Code   RO         3741    i.SDMMC_CmdReadSingleBlock  stm32f4xx_ll_sdmmc.o
    0x080048f4   0x080048f4   0x0000003a   Code   RO         3744    i.SDMMC_CmdSelDesel  stm32f4xx_ll_sdmmc.o
    0x0800492e   0x0800492e   0x00000032   Code   RO         3745    i.SDMMC_CmdSendCID  stm32f4xx_ll_sdmmc.o
    0x08004960   0x08004960   0x00000032   Code   RO         3746    i.SDMMC_CmdSendCSD  stm32f4xx_ll_sdmmc.o
    0x08004992   0x08004992   0x00000038   Code   RO         3748    i.SDMMC_CmdSendSCR  stm32f4xx_ll_sdmmc.o
    0x080049ca   0x080049ca   0x00000038   Code   RO         3749    i.SDMMC_CmdSendStatus  stm32f4xx_ll_sdmmc.o
    0x08004a02   0x08004a02   0x00000038   Code   RO         3750    i.SDMMC_CmdSetRelAdd  stm32f4xx_ll_sdmmc.o
    0x08004a3a   0x08004a3a   0x00000002   PAD
    0x08004a3c   0x08004a3c   0x0000003c   Code   RO         3753    i.SDMMC_CmdStopTransfer  stm32f4xx_ll_sdmmc.o
    0x08004a78   0x08004a78   0x00000038   Code   RO         3755    i.SDMMC_CmdWriteMultiBlock  stm32f4xx_ll_sdmmc.o
    0x08004ab0   0x08004ab0   0x00000038   Code   RO         3756    i.SDMMC_CmdWriteSingleBlock  stm32f4xx_ll_sdmmc.o
    0x08004ae8   0x08004ae8   0x00000040   Code   RO         3757    i.SDMMC_GetCmdError  stm32f4xx_ll_sdmmc.o
    0x08004b28   0x08004b28   0x000001ac   Code   RO         3758    i.SDMMC_GetCmdResp1  stm32f4xx_ll_sdmmc.o
    0x08004cd4   0x08004cd4   0x00000064   Code   RO         3759    i.SDMMC_GetCmdResp2  stm32f4xx_ll_sdmmc.o
    0x08004d38   0x08004d38   0x00000058   Code   RO         3760    i.SDMMC_GetCmdResp3  stm32f4xx_ll_sdmmc.o
    0x08004d90   0x08004d90   0x000000b8   Code   RO         3761    i.SDMMC_GetCmdResp6  stm32f4xx_ll_sdmmc.o
    0x08004e48   0x08004e48   0x0000006c   Code   RO         3762    i.SDMMC_GetCmdResp7  stm32f4xx_ll_sdmmc.o
    0x08004eb4   0x08004eb4   0x00000090   Code   RO         1037    i.SDRAM_Initialization_Sequence  app_sdram.o
    0x08004f44   0x08004f44   0x00000028   Code   RO         7652    i.SD_CheckStatus    sd_diskio.o
    0x08004f6c   0x08004f6c   0x00000026   Code   RO         7653    i.SD_CheckStatusWithTimeout  sd_diskio.o
    0x08004f92   0x08004f92   0x00000002   PAD
    0x08004f94   0x08004f94   0x00000074   Code   RO         4037    i.SD_DMAError       stm32f4xx_hal_sd.o
    0x08005008   0x08005008   0x00000048   Code   RO         4038    i.SD_DMAReceiveCplt  stm32f4xx_hal_sd.o
    0x08005050   0x08005050   0x00000048   Code   RO         4039    i.SD_DMARxAbort     stm32f4xx_hal_sd.o
    0x08005098   0x08005098   0x00000012   Code   RO         4040    i.SD_DMATransmitCplt  stm32f4xx_hal_sd.o
    0x080050aa   0x080050aa   0x00000048   Code   RO         4041    i.SD_DMATxAbort     stm32f4xx_hal_sd.o
    0x080050f2   0x080050f2   0x0000014c   Code   RO         4042    i.SD_FindSCR        stm32f4xx_hal_sd.o
    0x0800523e   0x0800523e   0x00000102   Code   RO         4043    i.SD_InitCard       stm32f4xx_hal_sd.o
    0x08005340   0x08005340   0x000000cc   Code   RO         4045    i.SD_PowerON        stm32f4xx_hal_sd.o
    0x0800540c   0x0800540c   0x0000004a   Code   RO         4046    i.SD_Read_IT        stm32f4xx_hal_sd.o
    0x08005456   0x08005456   0x00000030   Code   RO         4048    i.SD_SendStatus     stm32f4xx_hal_sd.o
    0x08005486   0x08005486   0x00000068   Code   RO         4049    i.SD_WideBus_Disable  stm32f4xx_hal_sd.o
    0x080054ee   0x080054ee   0x00000068   Code   RO         4050    i.SD_WideBus_Enable  stm32f4xx_hal_sd.o
    0x08005556   0x08005556   0x00000054   Code   RO         4051    i.SD_Write_IT       stm32f4xx_hal_sd.o
    0x080055aa   0x080055aa   0x00000002   PAD
    0x080055ac   0x080055ac   0x00000060   Code   RO         7654    i.SD_initialize     sd_diskio.o
    0x0800560c   0x0800560c   0x0000006c   Code   RO         7655    i.SD_ioctl          sd_diskio.o
    0x08005678   0x08005678   0x00000078   Code   RO         7656    i.SD_read           sd_diskio.o
    0x080056f0   0x080056f0   0x0000000c   Code   RO         7657    i.SD_status         sd_diskio.o
    0x080056fc   0x080056fc   0x00000078   Code   RO         7658    i.SD_write          sd_diskio.o
    0x08005774   0x08005774   0x0000009c   Code   RO          316    i.StartDefaultTask  freertos.o
    0x08005810   0x08005810   0x00000016   Code   RO         6864    i.SysTick_Handler   cmsis_os2.o
    0x08005826   0x08005826   0x00000002   PAD
    0x08005828   0x08005828   0x000000bc   Code   RO           15    i.SystemClock_Config  main.o
    0x080058e4   0x080058e4   0x00000014   Code   RO         5623    i.SystemInit        system_stm32f4xx.o
    0x080058f8   0x080058f8   0x00000010   Code   RO          665    i.TIM6_DAC_IRQHandler  stm32f4xx_it.o
    0x08005908   0x08005908   0x000000e0   Code   RO         4360    i.TIM_Base_SetConfig  stm32f4xx_hal_tim.o
    0x080059e8   0x080059e8   0x00000012   Code   RO         5659    i.Task_Heartbeat_Led  task_heartbeat_led.o
    0x080059fa   0x080059fa   0x00000002   PAD
    0x080059fc   0x080059fc   0x0000039c   Code   RO         5689    i.Task_Peripheral_Init  task_peripheral_init.o
    0x08005d98   0x08005d98   0x00000184   Code   RO          996    i.Touch_Init        int_touch.o
    0x08005f1c   0x08005f1c   0x000000c8   Code   RO          997    i.Touch_Scan        int_touch.o
    0x08005fe4   0x08005fe4   0x0000006c   Code   RO         5302    i.UART_EndRxTransfer  stm32f4xx_hal_uart.o
    0x08006050   0x08006050   0x0000022c   Code   RO         5306    i.UART_SetConfig    stm32f4xx_hal_uart.o
    0x0800627c   0x0800627c   0x0000008c   Code   RO         5310    i.UART_WaitOnFlagUntilTimeout  stm32f4xx_hal_uart.o
    0x08006308   0x08006308   0x00000004   Code   RO          666    i.UsageFault_Handler  stm32f4xx_it.o
    0x0800630c   0x0800630c   0x00000020   Code   RO         8573    i.__0printf$8       mc_w.l(printf8.o)
    0x0800632c   0x0800632c   0x00000010   Code   RO         2159    i.__NVIC_GetPriorityGrouping  stm32f4xx_hal_cortex.o
    0x0800633c   0x0800633c   0x00000028   Code   RO         2160    i.__NVIC_SetPriority  stm32f4xx_hal_cortex.o
    0x08006364   0x08006364   0x00000006   Code   RO         6866    i.__get_IPSR        cmsis_os2.o
    0x0800636a   0x0800636a   0x0000000e   Code   RO         8669    i.__scatterload_copy  mc_w.l(handlers.o)
    0x08006378   0x08006378   0x00000002   Code   RO         8670    i.__scatterload_null  mc_w.l(handlers.o)
    0x0800637a   0x0800637a   0x0000000e   Code   RO         8671    i.__scatterload_zeroinit  mc_w.l(handlers.o)
    0x08006388   0x08006388   0x00000404   Code   RO         8580    i._printf_core      mc_w.l(printf8.o)
    0x0800678c   0x0800678c   0x00000024   Code   RO         8581    i._printf_post_padding  mc_w.l(printf8.o)
    0x080067b0   0x080067b0   0x0000002e   Code   RO         8582    i._printf_pre_padding  mc_w.l(printf8.o)
    0x080067de   0x080067de   0x00000002   PAD
    0x080067e0   0x080067e0   0x0000007c   Code   RO         7823    i.check_fs          ff.o
    0x0800685c   0x0800685c   0x00000028   Code   RO         7826    i.clear_lock        ff.o
    0x08006884   0x08006884   0x00000030   Code   RO         7768    i.disk_initialize   diskio.o
    0x080068b4   0x080068b4   0x00000028   Code   RO         7769    i.disk_ioctl        diskio.o
    0x080068dc   0x080068dc   0x00000030   Code   RO         7770    i.disk_read         diskio.o
    0x0800690c   0x0800690c   0x0000001c   Code   RO         7771    i.disk_status       diskio.o
    0x08006928   0x08006928   0x00000030   Code   RO         7772    i.disk_write        diskio.o
    0x08006958   0x08006958   0x00000104   Code   RO         7843    i.f_getfree         ff.o
    0x08006a5c   0x08006a5c   0x00000684   Code   RO         7848    i.f_mkfs            ff.o
    0x080070e0   0x080070e0   0x00000084   Code   RO         7849    i.f_mount           ff.o
    0x08007164   0x08007164   0x00000022   Code   RO         8274    i.ff_cre_syncobj    syscall.o
    0x08007186   0x08007186   0x0000000e   Code   RO         8275    i.ff_del_syncobj    syscall.o
    0x08007194   0x08007194   0x0000000c   Code   RO         8276    i.ff_rel_grant      syscall.o
    0x080071a0   0x080071a0   0x00000018   Code   RO         8277    i.ff_req_grant      syscall.o
    0x080071b8   0x080071b8   0x0000030c   Code   RO         7864    i.find_volume       ff.o
    0x080074c4   0x080074c4   0x0000001c   Code   RO          802    i.fputc             com_debug.o
    0x080074e0   0x080074e0   0x000000e0   Code   RO         7867    i.get_fat           ff.o
    0x080075c0   0x080075c0   0x00000004   Code   RO         7732    i.get_fattime       fatfs.o
    0x080075c4   0x080075c4   0x00000048   Code   RO         7869    i.get_ldnumber      ff.o
    0x0800760c   0x0800760c   0x00000018   Code   RO         7872    i.ld_dword          ff.o
    0x08007624   0x08007624   0x0000000c   Code   RO         7873    i.ld_word           ff.o
    0x08007630   0x08007630   0x00000016   Code   RO         7874    i.lock_fs           ff.o
    0x08007646   0x08007646   0x00000002   PAD
    0x08007648   0x08007648   0x000000f8   Code   RO           16    i.main              main.o
    0x08007740   0x08007740   0x0000001a   Code   RO         7876    i.mem_cpy           ff.o
    0x0800775a   0x0800775a   0x00000012   Code   RO         7877    i.mem_set           ff.o
    0x0800776c   0x0800776c   0x00000034   Code   RO         7878    i.move_window       ff.o
    0x080077a0   0x080077a0   0x0000001e   Code   RO         6867    i.osDelay           cmsis_os2.o
    0x080077be   0x080077be   0x00000002   PAD
    0x080077c0   0x080077c0   0x00000034   Code   RO         6876    i.osKernelGetState  cmsis_os2.o
    0x080077f4   0x080077f4   0x0000001a   Code   RO         6879    i.osKernelGetTickCount  cmsis_os2.o
    0x0800780e   0x0800780e   0x00000002   PAD
    0x08007810   0x08007810   0x0000002c   Code   RO         6881    i.osKernelInitialize  cmsis_os2.o
    0x0800783c   0x0800783c   0x00000060   Code   RO         6884    i.osKernelStart     cmsis_os2.o
    0x0800789c   0x0800789c   0x00000080   Code   RO         6896    i.osMessageQueueGet  cmsis_os2.o
    0x0800791c   0x0800791c   0x0000009a   Code   RO         6901    i.osMessageQueueNew  cmsis_os2.o
    0x080079b6   0x080079b6   0x00000002   PAD
    0x080079b8   0x080079b8   0x00000084   Code   RO         6902    i.osMessageQueuePut  cmsis_os2.o
    0x08007a3c   0x08007a3c   0x0000006c   Code   RO         6909    i.osSemaphoreAcquire  cmsis_os2.o
    0x08007aa8   0x08007aa8   0x0000002c   Code   RO         6910    i.osSemaphoreDelete  cmsis_os2.o
    0x08007ad4   0x08007ad4   0x000000cc   Code   RO         6912    i.osSemaphoreNew    cmsis_os2.o
    0x08007ba0   0x08007ba0   0x0000005c   Code   RO         6913    i.osSemaphoreRelease  cmsis_os2.o
    0x08007bfc   0x08007bfc   0x000000b8   Code   RO         6926    i.osThreadNew       cmsis_os2.o
    0x08007cb4   0x08007cb4   0x0000007c   Code   RO         6301    i.prvAddCurrentTaskToDelayedList  tasks.o
    0x08007d30   0x08007d30   0x000000b8   Code   RO         6302    i.prvAddNewTaskToReadyList  tasks.o
    0x08007de8   0x08007de8   0x00000074   Code   RO         6677    i.prvCheckForValidListAndQueue  timers.o
    0x08007e5c   0x08007e5c   0x00000048   Code   RO         6303    i.prvCheckTasksWaitingTermination  tasks.o
    0x08007ea4   0x08007ea4   0x0000002a   Code   RO         5888    i.prvCopyDataFromQueue  queue.o
    0x08007ece   0x08007ece   0x0000007e   Code   RO         5889    i.prvCopyDataToQueue  queue.o
    0x08007f4c   0x08007f4c   0x00000050   Code   RO         6304    i.prvDeleteTCB      tasks.o
    0x08007f9c   0x08007f9c   0x00000014   Code   RO         5890    i.prvGetDisinheritPriorityAfterTimeout  queue.o
    0x08007fb0   0x08007fb0   0x00000028   Code   RO         6678    i.prvGetNextExpireTime  timers.o
    0x08007fd8   0x08007fd8   0x0000007c   Code   RO         7394    i.prvHeapInit       heap_4.o
    0x08008054   0x08008054   0x00000028   Code   RO         6305    i.prvIdleTask       tasks.o
    0x0800807c   0x0800807c   0x0000002a   Code   RO         5892    i.prvInitialiseNewQueue  queue.o
    0x080080a6   0x080080a6   0x000000be   Code   RO         6306    i.prvInitialiseNewTask  tasks.o
    0x08008164   0x08008164   0x00000068   Code   RO         6307    i.prvInitialiseTaskLists  tasks.o
    0x080081cc   0x080081cc   0x00000068   Code   RO         7395    i.prvInsertBlockIntoFreeList  heap_4.o
    0x08008234   0x08008234   0x00000058   Code   RO         6680    i.prvInsertTimerInActiveList  timers.o
    0x0800828c   0x0800828c   0x0000001a   Code   RO         5893    i.prvIsQueueEmpty   queue.o
    0x080082a6   0x080082a6   0x0000001e   Code   RO         5894    i.prvIsQueueFull    queue.o
    0x080082c4   0x080082c4   0x00000074   Code   RO         6681    i.prvProcessExpiredTimer  timers.o
    0x08008338   0x08008338   0x00000164   Code   RO         6682    i.prvProcessReceivedCommands  timers.o
    0x0800849c   0x0800849c   0x00000074   Code   RO         6683    i.prvProcessTimerOrBlockTask  timers.o
    0x08008510   0x08008510   0x00000034   Code   RO         6309    i.prvResetNextTaskUnblockTime  tasks.o
    0x08008544   0x08008544   0x0000002c   Code   RO         6684    i.prvSampleTimeNow  timers.o
    0x08008570   0x08008570   0x000000a4   Code   RO         6685    i.prvSwitchTimerLists  timers.o
    0x08008614   0x08008614   0x00000040   Code   RO         7450    i.prvTaskExitError  port.o
    0x08008654   0x08008654   0x0000001a   Code   RO         6686    i.prvTimerTask      timers.o
    0x0800866e   0x0800866e   0x0000007e   Code   RO         5895    i.prvUnlockQueue    queue.o
    0x080086ec   0x080086ec   0x0000014c   Code   RO         7396    i.pvPortMalloc      heap_4.o
    0x08008838   0x08008838   0x00000020   Code   RO         6312    i.pvTaskIncrementMutexHeldCount  tasks.o
    0x08008858   0x08008858   0x0000002c   Code   RO         7451    i.pxPortInitialiseStack  port.o
    0x08008884   0x08008884   0x00000018   Code   RO         7887    i.st_dword          ff.o
    0x0800889c   0x0800889c   0x0000000c   Code   RO         7888    i.st_word           ff.o
    0x080088a8   0x080088a8   0x00000052   Code   RO         7891    i.sync_window       ff.o
    0x080088fa   0x080088fa   0x0000001c   Code   RO         7892    i.unlock_fs         ff.o
    0x08008916   0x08008916   0x00000028   Code   RO         5848    i.uxListRemove      list.o
    0x0800893e   0x0800893e   0x00000002   PAD
    0x08008940   0x08008940   0x00000018   Code   RO         6938    i.vApplicationGetIdleTaskMemory  cmsis_os2.o
    0x08008958   0x08008958   0x00000018   Code   RO         6939    i.vApplicationGetTimerTaskMemory  cmsis_os2.o
    0x08008970   0x08008970   0x0000001a   Code   RO         5849    i.vListInitialise   list.o
    0x0800898a   0x0800898a   0x00000006   Code   RO         5850    i.vListInitialiseItem  list.o
    0x08008990   0x08008990   0x00000034   Code   RO         5851    i.vListInsert       list.o
    0x080089c4   0x080089c4   0x00000018   Code   RO         5852    i.vListInsertEnd    list.o
    0x080089dc   0x080089dc   0x00000054   Code   RO         7453    i.vPortEnterCritical  port.o
    0x08008a30   0x08008a30   0x0000003c   Code   RO         7454    i.vPortExitCritical  port.o
    0x08008a6c   0x08008a6c   0x000000a4   Code   RO         7397    i.vPortFree         heap_4.o
    0x08008b10   0x08008b10   0x00000028   Code   RO         7455    i.vPortSetupTimerInterrupt  port.o
    0x08008b38   0x08008b38   0x00000078   Code   RO         7456    i.vPortValidateInterruptPriority  port.o
    0x08008bb0   0x08008bb0   0x0000002c   Code   RO         5901    i.vQueueAddToRegistry  queue.o
    0x08008bdc   0x08008bdc   0x00000032   Code   RO         5902    i.vQueueDelete      queue.o
    0x08008c0e   0x08008c0e   0x00000002   PAD
    0x08008c10   0x08008c10   0x00000030   Code   RO         5904    i.vQueueUnregisterQueue  queue.o
    0x08008c40   0x08008c40   0x0000004a   Code   RO         5905    i.vQueueWaitForMessageRestricted  queue.o
    0x08008c8a   0x08008c8a   0x00000002   PAD
    0x08008c8c   0x08008c8c   0x0000005c   Code   RO         6322    i.vTaskDelay        tasks.o
    0x08008ce8   0x08008ce8   0x000000c8   Code   RO         6324    i.vTaskDelete       tasks.o
    0x08008db0   0x08008db0   0x00000018   Code   RO         6327    i.vTaskInternalSetTimeOutState  tasks.o
    0x08008dc8   0x08008dc8   0x0000000c   Code   RO         6328    i.vTaskMissedYield  tasks.o
    0x08008dd4   0x08008dd4   0x00000038   Code   RO         6330    i.vTaskPlaceOnEventList  tasks.o
    0x08008e0c   0x08008e0c   0x00000040   Code   RO         6331    i.vTaskPlaceOnEventListRestricted  tasks.o
    0x08008e4c   0x08008e4c   0x000000d0   Code   RO         6333    i.vTaskPriorityDisinheritAfterTimeout  tasks.o
    0x08008f1c   0x08008f1c   0x000000b8   Code   RO         6339    i.vTaskStartScheduler  tasks.o
    0x08008fd4   0x08008fd4   0x00000010   Code   RO         6341    i.vTaskSuspendAll   tasks.o
    0x08008fe4   0x08008fe4   0x00000090   Code   RO         6342    i.vTaskSwitchContext  tasks.o
    0x08009074   0x08009074   0x00000168   Code   RO         7457    i.xPortStartScheduler  port.o
    0x080091dc   0x080091dc   0x00000034   Code   RO         7458    i.xPortSysTickHandler  port.o
    0x08009210   0x08009210   0x0000005c   Code   RO         5906    i.xQueueCreateCountingSemaphore  queue.o
    0x0800926c   0x0800926c   0x00000064   Code   RO         5907    i.xQueueCreateCountingSemaphoreStatic  queue.o
    0x080092d0   0x080092d0   0x0000005a   Code   RO         5910    i.xQueueGenericCreate  queue.o
    0x0800932a   0x0800932a   0x000000e0   Code   RO         5911    i.xQueueGenericCreateStatic  queue.o
    0x0800940a   0x0800940a   0x00000002   PAD
    0x0800940c   0x0800940c   0x00000098   Code   RO         5912    i.xQueueGenericReset  queue.o
    0x080094a4   0x080094a4   0x000001a8   Code   RO         5913    i.xQueueGenericSend  queue.o
    0x0800964c   0x0800964c   0x000000fc   Code   RO         5914    i.xQueueGenericSendFromISR  queue.o
    0x08009748   0x08009748   0x000000e0   Code   RO         5917    i.xQueueGiveFromISR  queue.o
    0x08009828   0x08009828   0x00000168   Code   RO         5923    i.xQueueReceive     queue.o
    0x08009990   0x08009990   0x000000ca   Code   RO         5924    i.xQueueReceiveFromISR  queue.o
    0x08009a5a   0x08009a5a   0x00000002   PAD
    0x08009a5c   0x08009a5c   0x000001b8   Code   RO         5925    i.xQueueSemaphoreTake  queue.o
    0x08009c14   0x08009c14   0x0000008c   Code   RO         6344    i.xTaskCheckForTimeOut  tasks.o
    0x08009ca0   0x08009ca0   0x00000064   Code   RO         6345    i.xTaskCreate       tasks.o
    0x08009d04   0x08009d04   0x000000ba   Code   RO         6346    i.xTaskCreateStatic  tasks.o
    0x08009dbe   0x08009dbe   0x00000002   PAD
    0x08009dc0   0x08009dc0   0x00000020   Code   RO         6350    i.xTaskGetSchedulerState  tasks.o
    0x08009de0   0x08009de0   0x0000000c   Code   RO         6351    i.xTaskGetTickCount  tasks.o
    0x08009dec   0x08009dec   0x00000014   Code   RO         6352    i.xTaskGetTickCountFromISR  tasks.o
    0x08009e00   0x08009e00   0x00000144   Code   RO         6353    i.xTaskIncrementTick  tasks.o
    0x08009f44   0x08009f44   0x000000a4   Code   RO         6356    i.xTaskPriorityDisinherit  tasks.o
    0x08009fe8   0x08009fe8   0x000000a4   Code   RO         6357    i.xTaskPriorityInherit  tasks.o
    0x0800a08c   0x0800a08c   0x00000098   Code   RO         6358    i.xTaskRemoveFromEventList  tasks.o
    0x0800a124   0x0800a124   0x00000104   Code   RO         6359    i.xTaskResumeAll    tasks.o
    0x0800a228   0x0800a228   0x00000078   Code   RO         6695    i.xTimerCreateTimerTask  timers.o
    0x0800a2a0   0x0800a2a0   0x00000084   Code   RO         6696    i.xTimerGenericCommand  timers.o
    0x0800a324   0x0800a324   0x0000006c   Data   RO          319    .constdata          freertos.o
    0x0800a390   0x0800a390   0x00000020   Data   RO          886    .constdata          int_lcd.o
    0x0800a3b0   0x0800a3b0   0x00000008   Data   RO         1855    .constdata          stm32f4xx_hal_dma.o
    0x0800a3b8   0x0800a3b8   0x00000018   Data   RO         5624    .constdata          system_stm32f4xx.o
    0x0800a3d0   0x0800a3d0   0x00000014   Data   RO         7659    .constdata          sd_diskio.o
    0x0800a3e4   0x0800a3e4   0x0000003a   Data   RO         7895    .constdata          ff.o
    0x0800a41e   0x0800a41e   0x00000002   PAD
    0x0800a420   0x0800a420   0x0000002c   Data   RO          320    .conststring        freertos.o
    0x0800a44c   0x0800a44c   0x00000020   Data   RO         8667    Region$$Table       anon$$obj.o


    Execution Region RW_IRAM2 (Exec base: 0x10000000, Load base: 0x0800a52c, Size: 0x00000000, Max: 0x00010000, ABSOLUTE)

    **** No section assigned to this execution region ****


    Execution Region RW_IRAM1 (Exec base: 0x20000000, Load base: 0x0800a46c, Size: 0x00011198, Max: 0x00030000, ABSOLUTE)

    Exec Addr    Load Addr    Size         Type   Attr      Idx    E Section Name        Object

    0x20000000   0x0800a46c   0x0000000c   Data   RW          321    .data               freertos.o
    0x2000000c   0x0800a478   0x00000008   Data   RW          442    .data               fmc.o
    0x20000014   0x0800a480   0x00000009   Data   RW         2325    .data               stm32f4xx_hal.o
    0x2000001d   0x0800a489   0x00000003   PAD
    0x20000020   0x0800a48c   0x00000004   Data   RW         5625    .data               system_stm32f4xx.o
    0x20000024   0x0800a490   0x0000003c   Data   RW         6362    .data               tasks.o
    0x20000060   0x0800a4cc   0x00000014   Data   RW         6704    .data               timers.o
    0x20000074   0x0800a4e0   0x00000004   Data   RW         6941    .data               cmsis_os2.o
    0x20000078   0x0800a4e4   0x00000020   Data   RW         7403    .data               heap_4.o
    0x20000098   0x0800a504   0x0000000c   Data   RW         7459    .data               port.o
    0x200000a4   0x0800a510   0x00000008   Data   RW         7660    .data               sd_diskio.o
    0x200000ac   0x0800a518   0x00000005   Data   RW         7734    .data               fatfs.o
    0x200000b1   0x0800a51d   0x00000003   PAD
    0x200000b4   0x0800a520   0x00000006   Data   RW         7896    .data               ff.o
    0x200000ba   0x0800a526   0x00000002   PAD
    0x200000bc   0x0800a528   0x00000004   Data   RW         8643    .data               mc_w.l(stdout.o)
    0x200000c0        -       0x00000040   Zero   RW          397    .bss                dma2d.o
    0x20000100        -       0x00000034   Zero   RW          441    .bss                fmc.o
    0x20000134        -       0x00000054   Zero   RW          492    .bss                i2c.o
    0x20000188        -       0x000000a8   Zero   RW          534    .bss                ltdc.o
    0x20000230        -       0x00000144   Zero   RW          576    .bss                sdio.o
    0x20000374        -       0x00000048   Zero   RW          618    .bss                usart.o
    0x200003bc        -       0x00000048   Zero   RW          766    .bss                stm32f4xx_hal_timebase_tim.o
    0x20000404        -       0x00000014   Zero   RW          885    .bss                int_lcd.o
    0x20000418        -       0x00000016   Zero   RW          998    .bss                int_touch.o
    0x2000042e   0x0800a52c   0x00000002   PAD
    0x20000430        -       0x00000040   Zero   RW         5927    .bss                queue.o
    0x20000470        -       0x000004c4   Zero   RW         6361    .bss                tasks.o
    0x20000934        -       0x00000118   Zero   RW         6703    .bss                timers.o
    0x20000a4c        -       0x000006b8   Zero   RW         6940    .bss                cmsis_os2.o
    0x20001104        -       0x00003c00   Zero   RW         7402    .bss                heap_4.o
    0x20004d04        -       0x00000468   Zero   RW         7733    .bss                fatfs.o
    0x2000516c        -       0x00000020   Zero   RW         7894    .bss                ff.o
    0x2000518c        -       0x0000000c   Zero   RW         8228    .bss                ff_gen_drv.o
    0x20005198        -       0x0000c000   Zero   RW            1    STACK               startup_stm32f429xx.o


==============================================================================

Image component sizes


      Code (inc. data)   RO Data    RW Data    ZI Data      Debug   Object Name

       144          0          0          0          0       1204   app_sdram.o
       216         26          0          0          0       6390   bsp_driver_sd.o
      1370         58          0          4       1720      72736   cmsis_os2.o
        28          6          0          0          0        568   com_debug.o
       212         26          0          0          0       4025   diskio.o
        72          4          0          0          0        894   dma.o
       120         16          0          0         64       1673   dma2d.o
         0          0          0          0          0      19404   event_groups.o
        32         12          0          5       1128       1644   fatfs.o
      3600        116         58          6         32      20800   ff.o
       102          6          0          0         12       1671   ff_gen_drv.o
       406         40          0          8         52       2564   fmc.o
       240         76        152         12          0       2123   freertos.o
       460         16          0          0          0       1375   gpio.o
       724         74          0         32      15360       4975   heap_4.o
       224         26          0          0         84       1809   i2c.o
       580         36         32          0         20       4299   int_lcd.o
        40          8          0          0          0        561   int_led.o
       724        216          0          0         22       2920   int_touch.o
       148          0          0          0          0       3686   list.o
       628         36          0          0        168       2322   ltdc.o
       466        110          0          0          0     832680   main.o
      1014         92          0         12          0      11801   port.o
      3188         30          0          0         64      27140   queue.o
       590         44         20          8          0       7101   sd_diskio.o
       440         40          0          0        324       2047   sdio.o
        36          8        428          0      49152        836   startup_stm32f429xx.o
       136         24          0          9          0       8990   stm32f4xx_hal.o
       260         22          0          0          0      33554   stm32f4xx_hal_cortex.o
      1270         16          8          0          0       6921   stm32f4xx_hal_dma.o
       300          6          0          0          0       2265   stm32f4xx_hal_dma2d.o
       560         54          0          0          0       2897   stm32f4xx_hal_gpio.o
      3016         48          0          0          0      11994   stm32f4xx_hal_i2c.o
       156          0          0          0          0       2035   stm32f4xx_hal_i2c_ex.o
       776          0          0          0          0       2987   stm32f4xx_hal_ltdc.o
        84          6          0          0          0        982   stm32f4xx_hal_msp.o
       140         12          0          0          0       1400   stm32f4xx_hal_pwr_ex.o
      1888         94          0          0          0       6405   stm32f4xx_hal_rcc.o
       772         26          0          0          0       1720   stm32f4xx_hal_rcc_ex.o
      3734         74          0          0          0      19095   stm32f4xx_hal_sd.o
       196          0          0          0          0       2924   stm32f4xx_hal_sdram.o
       868         76          0          0          0       6710   stm32f4xx_hal_tim.o
         4          0          0          0          0       1717   stm32f4xx_hal_tim_ex.o
       180         20          0          0         72       1587   stm32f4xx_hal_timebase_tim.o
      1112         10          0          0          0       4704   stm32f4xx_hal_uart.o
        86         24          0          0          0       4809   stm32f4xx_it.o
       362          4          0          0          0       5004   stm32f4xx_ll_fmc.o
      2102         46          0          0          0      24639   stm32f4xx_ll_sdmmc.o
         0          0          0          0          0        392   stream_buffer.o
        84          0          0          0          0       3568   syscall.o
        20          6         24          4          0       1251   system_stm32f4xx.o
        18          0          0          0          0        521   task_heartbeat_led.o
       924        532          0          0          0       1243   task_peripheral_init.o
      3432        416          0         60       1220      31652   tasks.o
      1318        124          0         20        280      32951   timers.o
       192         22          0          0         72       1810   usart.o

    ----------------------------------------------------------------------
     39846       2784        756        188      69848    1265975   Object Totals
         0          0         32          0          0          0   (incl. Generated)
        52          0          2          8          2          0   (incl. Padding)

    ----------------------------------------------------------------------

      Code (inc. data)   RO Data    RW Data    ZI Data      Debug   Library Member Name

         0          0          0          0          0          0   entry.o
         0          0          0          0          0          0   entry10a.o
         0          0          0          0          0          0   entry11a.o
         4          0          0          0          0          0   entry12b.o
         8          4          0          0          0          0   entry2.o
         4          0          0          0          0          0   entry5.o
         0          0          0          0          0          0   entry7b.o
         0          0          0          0          0          0   entry8b.o
         8          4          0          0          0          0   entry9a.o
        30          0          0          0          0          0   handlers.o
        36          8          0          0          0         68   init.o
        30          0          0          0          0         68   llshl.o
        32          0          0          0          0         68   llushr.o
        36          0          0          0          0         68   memcpya.o
        36          0          0          0          0        108   memseta.o
      1142         54          0          0          0        352   printf8.o
         0          0          0          4          0          0   stdout.o
        22          0          0          0          0         68   strrchr.o
        98          0          0          0          0         92   uldiv.o

    ----------------------------------------------------------------------
      1490         70          0          4          0        892   Library Totals
         4          0          0          0          0          0   (incl. Padding)

    ----------------------------------------------------------------------

      Code (inc. data)   RO Data    RW Data    ZI Data      Debug   Library Name

      1486         70          0          4          0        892   mc_w.l

    ----------------------------------------------------------------------
      1490         70          0          4          0        892   Library Totals

    ----------------------------------------------------------------------

==============================================================================


      Code (inc. data)   RO Data    RW Data    ZI Data      Debug   

     41336       2854        756        192      69848    1235255   Grand Totals
     41336       2854        756        192      69848    1235255   ELF Image Totals
     41336       2854        756        192          0          0   ROM Totals

==============================================================================

    Total RO  Size (Code + RO Data)                42092 (  41.11kB)
    Total RW  Size (RW Data + ZI Data)             70040 (  68.40kB)
    Total ROM Size (Code + RO Data + RW Data)      42284 (  41.29kB)

==============================================================================

